Dec 16 03:17:02 COSC419-19 rsyslogd: [origin software="rsyslogd" swVersion="8.24.0" x-pid="11970" x-info="http://www.rsyslog.com"] rsyslogd was HUPed
Dec 16 03:17:02 COSC419-19 systemd: Removed slice User Slice of root.
Dec 16 03:17:02 COSC419-19 systemd: Stopping User Slice of root.
Dec 16 04:01:02 COSC419-19 systemd: Created slice User Slice of root.
Dec 16 04:01:02 COSC419-19 systemd: Starting User Slice of root.
Dec 16 04:01:02 COSC419-19 systemd: Started Session 3343 of user root.
Dec 16 04:01:02 COSC419-19 systemd: Starting Session 3343 of user root.
Dec 16 04:01:02 COSC419-19 systemd: Removed slice User Slice of root.
Dec 16 04:01:02 COSC419-19 systemd: Stopping User Slice of root.
Dec 16 05:01:01 COSC419-19 systemd: Created slice User Slice of root.
Dec 16 05:01:01 COSC419-19 systemd: Starting User Slice of root.
Dec 16 05:01:01 COSC419-19 systemd: Started Session 3344 of user root.
Dec 16 05:01:01 COSC419-19 systemd: Starting Session 3344 of user root.
Dec 16 05:01:01 COSC419-19 systemd: Removed slice User Slice of root.
Dec 16 05:01:01 COSC419-19 systemd: Stopping User Slice of root.
Dec 16 06:01:01 COSC419-19 systemd: Created slice User Slice of root.
Dec 16 06:01:01 COSC419-19 systemd: Starting User Slice of root.
Dec 16 06:01:01 COSC419-19 systemd: Started Session 3345 of user root.
Dec 16 06:01:01 COSC419-19 systemd: Starting Session 3345 of user root.
Dec 16 06:01:01 COSC419-19 systemd: Removed slice User Slice of root.
Dec 16 06:01:01 COSC419-19 systemd: Stopping User Slice of root.
Dec 16 07:01:01 COSC419-19 systemd: Created slice User Slice of root.
Dec 16 07:01:01 COSC419-19 systemd: Starting User Slice of root.
Dec 16 07:01:01 COSC419-19 systemd: Started Session 3346 of user root.
Dec 16 07:01:01 COSC419-19 systemd: Starting Session 3346 of user root.
Dec 16 07:01:01 COSC419-19 systemd: Removed slice User Slice of root.
Dec 16 07:01:01 COSC419-19 systemd: Stopping User Slice of root.
Dec 16 08:01:01 COSC419-19 systemd: Created slice User Slice of root.
Dec 16 08:01:01 COSC419-19 systemd: Starting User Slice of root.
Dec 16 08:01:01 COSC419-19 systemd: Started Session 3347 of user root.
Dec 16 08:01:01 COSC419-19 systemd: Starting Session 3347 of user root.
Dec 16 08:01:01 COSC419-19 systemd: Removed slice User Slice of root.
Dec 16 08:01:01 COSC419-19 systemd: Stopping User Slice of root.
Dec 16 09:01:01 COSC419-19 systemd: Created slice User Slice of root.
Dec 16 09:01:01 COSC419-19 systemd: Starting User Slice of root.
Dec 16 09:01:01 COSC419-19 systemd: Started Session 3348 of user root.
Dec 16 09:01:01 COSC419-19 systemd: Starting Session 3348 of user root.
Dec 16 09:01:01 COSC419-19 systemd: Removed slice User Slice of root.
Dec 16 09:01:01 COSC419-19 systemd: Stopping User Slice of root.
Dec 16 10:01:01 COSC419-19 systemd: Created slice User Slice of root.
Dec 16 10:01:01 COSC419-19 systemd: Starting User Slice of root.
Dec 16 10:01:01 COSC419-19 systemd: Started Session 3349 of user root.
Dec 16 10:01:01 COSC419-19 systemd: Starting Session 3349 of user root.
Dec 16 10:01:01 COSC419-19 systemd: Removed slice User Slice of root.
Dec 16 10:01:01 COSC419-19 systemd: Stopping User Slice of root.
Dec 16 10:53:08 COSC419-19 systemd: getty@tty1.service has no holdoff time, scheduling restart.
Dec 16 10:53:08 COSC419-19 systemd: Started Getty on tty1.
Dec 16 10:53:08 COSC419-19 systemd: Starting Getty on tty1...
Dec 16 10:53:09 COSC419-19 systemd-logind: Power key pressed.
Dec 16 10:53:09 COSC419-19 systemd-logind: Powering Off...
Dec 16 10:53:09 COSC419-19 systemd-logind: System is powering down.
Dec 16 10:53:09 COSC419-19 systemd: Stopped target rpc_pipefs.target.
Dec 16 10:53:09 COSC419-19 systemd: Stopping rpc_pipefs.target.
Dec 16 10:53:09 COSC419-19 systemd: Unmounting RPC Pipe File System...
Dec 16 10:53:09 COSC419-19 systemd: Stopped target Timers.
Dec 16 10:53:09 COSC419-19 systemd: Stopping Timers.
Dec 16 10:53:09 COSC419-19 systemd: Stopped Daily Cleanup of Temporary Directories.
Dec 16 10:53:09 COSC419-19 systemd: Stopping Daily Cleanup of Temporary Directories.
Dec 16 10:53:09 COSC419-19 systemd: Stopping containerd container runtime...
Dec 16 10:53:09 COSC419-19 systemd: Stopping Authorization Manager...
Dec 16 10:53:09 COSC419-19 systemd: Stopped Dump dmesg to /var/log/dmesg.
Dec 16 10:53:09 COSC419-19 systemd: Stopping Dump dmesg to /var/log/dmesg...
Dec 16 10:53:09 COSC419-19 systemd: Stopped target Multi-User System.
Dec 16 10:53:09 COSC419-19 systemd: Stopping Multi-User System.
Dec 16 10:53:09 COSC419-19 systemd: Stopped Execute cloud user/final scripts.
Dec 16 10:53:09 COSC419-19 systemd: Stopping Execute cloud user/final scripts...
Dec 16 10:53:09 COSC419-19 systemd: Stopping Fail2Ban Service...
Dec 16 10:54:11 COSC419-19 kernel: Initializing cgroup subsys cpuset
Dec 16 10:54:11 COSC419-19 kernel: Initializing cgroup subsys cpu
Dec 16 10:54:11 COSC419-19 kernel: Initializing cgroup subsys cpuacct
Dec 16 10:54:11 COSC419-19 kernel: Linux version 3.10.0-862.11.6.el7.x86_64 (builder@kbuilder.dev.centos.org) (gcc version 4.8.5 20150623 (Red Hat 4.8.5-28) (GCC) ) #1 SMP Tue Aug 14 21:49:04 UTC 2018
Dec 16 10:54:11 COSC419-19 kernel: Command line: BOOT_IMAGE=/boot/vmlinuz-3.10.0-862.11.6.el7.x86_64 root=UUID=5f1871e2-c19c-4f86-8d6c-04d5fda71a0a ro console=tty0 console=ttyS0,115200n8 crashkernel=auto console=ttyS0,115200 LANG=en_US.UTF-8
Dec 16 10:54:11 COSC419-19 kernel: e820: BIOS-provided physical RAM map:
Dec 16 10:54:11 COSC419-19 kernel: BIOS-e820: [mem 0x0000000000000000-0x000000000009fbff] usable
Dec 16 10:54:11 COSC419-19 kernel: BIOS-e820: [mem 0x000000000009fc00-0x000000000009ffff] reserved
Dec 16 10:54:11 COSC419-19 kernel: BIOS-e820: [mem 0x00000000000f0000-0x00000000000fffff] reserved
Dec 16 10:54:11 COSC419-19 kernel: BIOS-e820: [mem 0x0000000000100000-0x000000003fff8fff] usable
Dec 16 10:54:11 COSC419-19 kernel: BIOS-e820: [mem 0x000000003fff9000-0x000000003fffffff] reserved
Dec 16 10:54:11 COSC419-19 kernel: BIOS-e820: [mem 0x00000000feffc000-0x00000000feffffff] reserved
Dec 16 10:54:11 COSC419-19 kernel: BIOS-e820: [mem 0x00000000fffc0000-0x00000000ffffffff] reserved
Dec 16 10:54:11 COSC419-19 kernel: NX (Execute Disable) protection: active
Dec 16 10:54:11 COSC419-19 kernel: SMBIOS 2.4 present.
Dec 16 10:54:11 COSC419-19 kernel: Hypervisor detected: KVM
Dec 16 10:54:11 COSC419-19 kernel: e820: last_pfn = 0x3fff9 max_arch_pfn = 0x400000000
Dec 16 10:54:11 COSC419-19 kernel: PAT configuration [0-7]: WB  WC  UC- UC  WB  WP  UC- UC  
Dec 16 10:54:11 COSC419-19 kernel: found SMP MP-table at [mem 0x000f1280-0x000f128f] mapped at [ffffffffff200280]
Dec 16 10:54:11 COSC419-19 kernel: Using GB pages for direct mapping
Dec 16 10:54:11 COSC419-19 kernel: RAMDISK: [mem 0x33165000-0x358aafff]
Dec 16 10:54:11 COSC419-19 kernel: Early table checksum verification disabled
Dec 16 10:54:11 COSC419-19 kernel: ACPI: RSDP 00000000000f10f0 00014 (v00 BOCHS )
Dec 16 10:54:11 COSC419-19 kernel: ACPI: RSDT 000000003fffe470 00034 (v01 BOCHS  BXPCRSDT 00000001 BXPC 00000001)
Dec 16 10:54:11 COSC419-19 kernel: ACPI: FACP 000000003fffff80 00074 (v01 BOCHS  BXPCFACP 00000001 BXPC 00000001)
Dec 16 10:54:11 COSC419-19 kernel: ACPI: DSDT 000000003fffe4b0 01135 (v01 BOCHS  BXPCDSDT 00000001 BXPC 00000001)
Dec 16 10:54:11 COSC419-19 kernel: ACPI: FACS 000000003fffff40 00040
Dec 16 10:54:11 COSC419-19 kernel: ACPI: SSDT 000000003ffff720 00819 (v01 BOCHS  BXPCSSDT 00000001 BXPC 00000001)
Dec 16 10:54:11 COSC419-19 kernel: ACPI: APIC 000000003ffff630 00078 (v01 BOCHS  BXPCAPIC 00000001 BXPC 00000001)
Dec 16 10:54:11 COSC419-19 kernel: ACPI: HPET 000000003ffff5f0 00038 (v01 BOCHS  BXPCHPET 00000001 BXPC 00000001)
Dec 16 10:54:11 COSC419-19 kernel: No NUMA configuration found
Dec 16 10:54:11 COSC419-19 kernel: Faking a node at [mem 0x0000000000000000-0x000000003fff8fff]
Dec 16 10:54:11 COSC419-19 kernel: NODE_DATA(0) allocated [mem 0x3ffd2000-0x3fff8fff]
Dec 16 10:54:11 COSC419-19 kernel: crashkernel=auto resulted in zero bytes of reserved memory.
Dec 16 10:54:11 COSC419-19 kernel: kvm-clock: Using msrs 4b564d01 and 4b564d00
Dec 16 10:54:11 COSC419-19 kernel: kvm-clock: cpu 0, msr 0:3ff82001, primary cpu clock
Dec 16 10:54:11 COSC419-19 kernel: kvm-clock: using sched offset of 3177431647 cycles
Dec 16 10:54:11 COSC419-19 kernel: Zone ranges:
Dec 16 10:54:11 COSC419-19 kernel:  DMA      [mem 0x00001000-0x00ffffff]
Dec 16 10:54:11 COSC419-19 kernel:  DMA32    [mem 0x01000000-0xffffffff]
Dec 16 10:54:11 COSC419-19 kernel:  Normal   empty
Dec 16 10:54:11 COSC419-19 kernel: Movable zone start for each node
Dec 16 10:54:11 COSC419-19 kernel: Early memory node ranges
Dec 16 10:54:11 COSC419-19 kernel:  node   0: [mem 0x00001000-0x0009efff]
Dec 16 10:54:11 COSC419-19 kernel:  node   0: [mem 0x00100000-0x3fff8fff]
Dec 16 10:54:11 COSC419-19 kernel: Initmem setup node 0 [mem 0x00001000-0x3fff8fff]
Dec 16 10:54:11 COSC419-19 kernel: ACPI: PM-Timer IO Port: 0xb008
Dec 16 10:54:11 COSC419-19 kernel: ACPI: LAPIC (acpi_id[0x00] lapic_id[0x00] enabled)
Dec 16 10:54:11 COSC419-19 kernel: ACPI: LAPIC_NMI (acpi_id[0xff] dfl dfl lint[0x1])
Dec 16 10:54:11 COSC419-19 kernel: ACPI: IOAPIC (id[0x00] address[0xfec00000] gsi_base[0])
Dec 16 10:54:11 COSC419-19 kernel: IOAPIC[0]: apic_id 0, version 17, address 0xfec00000, GSI 0-23
Dec 16 10:54:11 COSC419-19 kernel: ACPI: INT_SRC_OVR (bus 0 bus_irq 0 global_irq 2 dfl dfl)
Dec 16 10:54:11 COSC419-19 kernel: ACPI: INT_SRC_OVR (bus 0 bus_irq 5 global_irq 5 high level)
Dec 16 10:54:11 COSC419-19 kernel: ACPI: INT_SRC_OVR (bus 0 bus_irq 9 global_irq 9 high level)
Dec 16 10:54:11 COSC419-19 kernel: ACPI: INT_SRC_OVR (bus 0 bus_irq 10 global_irq 10 high level)
Dec 16 10:54:11 COSC419-19 kernel: ACPI: INT_SRC_OVR (bus 0 bus_irq 11 global_irq 11 high level)
Dec 16 10:54:11 COSC419-19 kernel: Using ACPI (MADT) for SMP configuration information
Dec 16 10:54:11 COSC419-19 kernel: ACPI: HPET id: 0x8086a201 base: 0xfed00000
Dec 16 10:54:11 COSC419-19 kernel: smpboot: Allowing 1 CPUs, 0 hotplug CPUs
Dec 16 10:54:11 COSC419-19 kernel: PM: Registered nosave memory: [mem 0x0009f000-0x0009ffff]
Dec 16 10:54:11 COSC419-19 kernel: PM: Registered nosave memory: [mem 0x000a0000-0x000effff]
Dec 16 10:54:11 COSC419-19 kernel: PM: Registered nosave memory: [mem 0x000f0000-0x000fffff]
Dec 16 10:54:11 COSC419-19 kernel: e820: [mem 0x40000000-0xfeffbfff] available for PCI devices
Dec 16 10:54:11 COSC419-19 kernel: Booting paravirtualized kernel on KVM
Dec 16 10:54:11 COSC419-19 kernel: setup_percpu: NR_CPUS:5120 nr_cpumask_bits:1 nr_cpu_ids:1 nr_node_ids:1
Dec 16 10:54:11 COSC419-19 kernel: PERCPU: Embedded 35 pages/cpu @ffff89467fc00000 s104920 r8192 d30248 u2097152
Dec 16 10:54:11 COSC419-19 kernel: KVM setup async PF for cpu 0
Dec 16 10:54:11 COSC419-19 kernel: kvm-stealtime: cpu 0, msr 3fc13500
Dec 16 10:54:11 COSC419-19 kernel: PV qspinlock hash table entries: 256 (order: 0, 4096 bytes)
Dec 16 10:54:11 COSC419-19 kernel: Built 1 zonelists in Node order, mobility grouping on.  Total pages: 257922
Dec 16 10:54:11 COSC419-19 kernel: Policy zone: DMA32
Dec 16 10:54:11 COSC419-19 kernel: Kernel command line: BOOT_IMAGE=/boot/vmlinuz-3.10.0-862.11.6.el7.x86_64 root=UUID=5f1871e2-c19c-4f86-8d6c-04d5fda71a0a ro console=tty0 console=ttyS0,115200n8 crashkernel=auto console=ttyS0,115200 LANG=en_US.UTF-8
Dec 16 10:54:11 COSC419-19 kernel: PID hash table entries: 4096 (order: 3, 32768 bytes)
Dec 16 10:54:11 COSC419-19 kernel: x86/fpu: xstate_offset[2]: 0240, xstate_sizes[2]: 0100
Dec 16 10:54:11 COSC419-19 kernel: xsave: enabled xstate_bv 0x7, cntxt size 0x340 using standard form
Dec 16 10:54:11 COSC419-19 kernel: Memory: 971928k/1048548k available (7348k kernel code, 392k absent, 76228k reserved, 6281k data, 1836k init)
Dec 16 10:54:11 COSC419-19 kernel: SLUB: HWalign=64, Order=0-3, MinObjects=0, CPUs=1, Nodes=1
Dec 16 10:54:11 COSC419-19 kernel: x86/pti: Unmapping kernel while in userspace
Dec 16 10:54:11 COSC419-19 kernel: Hierarchical RCU implementation.
Dec 16 10:54:11 COSC419-19 kernel: #011RCU restricting CPUs from NR_CPUS=5120 to nr_cpu_ids=1.
Dec 16 10:54:11 COSC419-19 kernel: NR_IRQS:327936 nr_irqs:256 0
Dec 16 10:54:11 COSC419-19 kernel: Console: colour VGA+ 80x25
Dec 16 10:54:11 COSC419-19 kernel: console [tty0] enabled
Dec 16 10:54:11 COSC419-19 kernel: console [ttyS0] enabled
Dec 16 10:54:11 COSC419-19 kernel: allocated 4194304 bytes of page_cgroup
Dec 16 10:54:11 COSC419-19 kernel: please try 'cgroup_disable=memory' option if you don't want memory cgroups
Dec 16 10:54:11 COSC419-19 kernel: tsc: Detected 1797.917 MHz processor
Dec 16 10:54:11 COSC419-19 kernel: Calibrating delay loop (skipped) preset value.. 3595.83 BogoMIPS (lpj=1797917)
Dec 16 10:54:11 COSC419-19 kernel: pid_max: default: 32768 minimum: 301
Dec 16 10:54:11 COSC419-19 kernel: Security Framework initialized
Dec 16 10:54:11 COSC419-19 kernel: SELinux:  Initializing.
Dec 16 10:54:11 COSC419-19 kernel: Yama: becoming mindful.
Dec 16 10:54:11 COSC419-19 kernel: Dentry cache hash table entries: 131072 (order: 8, 1048576 bytes)
Dec 16 10:54:11 COSC419-19 kernel: Inode-cache hash table entries: 65536 (order: 7, 524288 bytes)
Dec 16 10:54:11 COSC419-19 kernel: Mount-cache hash table entries: 2048 (order: 2, 16384 bytes)
Dec 16 10:54:11 COSC419-19 kernel: Mountpoint-cache hash table entries: 2048 (order: 2, 16384 bytes)
Dec 16 10:54:11 COSC419-19 kernel: Initializing cgroup subsys memory
Dec 16 10:54:11 COSC419-19 kernel: Initializing cgroup subsys devices
Dec 16 10:54:11 COSC419-19 kernel: Initializing cgroup subsys freezer
Dec 16 10:54:11 COSC419-19 kernel: Initializing cgroup subsys net_cls
Dec 16 10:54:11 COSC419-19 kernel: Initializing cgroup subsys blkio
Dec 16 10:54:11 COSC419-19 kernel: Initializing cgroup subsys perf_event
Dec 16 10:54:11 COSC419-19 kernel: Initializing cgroup subsys hugetlb
Dec 16 10:54:11 COSC419-19 kernel: Initializing cgroup subsys pids
Dec 16 10:54:11 COSC419-19 kernel: Initializing cgroup subsys net_prio
Dec 16 10:54:11 COSC419-19 kernel: mce: CPU supports 10 MCE banks
Dec 16 10:54:11 COSC419-19 kernel: Last level iTLB entries: 4KB 0, 2MB 0, 4MB 0
Dec 16 10:54:11 COSC419-19 kernel: Last level dTLB entries: 4KB 64, 2MB 0, 4MB 0
Dec 16 10:54:11 COSC419-19 kernel: tlb_flushall_shift: 6
Dec 16 10:54:11 COSC419-19 kernel: Speculative Store Bypass: Vulnerable
Dec 16 10:54:11 COSC419-19 kernel: FEATURE SPEC_CTRL Not Present
Dec 16 10:54:11 COSC419-19 kernel: FEATURE IBPB_SUPPORT Not Present
Dec 16 10:54:11 COSC419-19 kernel: Spectre V2 : Vulnerable: Retpoline without IBPB
Dec 16 10:54:11 COSC419-19 kernel: Freeing SMP alternatives: 24k freed
Dec 16 10:54:11 COSC419-19 kernel: ACPI: Core revision 20130517
Dec 16 10:54:11 COSC419-19 kernel: ACPI: All ACPI Tables successfully acquired
Dec 16 10:54:11 COSC419-19 kernel: ftrace: allocating 28097 entries in 110 pages
Dec 16 10:54:11 COSC419-19 kernel: Enabling x2apic
Dec 16 10:54:11 COSC419-19 kernel: Enabled x2apic
Dec 16 10:54:11 COSC419-19 kernel: Switched APIC routing to physical x2apic.
Dec 16 10:54:11 COSC419-19 kernel: ..TIMER: vector=0x30 apic1=0 pin1=2 apic2=-1 pin2=-1
Dec 16 10:54:11 COSC419-19 kernel: smpboot: CPU0: Intel(R) Xeon(R) CPU E5-2650L v3 @ 1.80GHz (fam: 06, model: 3f, stepping: 02)
Dec 16 10:54:11 COSC419-19 kernel: Performance Events: 16-deep LBR, Haswell events, Intel PMU driver.
Dec 16 10:54:11 COSC419-19 kernel: ... version:                2
Dec 16 10:54:11 COSC419-19 kernel: ... bit width:              48
Dec 16 10:54:11 COSC419-19 kernel: ... generic registers:      4
Dec 16 10:54:11 COSC419-19 kernel: ... value mask:             0000ffffffffffff
Dec 16 10:54:11 COSC419-19 kernel: ... max period:             000000007fffffff
Dec 16 10:54:11 COSC419-19 kernel: ... fixed-purpose events:   3
Dec 16 10:54:11 COSC419-19 kernel: ... event mask:             000000070000000f
Dec 16 10:54:11 COSC419-19 kernel: KVM setup paravirtual spinlock
Dec 16 10:54:11 COSC419-19 kernel: Brought up 1 CPUs
Dec 16 10:54:11 COSC419-19 kernel: smpboot: Max logical packages: 1
Dec 16 10:54:11 COSC419-19 kernel: smpboot: Total of 1 processors activated (3595.83 BogoMIPS)
Dec 16 10:54:11 COSC419-19 kernel: devtmpfs: initialized
Dec 16 10:54:11 COSC419-19 kernel: EVM: security.selinux
Dec 16 10:54:11 COSC419-19 kernel: EVM: security.ima
Dec 16 10:54:11 COSC419-19 kernel: EVM: security.capability
Dec 16 10:54:11 COSC419-19 kernel: atomic64 test passed for x86-64 platform with CX8 and with SSE
Dec 16 10:54:11 COSC419-19 kernel: pinctrl core: initialized pinctrl subsystem
Dec 16 10:54:11 COSC419-19 kernel: RTC time: 10:54:10, date: 12/16/18
Dec 16 10:54:11 COSC419-19 kernel: NET: Registered protocol family 16
Dec 16 10:54:11 COSC419-19 kernel: ACPI: bus type PCI registered
Dec 16 10:54:11 COSC419-19 kernel: acpiphp: ACPI Hot Plug PCI Controller Driver version: 0.5
Dec 16 10:54:11 COSC419-19 kernel: PCI: Using configuration type 1 for base access
Dec 16 10:54:11 COSC419-19 kernel: core: PMU erratum BJ122, BV98, HSD29 workaround disabled, HT off
Dec 16 10:54:11 COSC419-19 kernel: ACPI: Added _OSI(Module Device)
Dec 16 10:54:11 COSC419-19 kernel: ACPI: Added _OSI(Processor Device)
Dec 16 10:54:11 COSC419-19 kernel: ACPI: Added _OSI(3.0 _SCP Extensions)
Dec 16 10:54:11 COSC419-19 kernel: ACPI: Added _OSI(Processor Aggregator Device)
Dec 16 10:54:11 COSC419-19 kernel: ACPI: Added _OSI(Linux-Dell-Video)
Dec 16 10:54:11 COSC419-19 kernel: ACPI: Interpreter enabled
Dec 16 10:54:11 COSC419-19 kernel: ACPI: (supports S0 S3 S4 S5)
Dec 16 10:54:11 COSC419-19 kernel: ACPI: Using IOAPIC for interrupt routing
Dec 16 10:54:11 COSC419-19 kernel: PCI: Using host bridge windows from ACPI; if necessary, use "pci=nocrs" and report a bug
Dec 16 10:54:11 COSC419-19 kernel: ACPI: Enabled 16 GPEs in block 00 to 0F
Dec 16 10:54:11 COSC419-19 kernel: ACPI: PCI Root Bridge [PCI0] (domain 0000 [bus 00-ff])
Dec 16 10:54:11 COSC419-19 kernel: acpi PNP0A03:00: _OSC: OS supports [ASPM ClockPM Segments MSI]
Dec 16 10:54:11 COSC419-19 kernel: acpi PNP0A03:00: _OSC failed (AE_NOT_FOUND); disabling ASPM
Dec 16 10:54:11 COSC419-19 kernel: acpi PNP0A03:00: fail to add MMCONFIG information, can't access extended PCI configuration space under this bridge.
Dec 16 10:54:11 COSC419-19 kernel: acpiphp: Slot [3] registered
Dec 16 10:54:11 COSC419-19 kernel: acpiphp: Slot [4] registered
Dec 16 10:54:11 COSC419-19 kernel: acpiphp: Slot [5] registered
Dec 16 10:54:11 COSC419-19 kernel: acpiphp: Slot [6] registered
Dec 16 10:54:11 COSC419-19 kernel: acpiphp: Slot [7] registered
Dec 16 10:54:11 COSC419-19 kernel: acpiphp: Slot [8] registered
Dec 16 10:54:11 COSC419-19 kernel: acpiphp: Slot [9] registered
Dec 16 10:54:11 COSC419-19 kernel: acpiphp: Slot [10] registered
Dec 16 10:54:11 COSC419-19 kernel: acpiphp: Slot [11] registered
Dec 16 10:54:11 COSC419-19 kernel: acpiphp: Slot [12] registered
Dec 16 10:54:11 COSC419-19 kernel: acpiphp: Slot [13] registered
Dec 16 10:54:11 COSC419-19 kernel: acpiphp: Slot [14] registered
Dec 16 10:54:11 COSC419-19 kernel: acpiphp: Slot [15] registered
Dec 16 10:54:11 COSC419-19 kernel: acpiphp: Slot [16] registered
Dec 16 10:54:11 COSC419-19 kernel: acpiphp: Slot [17] registered
Dec 16 10:54:11 COSC419-19 kernel: acpiphp: Slot [18] registered
Dec 16 10:54:11 COSC419-19 kernel: acpiphp: Slot [19] registered
Dec 16 10:54:11 COSC419-19 kernel: acpiphp: Slot [20] registered
Dec 16 10:54:11 COSC419-19 kernel: acpiphp: Slot [21] registered
Dec 16 10:54:11 COSC419-19 kernel: acpiphp: Slot [22] registered
Dec 16 10:54:11 COSC419-19 kernel: acpiphp: Slot [23] registered
Dec 16 10:54:11 COSC419-19 kernel: acpiphp: Slot [24] registered
Dec 16 10:54:11 COSC419-19 kernel: acpiphp: Slot [25] registered
Dec 16 10:54:11 COSC419-19 kernel: acpiphp: Slot [26] registered
Dec 16 10:54:11 COSC419-19 kernel: acpiphp: Slot [27] registered
Dec 16 10:54:11 COSC419-19 kernel: acpiphp: Slot [28] registered
Dec 16 10:54:11 COSC419-19 kernel: acpiphp: Slot [29] registered
Dec 16 10:54:11 COSC419-19 kernel: acpiphp: Slot [30] registered
Dec 16 10:54:11 COSC419-19 kernel: acpiphp: Slot [31] registered
Dec 16 10:54:11 COSC419-19 kernel: PCI host bridge to bus 0000:00
Dec 16 10:54:11 COSC419-19 kernel: pci_bus 0000:00: root bus resource [bus 00-ff]
Dec 16 10:54:11 COSC419-19 kernel: pci_bus 0000:00: root bus resource [io  0x0000-0x0cf7 window]
Dec 16 10:54:11 COSC419-19 kernel: pci_bus 0000:00: root bus resource [io  0x0d00-0xffff window]
Dec 16 10:54:11 COSC419-19 kernel: pci_bus 0000:00: root bus resource [mem 0x000a0000-0x000bffff window]
Dec 16 10:54:11 COSC419-19 kernel: pci_bus 0000:00: root bus resource [mem 0x80000000-0xfebfffff window]
Dec 16 10:54:11 COSC419-19 kernel: pci 0000:00:01.1: legacy IDE quirk: reg 0x10: [io  0x01f0-0x01f7]
Dec 16 10:54:11 COSC419-19 kernel: pci 0000:00:01.1: legacy IDE quirk: reg 0x14: [io  0x03f6]
Dec 16 10:54:11 COSC419-19 kernel: pci 0000:00:01.1: legacy IDE quirk: reg 0x18: [io  0x0170-0x0177]
Dec 16 10:54:11 COSC419-19 kernel: pci 0000:00:01.1: legacy IDE quirk: reg 0x1c: [io  0x0376]
Dec 16 10:54:11 COSC419-19 kernel: pci 0000:00:01.3: quirk: [io  0xb000-0xb03f] claimed by PIIX4 ACPI
Dec 16 10:54:11 COSC419-19 kernel: pci 0000:00:01.3: quirk: [io  0xb100-0xb10f] claimed by PIIX4 SMB
Dec 16 10:54:11 COSC419-19 kernel: ACPI: PCI Interrupt Link [LNKA] (IRQs 5 *10 11)
Dec 16 10:54:11 COSC419-19 kernel: ACPI: PCI Interrupt Link [LNKB] (IRQs 5 *10 11)
Dec 16 10:54:11 COSC419-19 kernel: ACPI: PCI Interrupt Link [LNKC] (IRQs 5 10 *11)
Dec 16 10:54:11 COSC419-19 kernel: ACPI: PCI Interrupt Link [LNKD] (IRQs 5 10 *11)
Dec 16 10:54:11 COSC419-19 kernel: ACPI: PCI Interrupt Link [LNKS] (IRQs *9)
Dec 16 10:54:11 COSC419-19 kernel: vgaarb: device added: PCI:0000:00:02.0,decodes=io+mem,owns=io+mem,locks=none
Dec 16 10:54:11 COSC419-19 kernel: vgaarb: loaded
Dec 16 10:54:11 COSC419-19 kernel: vgaarb: bridge control possible 0000:00:02.0
Dec 16 10:54:11 COSC419-19 kernel: SCSI subsystem initialized
Dec 16 10:54:11 COSC419-19 kernel: ACPI: bus type USB registered
Dec 16 10:54:11 COSC419-19 kernel: usbcore: registered new interface driver usbfs
Dec 16 10:54:11 COSC419-19 kernel: usbcore: registered new interface driver hub
Dec 16 10:54:11 COSC419-19 kernel: usbcore: registered new device driver usb
Dec 16 10:54:11 COSC419-19 kernel: EDAC MC: Ver: 3.0.0
Dec 16 10:54:11 COSC419-19 kernel: PCI: Using ACPI for IRQ routing
Dec 16 10:54:11 COSC419-19 kernel: NetLabel: Initializing
Dec 16 10:54:11 COSC419-19 kernel: NetLabel:  domain hash size = 128
Dec 16 10:54:11 COSC419-19 kernel: NetLabel:  protocols = UNLABELED CIPSOv4
Dec 16 10:54:11 COSC419-19 kernel: NetLabel:  unlabeled traffic allowed by default
Dec 16 10:54:11 COSC419-19 kernel: HPET: 3 timers in total, 0 timers will be used for per-cpu timer
Dec 16 10:54:11 COSC419-19 kernel: hpet0: at MMIO 0xfed00000, IRQs 2, 8, 0
Dec 16 10:54:11 COSC419-19 kernel: hpet0: 3 comparators, 64-bit 100.000000 MHz counter
Dec 16 10:54:11 COSC419-19 kernel: amd_nb: Cannot enumerate AMD northbridges
Dec 16 10:54:11 COSC419-19 kernel: Switched to clocksource kvm-clock
Dec 16 10:54:11 COSC419-19 kernel: pnp: PnP ACPI init
Dec 16 10:54:11 COSC419-19 kernel: ACPI: bus type PNP registered
Dec 16 10:54:11 COSC419-19 kernel: pnp: PnP ACPI: found 5 devices
Dec 16 10:54:11 COSC419-19 kernel: ACPI: bus type PNP unregistered
Dec 16 10:54:11 COSC419-19 kernel: NET: Registered protocol family 2
Dec 16 10:54:11 COSC419-19 kernel: TCP established hash table entries: 8192 (order: 4, 65536 bytes)
Dec 16 10:54:11 COSC419-19 kernel: TCP bind hash table entries: 8192 (order: 5, 131072 bytes)
Dec 16 10:54:11 COSC419-19 kernel: TCP: Hash tables configured (established 8192 bind 8192)
Dec 16 10:54:11 COSC419-19 kernel: TCP: reno registered
Dec 16 10:54:11 COSC419-19 kernel: UDP hash table entries: 512 (order: 2, 16384 bytes)
Dec 16 10:54:11 COSC419-19 kernel: UDP-Lite hash table entries: 512 (order: 2, 16384 bytes)
Dec 16 10:54:11 COSC419-19 kernel: NET: Registered protocol family 1
Dec 16 10:54:11 COSC419-19 kernel: pci 0000:00:00.0: Limiting direct PCI/PCI transfers
Dec 16 10:54:11 COSC419-19 kernel: pci 0000:00:01.0: PIIX3: Enabling Passive Release
Dec 16 10:54:11 COSC419-19 kernel: pci 0000:00:01.0: Activating ISA DMA hang workarounds
Dec 16 10:54:11 COSC419-19 kernel: ACPI: PCI Interrupt Link [LNKD] enabled at IRQ 11
Dec 16 10:54:11 COSC419-19 kernel: Unpacking initramfs...
Dec 16 10:54:11 COSC419-19 kernel: Freeing initrd memory: 40216k freed
Dec 16 10:54:11 COSC419-19 kernel: sha1_ssse3: Using AVX2 optimized SHA-1 implementation
Dec 16 10:54:11 COSC419-19 kernel: sha256_ssse3: Using AVX2 optimized SHA-256 implementation
Dec 16 10:54:11 COSC419-19 kernel: futex hash table entries: 256 (order: 2, 16384 bytes)
Dec 16 10:54:11 COSC419-19 kernel: Initialise system trusted keyring
Dec 16 10:54:11 COSC419-19 kernel: audit: initializing netlink socket (disabled)
Dec 16 10:54:11 COSC419-19 kernel: type=2000 audit(1544957650.800:1): initialized
Dec 16 10:54:11 COSC419-19 kernel: HugeTLB registered 1 GB page size, pre-allocated 0 pages
Dec 16 10:54:11 COSC419-19 kernel: HugeTLB registered 2 MB page size, pre-allocated 0 pages
Dec 16 10:54:11 COSC419-19 kernel: zpool: loaded
Dec 16 10:54:11 COSC419-19 kernel: zbud: loaded
Dec 16 10:54:11 COSC419-19 kernel: VFS: Disk quotas dquot_6.5.2
Dec 16 10:54:11 COSC419-19 kernel: Dquot-cache hash table entries: 512 (order 0, 4096 bytes)
Dec 16 10:54:11 COSC419-19 kernel: msgmni has been set to 1976
Dec 16 10:54:11 COSC419-19 kernel: Key type big_key registered
Dec 16 10:54:11 COSC419-19 kernel: NET: Registered protocol family 38
Dec 16 10:54:11 COSC419-19 kernel: Key type asymmetric registered
Dec 16 10:54:11 COSC419-19 kernel: Asymmetric key parser 'x509' registered
Dec 16 10:54:11 COSC419-19 kernel: Block layer SCSI generic (bsg) driver version 0.4 loaded (major 248)
Dec 16 10:54:11 COSC419-19 kernel: io scheduler noop registered
Dec 16 10:54:11 COSC419-19 kernel: io scheduler deadline registered (default)
Dec 16 10:54:11 COSC419-19 kernel: io scheduler cfq registered
Dec 16 10:54:11 COSC419-19 kernel: io scheduler mq-deadline registered
Dec 16 10:54:11 COSC419-19 kernel: io scheduler kyber registered
Dec 16 10:54:11 COSC419-19 kernel: pci_hotplug: PCI Hot Plug PCI Core version: 0.5
Dec 16 10:54:11 COSC419-19 kernel: pciehp: PCI Express Hot Plug Controller Driver version: 0.4
Dec 16 10:54:11 COSC419-19 kernel: input: Power Button as /devices/LNXSYSTM:00/LNXPWRBN:00/input/input0
Dec 16 10:54:11 COSC419-19 kernel: ACPI: Power Button [PWRF]
Dec 16 10:54:11 COSC419-19 kernel: GHES: HEST is not enabled!
Dec 16 10:54:11 COSC419-19 kernel: Serial: 8250/16550 driver, 4 ports, IRQ sharing enabled
Dec 16 10:54:11 COSC419-19 kernel: 00:04: ttyS0 at I/O 0x3f8 (irq = 4) is a 16550A
Dec 16 10:54:11 COSC419-19 kernel: Non-volatile memory driver v1.3
Dec 16 10:54:11 COSC419-19 kernel: Linux agpgart interface v0.103
Dec 16 10:54:11 COSC419-19 kernel: crash memory driver: version 1.1
Dec 16 10:54:11 COSC419-19 kernel: rdac: device handler registered
Dec 16 10:54:11 COSC419-19 kernel: hp_sw: device handler registered
Dec 16 10:54:11 COSC419-19 kernel: emc: device handler registered
Dec 16 10:54:11 COSC419-19 kernel: alua: device handler registered
Dec 16 10:54:11 COSC419-19 kernel: libphy: Fixed MDIO Bus: probed
Dec 16 10:54:11 COSC419-19 kernel: ehci_hcd: USB 2.0 'Enhanced' Host Controller (EHCI) Driver
Dec 16 10:54:11 COSC419-19 kernel: ehci-pci: EHCI PCI platform driver
Dec 16 10:54:11 COSC419-19 kernel: ohci_hcd: USB 1.1 'Open' Host Controller (OHCI) Driver
Dec 16 10:54:11 COSC419-19 kernel: ohci-pci: OHCI PCI platform driver
Dec 16 10:54:11 COSC419-19 kernel: uhci_hcd: USB Universal Host Controller Interface driver
Dec 16 10:54:11 COSC419-19 kernel: uhci_hcd 0000:00:01.2: UHCI Host Controller
Dec 16 10:54:11 COSC419-19 kernel: uhci_hcd 0000:00:01.2: new USB bus registered, assigned bus number 1
Dec 16 10:54:11 COSC419-19 kernel: uhci_hcd 0000:00:01.2: detected 2 ports
Dec 16 10:54:11 COSC419-19 kernel: uhci_hcd 0000:00:01.2: irq 11, io base 0x0000c0c0
Dec 16 10:54:11 COSC419-19 kernel: usb usb1: New USB device found, idVendor=1d6b, idProduct=0001
Dec 16 10:54:11 COSC419-19 kernel: usb usb1: New USB device strings: Mfr=3, Product=2, SerialNumber=1
Dec 16 10:54:11 COSC419-19 kernel: usb usb1: Product: UHCI Host Controller
Dec 16 10:54:11 COSC419-19 kernel: usb usb1: Manufacturer: Linux 3.10.0-862.11.6.el7.x86_64 uhci_hcd
Dec 16 10:54:11 COSC419-19 kernel: usb usb1: SerialNumber: 0000:00:01.2
Dec 16 10:54:11 COSC419-19 kernel: hub 1-0:1.0: USB hub found
Dec 16 10:54:11 COSC419-19 kernel: hub 1-0:1.0: 2 ports detected
Dec 16 10:54:11 COSC419-19 kernel: usbcore: registered new interface driver usbserial
Dec 16 10:54:11 COSC419-19 kernel: usbcore: registered new interface driver usbserial_generic
Dec 16 10:54:11 COSC419-19 kernel: usbserial: USB Serial support registered for generic
Dec 16 10:54:11 COSC419-19 kernel: i8042: PNP: PS/2 Controller [PNP0303:KBD,PNP0f13:MOU] at 0x60,0x64 irq 1,12
Dec 16 10:54:11 COSC419-19 kernel: serio: i8042 KBD port at 0x60,0x64 irq 1
Dec 16 10:54:11 COSC419-19 kernel: serio: i8042 AUX port at 0x60,0x64 irq 12
Dec 16 10:54:11 COSC419-19 kernel: mousedev: PS/2 mouse device common for all mice
Dec 16 10:54:11 COSC419-19 kernel: input: AT Translated Set 2 keyboard as /devices/platform/i8042/serio0/input/input1
Dec 16 10:54:11 COSC419-19 kernel: rtc_cmos 00:00: RTC can wake from S4
Dec 16 10:54:11 COSC419-19 kernel: rtc_cmos 00:00: rtc core: registered rtc_cmos as rtc0
Dec 16 10:54:11 COSC419-19 kernel: input: VirtualPS/2 VMware VMMouse as /devices/platform/i8042/serio1/input/input2
Dec 16 10:54:11 COSC419-19 kernel: rtc_cmos 00:00: alarms up to one day, 114 bytes nvram, hpet irqs
Dec 16 10:54:11 COSC419-19 kernel: cpuidle: using governor menu
Dec 16 10:54:11 COSC419-19 kernel: input: VirtualPS/2 VMware VMMouse as /devices/platform/i8042/serio1/input/input3
Dec 16 10:54:11 COSC419-19 kernel: hidraw: raw HID events driver (C) Jiri Kosina
Dec 16 10:54:11 COSC419-19 kernel: usbcore: registered new interface driver usbhid
Dec 16 10:54:11 COSC419-19 kernel: usbhid: USB HID core driver
Dec 16 10:54:11 COSC419-19 kernel: drop_monitor: Initializing network drop monitor service
Dec 16 10:54:11 COSC419-19 kernel: TCP: cubic registered
Dec 16 10:54:11 COSC419-19 kernel: Initializing XFRM netlink socket
Dec 16 10:54:11 COSC419-19 kernel: NET: Registered protocol family 10
Dec 16 10:54:11 COSC419-19 kernel: NET: Registered protocol family 17
Dec 16 10:54:11 COSC419-19 kernel: mpls_gso: MPLS GSO support
Dec 16 10:54:11 COSC419-19 kernel: microcode: sig=0x306f2, pf=0x1, revision=0x1
Dec 16 10:54:11 COSC419-19 kernel: microcode: Microcode Update Driver: v2.01 <tigran@aivazian.fsnet.co.uk>, Peter Oruba
Dec 16 10:54:11 COSC419-19 kernel: Loading compiled-in X.509 certificates
Dec 16 10:54:11 COSC419-19 kernel: Loaded X.509 cert 'CentOS Linux kpatch signing key: ea0413152cde1d98ebdca3fe6f0230904c9ef717'
Dec 16 10:54:11 COSC419-19 kernel: Loaded X.509 cert 'CentOS Linux Driver update signing key: 7f421ee0ab69461574bb358861dbe77762a4201b'
Dec 16 10:54:11 COSC419-19 kernel: Loaded X.509 cert 'CentOS Linux kernel signing key: d4115f110055db56c8d605ab752173cfb1ac54d8'
Dec 16 10:54:11 COSC419-19 kernel: registered taskstats version 1
Dec 16 10:54:11 COSC419-19 kernel: Key type trusted registered
Dec 16 10:54:11 COSC419-19 kernel: Key type encrypted registered
Dec 16 10:54:11 COSC419-19 kernel: IMA: No TPM chip found, activating TPM-bypass! (rc=-19)
Dec 16 10:54:11 COSC419-19 kernel:  Magic number: 14:190:932
Dec 16 10:54:11 COSC419-19 kernel: rtc_cmos 00:00: setting system clock to 2018-12-16 10:54:11 UTC (1544957651)
Dec 16 10:54:11 COSC419-19 kernel: Freeing unused kernel memory: 1836k freed
Dec 16 10:54:11 COSC419-19 kernel: Write protecting the kernel read-only data: 12288k
Dec 16 10:54:11 COSC419-19 kernel: Freeing unused kernel memory: 832k freed
Dec 16 10:54:11 COSC419-19 kernel: Freeing unused kernel memory: 676k freed
Dec 16 10:54:11 COSC419-19 kernel: random: systemd: uninitialized urandom read (16 bytes read)
Dec 16 10:54:11 COSC419-19 kernel: random: systemd: uninitialized urandom read (16 bytes read)
Dec 16 10:54:11 COSC419-19 kernel: random: systemd: uninitialized urandom read (16 bytes read)
Dec 16 10:54:11 COSC419-19 systemd[1]: systemd 219 running in system mode. (+PAM +AUDIT +SELINUX +IMA -APPARMOR +SMACK +SYSVINIT +UTMP +LIBCRYPTSETUP +GCRYPT +GNUTLS +ACL +XZ +LZ4 -SECCOMP +BLKID +ELFUTILS +KMOD +IDN)
Dec 16 10:54:11 COSC419-19 systemd[1]: Detected virtualization kvm.
Dec 16 10:54:11 COSC419-19 systemd[1]: Detected architecture x86-64.
Dec 16 10:54:11 COSC419-19 systemd[1]: Running in initial RAM disk.
Dec 16 10:54:11 COSC419-19 systemd[1]: No hostname configured.
Dec 16 10:54:11 COSC419-19 systemd[1]: Set hostname to <localhost>.
Dec 16 10:54:11 COSC419-19 systemd[1]: Initializing machine ID from KVM UUID.
Dec 16 10:54:11 COSC419-19 kernel: random: systemd: uninitialized urandom read (16 bytes read)
Dec 16 10:54:11 COSC419-19 kernel: random: systemd: uninitialized urandom read (16 bytes read)
Dec 16 10:54:11 COSC419-19 kernel: random: systemd: uninitialized urandom read (16 bytes read)
Dec 16 10:54:11 COSC419-19 kernel: random: systemd: uninitialized urandom read (16 bytes read)
Dec 16 10:54:11 COSC419-19 kernel: random: systemd: uninitialized urandom read (16 bytes read)
Dec 16 10:54:11 COSC419-19 kernel: random: systemd: uninitialized urandom read (16 bytes read)
Dec 16 10:54:11 COSC419-19 kernel: random: systemd: uninitialized urandom read (16 bytes read)
Dec 16 10:54:11 COSC419-19 systemd[1]: Created slice Root Slice.
Dec 16 10:54:11 COSC419-19 systemd[1]: Starting Root Slice.
Dec 16 10:54:11 COSC419-19 systemd[1]: Listening on udev Control Socket.
Dec 16 10:54:11 COSC419-19 systemd[1]: Starting udev Control Socket.
Dec 16 10:54:11 COSC419-19 systemd[1]: Started Dispatch Password Requests to Console Directory Watch.
Dec 16 10:54:11 COSC419-19 systemd[1]: Starting Dispatch Password Requests to Console Directory Watch.
Dec 16 10:54:11 COSC419-19 systemd[1]: Reached target Timers.
Dec 16 10:54:11 COSC419-19 systemd[1]: Starting Timers.
Dec 16 10:54:11 COSC419-19 systemd[1]: Created slice System Slice.
Dec 16 10:54:11 COSC419-19 systemd[1]: Starting System Slice.
Dec 16 10:54:11 COSC419-19 systemd[1]: Reached target Slices.
Dec 16 10:54:11 COSC419-19 systemd[1]: Starting Slices.
Dec 16 10:54:11 COSC419-19 systemd[1]: Reached target Swap.
Dec 16 10:54:11 COSC419-19 systemd[1]: Starting Swap.
Dec 16 10:54:11 COSC419-19 systemd[1]: Listening on Journal Socket.
Dec 16 10:54:11 COSC419-19 systemd[1]: Starting Journal Socket.
Dec 16 10:54:11 COSC419-19 systemd[1]: Starting dracut cmdline hook...
Dec 16 10:54:11 COSC419-19 systemd[1]: Listening on udev Kernel Socket.
Dec 16 10:54:11 COSC419-19 systemd[1]: Starting udev Kernel Socket.
Dec 16 10:54:11 COSC419-19 systemd[1]: Reached target Sockets.
Dec 16 10:54:11 COSC419-19 systemd[1]: Starting Sockets.
Dec 16 10:54:11 COSC419-19 systemd[1]: Reached target Local File Systems.
Dec 16 10:54:11 COSC419-19 systemd[1]: Starting Local File Systems.
Dec 16 10:54:11 COSC419-19 systemd[1]: Starting Create list of required static device nodes for the current kernel...
Dec 16 10:54:11 COSC419-19 systemd[1]: Reached target Paths.
Dec 16 10:54:11 COSC419-19 systemd[1]: Starting Paths.
Dec 16 10:54:11 COSC419-19 systemd[1]: Starting Apply Kernel Variables...
Dec 16 10:54:11 COSC419-19 systemd[1]: Starting Journal Service...
Dec 16 10:54:11 COSC419-19 systemd[1]: Started Create list of required static device nodes for the current kernel.
Dec 16 10:54:11 COSC419-19 journal: Journal started
Dec 16 10:54:11 COSC419-19 systemd[1]: Started Apply Kernel Variables.
Dec 16 10:54:11 COSC419-19 systemd[1]: Started Journal Service.
Dec 16 10:54:11 COSC419-19 systemd: Starting Create Static Device Nodes in /dev...
Dec 16 10:54:11 COSC419-19 systemd: Started Create Static Device Nodes in /dev.
Dec 16 10:54:11 COSC419-19 kernel: random: fast init done
Dec 16 10:54:11 COSC419-19 systemd: Started dracut cmdline hook.
Dec 16 10:54:11 COSC419-19 systemd: Starting dracut pre-udev hook...
Dec 16 10:54:12 COSC419-19 kernel: RPC: Registered named UNIX socket transport module.
Dec 16 10:54:12 COSC419-19 kernel: RPC: Registered udp transport module.
Dec 16 10:54:12 COSC419-19 kernel: RPC: Registered tcp transport module.
Dec 16 10:54:12 COSC419-19 kernel: RPC: Registered tcp NFSv4.1 backchannel transport module.
Dec 16 10:54:12 COSC419-19 kernel: tsc: Refined TSC clocksource calibration: 1797.927 MHz
Dec 16 10:54:12 COSC419-19 rpc.statd[198]: Version 1.3.0 starting
Dec 16 10:54:12 COSC419-19 rpc.statd[198]: Initializing NSM state
Dec 16 10:54:12 COSC419-19 rpc.statd[198]: Running as root.  chown /var/lib/nfs/statd to choose different user
Dec 16 10:54:12 COSC419-19 systemd: Started dracut pre-udev hook.
Dec 16 10:54:12 COSC419-19 systemd: Starting udev Kernel Device Manager...
Dec 16 10:54:12 COSC419-19 systemd-udevd: starting version 219
Dec 16 10:54:12 COSC419-19 systemd: Started udev Kernel Device Manager.
Dec 16 10:54:12 COSC419-19 systemd: Starting dracut pre-trigger hook...
Dec 16 10:54:12 COSC419-19 systemd: Started dracut pre-trigger hook.
Dec 16 10:54:12 COSC419-19 systemd: Starting udev Coldplug all Devices...
Dec 16 10:54:12 COSC419-19 systemd: Mounting Configuration File System...
Dec 16 10:54:12 COSC419-19 systemd: Mounted Configuration File System.
Dec 16 10:54:12 COSC419-19 systemd: Started udev Coldplug all Devices.
Dec 16 10:54:12 COSC419-19 systemd: Starting dracut initqueue hook...
Dec 16 10:54:12 COSC419-19 kernel: ACPI: PCI Interrupt Link [LNKC] enabled at IRQ 10
Dec 16 10:54:12 COSC419-19 kernel: FDC 0 is a S82078B
Dec 16 10:54:12 COSC419-19 kernel: virtio-pci 0000:00:03.0: virtio_pci: leaving for legacy driver
Dec 16 10:54:12 COSC419-19 systemd: Reached target System Initialization.
Dec 16 10:54:12 COSC419-19 systemd: Starting System Initialization.
Dec 16 10:54:12 COSC419-19 kernel: virtio-pci 0000:00:04.0: virtio_pci: leaving for legacy driver
Dec 16 10:54:12 COSC419-19 systemd: Reached target Basic System.
Dec 16 10:54:12 COSC419-19 systemd: Starting Basic System.
Dec 16 10:54:12 COSC419-19 kernel: ACPI: PCI Interrupt Link [LNKA] enabled at IRQ 10
Dec 16 10:54:12 COSC419-19 kernel: virtio-pci 0000:00:05.0: virtio_pci: leaving for legacy driver
Dec 16 10:54:12 COSC419-19 kernel: ACPI: PCI Interrupt Link [LNKB] enabled at IRQ 11
Dec 16 10:54:12 COSC419-19 kernel: virtio-pci 0000:00:06.0: virtio_pci: leaving for legacy driver
Dec 16 10:54:12 COSC419-19 kernel: scsi host0: ata_piix
Dec 16 10:54:12 COSC419-19 kernel: scsi host1: ata_piix
Dec 16 10:54:12 COSC419-19 kernel: ata1: PATA max MWDMA2 cmd 0x1f0 ctl 0x3f6 bmdma 0xc140 irq 14
Dec 16 10:54:12 COSC419-19 kernel: ata2: PATA max MWDMA2 cmd 0x170 ctl 0x376 bmdma 0xc148 irq 15
Dec 16 10:54:12 COSC419-19 kernel: virtio-pci 0000:00:07.0: virtio_pci: leaving for legacy driver
Dec 16 10:54:12 COSC419-19 kernel: scsi host2: Virtio SCSI HBA
Dec 16 10:54:12 COSC419-19 kernel: vda: vda1
Dec 16 10:54:12 COSC419-19 systemd: Found device /dev/disk/by-uuid/5f1871e2-c19c-4f86-8d6c-04d5fda71a0a.
Dec 16 10:54:12 COSC419-19 systemd: Starting File System Check on /dev/disk/by-uuid/5f1871e2-c19c-4f86-8d6c-04d5fda71a0a...
Dec 16 10:54:12 COSC419-19 systemd-fsck: /sbin/fsck.xfs: XFS file system.
Dec 16 10:54:12 COSC419-19 systemd: Started File System Check on /dev/disk/by-uuid/5f1871e2-c19c-4f86-8d6c-04d5fda71a0a.
Dec 16 10:54:12 COSC419-19 systemd: Started dracut initqueue hook.
Dec 16 10:54:12 COSC419-19 systemd: Reached target Remote File Systems (Pre).
Dec 16 10:54:12 COSC419-19 systemd: Starting Remote File Systems (Pre).
Dec 16 10:54:12 COSC419-19 systemd: Reached target Remote File Systems.
Dec 16 10:54:12 COSC419-19 systemd: Starting Remote File Systems.
Dec 16 10:54:12 COSC419-19 systemd: Mounting /sysroot...
Dec 16 10:54:12 COSC419-19 kernel: SGI XFS with ACLs, security attributes, no debug enabled
Dec 16 10:54:12 COSC419-19 kernel: XFS (vda1): Mounting V5 Filesystem
Dec 16 10:54:12 COSC419-19 kernel: XFS (vda1): Ending clean mount
Dec 16 10:54:12 COSC419-19 systemd: Mounted /sysroot.
Dec 16 10:54:12 COSC419-19 systemd: Reached target Initrd Root File System.
Dec 16 10:54:12 COSC419-19 systemd: Starting Initrd Root File System.
Dec 16 10:54:12 COSC419-19 systemd: Starting Reload Configuration from the Real Root...
Dec 16 10:54:12 COSC419-19 systemd: Reloading.
Dec 16 10:54:12 COSC419-19 systemd: Started Reload Configuration from the Real Root.
Dec 16 10:54:12 COSC419-19 systemd: Reached target Initrd File Systems.
Dec 16 10:54:12 COSC419-19 systemd: Starting Initrd File Systems.
Dec 16 10:54:12 COSC419-19 systemd: Reached target Initrd Default Target.
Dec 16 10:54:12 COSC419-19 systemd: Starting Initrd Default Target.
Dec 16 10:54:12 COSC419-19 systemd: Starting dracut pre-pivot and cleanup hook...
Dec 16 10:54:13 COSC419-19 rpcbind[194]: cannot open file = /run/rpcbind/rpcbind.xdr for writing
Dec 16 10:54:13 COSC419-19 rpcbind[194]: cannot save any registration
Dec 16 10:54:13 COSC419-19 rpcbind[194]: cannot open file = /run/rpcbind/portmap.xdr for writing
Dec 16 10:54:13 COSC419-19 rpcbind[194]: cannot save any registration
Dec 16 10:54:13 COSC419-19 systemd: Started dracut pre-pivot and cleanup hook.
Dec 16 10:54:13 COSC419-19 systemd: Starting Cleaning Up and Shutting Down Daemons...
Dec 16 10:54:13 COSC419-19 systemd: Stopped target Timers.
Dec 16 10:54:13 COSC419-19 systemd: Stopping Timers.
Dec 16 10:54:13 COSC419-19 systemd: Stopped Cleaning Up and Shutting Down Daemons.
Dec 16 10:54:13 COSC419-19 systemd: Stopped dracut pre-pivot and cleanup hook.
Dec 16 10:54:13 COSC419-19 systemd: Stopping dracut pre-pivot and cleanup hook...
Dec 16 10:54:13 COSC419-19 systemd: Stopped target Initrd Default Target.
Dec 16 10:54:13 COSC419-19 systemd: Stopping Initrd Default Target.
Dec 16 10:54:13 COSC419-19 systemd: Stopped target Remote File Systems.
Dec 16 10:54:13 COSC419-19 systemd: Stopping Remote File Systems.
Dec 16 10:54:13 COSC419-19 systemd: Stopped target Remote File Systems (Pre).
Dec 16 10:54:13 COSC419-19 systemd: Stopping Remote File Systems (Pre).
Dec 16 10:54:13 COSC419-19 systemd: Stopped target Basic System.
Dec 16 10:54:13 COSC419-19 systemd: Stopping Basic System.
Dec 16 10:54:13 COSC419-19 systemd: Stopped target Slices.
Dec 16 10:54:13 COSC419-19 systemd: Stopping Slices.
Dec 16 10:54:13 COSC419-19 systemd: Stopped target Paths.
Dec 16 10:54:13 COSC419-19 systemd: Stopping Paths.
Dec 16 10:54:13 COSC419-19 systemd: Stopped Dispatch Password Requests to Console Directory Watch.
Dec 16 10:54:13 COSC419-19 systemd: Stopping Dispatch Password Requests to Console Directory Watch.
Dec 16 10:54:13 COSC419-19 systemd: Stopped target Sockets.
Dec 16 10:54:13 COSC419-19 systemd: Stopping Sockets.
Dec 16 10:54:13 COSC419-19 systemd: Stopped target System Initialization.
Dec 16 10:54:13 COSC419-19 systemd: Stopping System Initialization.
Dec 16 10:54:13 COSC419-19 systemd: Stopped Apply Kernel Variables.
Dec 16 10:54:13 COSC419-19 systemd: Stopping Apply Kernel Variables...
Dec 16 10:54:13 COSC419-19 systemd: Stopped target Swap.
Dec 16 10:54:13 COSC419-19 systemd: Stopping Swap.
Dec 16 10:54:13 COSC419-19 systemd: Stopped target Local File Systems.
Dec 16 10:54:13 COSC419-19 systemd: Stopping Local File Systems.
Dec 16 10:54:13 COSC419-19 systemd: Stopped dracut initqueue hook.
Dec 16 10:54:13 COSC419-19 systemd: Stopping dracut initqueue hook...
Dec 16 10:54:13 COSC419-19 systemd: Stopped udev Coldplug all Devices.
Dec 16 10:54:13 COSC419-19 systemd: Stopping udev Coldplug all Devices...
Dec 16 10:54:13 COSC419-19 systemd: Stopped dracut pre-trigger hook.
Dec 16 10:54:13 COSC419-19 systemd: Stopping dracut pre-trigger hook...
Dec 16 10:54:13 COSC419-19 systemd: Stopping udev Kernel Device Manager...
Dec 16 10:54:13 COSC419-19 systemd: Stopped udev Kernel Device Manager.
Dec 16 10:54:13 COSC419-19 systemd: Stopped dracut pre-udev hook.
Dec 16 10:54:13 COSC419-19 systemd: Stopping dracut pre-udev hook...
Dec 16 10:54:13 COSC419-19 systemd: Stopped dracut cmdline hook.
Dec 16 10:54:13 COSC419-19 systemd: Stopping dracut cmdline hook...
Dec 16 10:54:13 COSC419-19 systemd: Stopped Create Static Device Nodes in /dev.
Dec 16 10:54:13 COSC419-19 systemd: Stopping Create Static Device Nodes in /dev...
Dec 16 10:54:13 COSC419-19 systemd: Stopped Create list of required static device nodes for the current kernel.
Dec 16 10:54:13 COSC419-19 systemd: Stopping Create list of required static device nodes for the current kernel...
Dec 16 10:54:13 COSC419-19 systemd: Closed udev Control Socket.
Dec 16 10:54:13 COSC419-19 systemd: Stopping udev Control Socket.
Dec 16 10:54:13 COSC419-19 systemd: Closed udev Kernel Socket.
Dec 16 10:54:13 COSC419-19 systemd: Stopping udev Kernel Socket.
Dec 16 10:54:13 COSC419-19 systemd: Starting Cleanup udevd DB...
Dec 16 10:54:13 COSC419-19 systemd: Started Cleanup udevd DB.
Dec 16 10:54:13 COSC419-19 systemd: Reached target Switch Root.
Dec 16 10:54:13 COSC419-19 systemd: Starting Switch Root.
Dec 16 10:54:13 COSC419-19 systemd: Starting Switch Root...
Dec 16 10:54:13 COSC419-19 systemd: Switching root.
Dec 16 10:54:13 COSC419-19 journal: Journal stopped
Dec 16 10:54:13 COSC419-19 journal: Runtime journal is using 6.1M (max allowed 49.5M, trying to leave 74.3M free of 483.4M available â†’ current limit 49.5M).
Dec 16 10:54:13 COSC419-19 systemd-journald[123]: Received SIGTERM from PID 1 (systemd).
Dec 16 10:54:13 COSC419-19 kernel: type=1404 audit(1544957653.268:2): enforcing=1 old_enforcing=0 auid=4294967295 ses=4294967295
Dec 16 10:54:13 COSC419-19 kernel: type=1403 audit(1544957653.421:3): policy loaded auid=4294967295 ses=4294967295
Dec 16 10:54:13 COSC419-19 systemd[1]: Successfully loaded SELinux policy in 165.600ms.
Dec 16 10:54:13 COSC419-19 kernel: ip_tables: (C) 2000-2006 Netfilter Core Team
Dec 16 10:54:13 COSC419-19 systemd[1]: Inserted module 'ip_tables'
Dec 16 10:54:13 COSC419-19 systemd[1]: Relabelled /dev and /run in 20.455ms.
Dec 16 10:54:13 COSC419-19 journal: Journal started
Dec 16 10:54:13 COSC419-19 systemd: systemd 219 running in system mode. (+PAM +AUDIT +SELINUX +IMA -APPARMOR +SMACK +SYSVINIT +UTMP +LIBCRYPTSETUP +GCRYPT +GNUTLS +ACL +XZ +LZ4 -SECCOMP +BLKID +ELFUTILS +KMOD +IDN)
Dec 16 10:54:13 COSC419-19 systemd: Detected virtualization kvm.
Dec 16 10:54:13 COSC419-19 systemd: Detected architecture x86-64.
Dec 16 10:54:13 COSC419-19 systemd: Set hostname to <cosc419-19>.
Dec 16 10:54:13 COSC419-19 systemd: Started Create list of required static device nodes for the current kernel.
Dec 16 10:54:14 COSC419-19 systemd: Started Read and set NIS domainname from /etc/sysconfig/network.
Dec 16 10:54:14 COSC419-19 systemd: Started Apply Kernel Variables.
Dec 16 10:54:14 COSC419-19 systemd: Started Remount Root and Kernel File Systems.
Dec 16 10:54:14 COSC419-19 systemd: Started LVM2 metadata daemon.
Dec 16 10:54:14 COSC419-19 systemd: Starting LVM2 metadata daemon...
Dec 16 10:54:14 COSC419-19 systemd: Starting Configure read-only root support...
Dec 16 10:54:14 COSC419-19 systemd: Starting udev Coldplug all Devices...
Dec 16 10:54:14 COSC419-19 systemd: Starting Load/Save Random Seed...
Dec 16 10:54:14 COSC419-19 systemd: Starting Create Static Device Nodes in /dev...
Dec 16 10:54:14 COSC419-19 systemd: Starting Flush Journal to Persistent Storage...
Dec 16 10:54:14 COSC419-19 systemd: Started Load/Save Random Seed.
Dec 16 10:54:14 COSC419-19 systemd: Started Flush Journal to Persistent Storage.
Dec 16 10:54:14 COSC419-19 systemd: Started Configure read-only root support.
Dec 16 10:54:14 COSC419-19 systemd: Started udev Coldplug all Devices.
Dec 16 10:54:14 COSC419-19 systemd: Started Setup Virtual Console.
Dec 16 10:54:14 COSC419-19 systemd: Started Create Static Device Nodes in /dev.
Dec 16 10:54:14 COSC419-19 systemd: Starting udev Kernel Device Manager...
Dec 16 10:54:14 COSC419-19 systemd-udevd: starting version 219
Dec 16 10:54:14 COSC419-19 systemd: Started udev Kernel Device Manager.
Dec 16 10:54:14 COSC419-19 kernel: piix4_smbus 0000:00:01.3: SMBus Host Controller at 0xb100, revision 0
Dec 16 10:54:14 COSC419-19 kernel: input: PC Speaker as /devices/platform/pcspkr/input/input4
Dec 16 10:54:14 COSC419-19 systemd: Found device /dev/ttyS0.
Dec 16 10:54:14 COSC419-19 kernel: cryptd: max_cpu_qlen set to 100
Dec 16 10:54:14 COSC419-19 systemd: Started Monitoring of LVM2 mirrors, snapshots etc. using dmeventd or progress polling.
Dec 16 10:54:14 COSC419-19 systemd: Reached target Local File Systems (Pre).
Dec 16 10:54:14 COSC419-19 systemd: Starting Local File Systems (Pre).
Dec 16 10:54:14 COSC419-19 systemd: Reached target Local File Systems.
Dec 16 10:54:14 COSC419-19 systemd: Starting Local File Systems.
Dec 16 10:54:14 COSC419-19 systemd: Starting Preprocess NFS configuration...
Dec 16 10:54:14 COSC419-19 systemd: Starting Import network configuration from initramfs...
Dec 16 10:54:14 COSC419-19 systemd: Started Preprocess NFS configuration.
Dec 16 10:54:14 COSC419-19 kernel: ppdev: user-space parallel port driver
Dec 16 10:54:14 COSC419-19 systemd: Started Import network configuration from initramfs.
Dec 16 10:54:14 COSC419-19 systemd: Starting Create Volatile Files and Directories...
Dec 16 10:54:15 COSC419-19 kernel: AVX2 version of gcm_enc/dec engaged.
Dec 16 10:54:15 COSC419-19 kernel: AES CTR mode by8 optimization enabled
Dec 16 10:54:15 COSC419-19 systemd: Started Create Volatile Files and Directories.
Dec 16 10:54:15 COSC419-19 systemd: Starting Security Auditing Service...
Dec 16 10:54:15 COSC419-19 auditd[468]: Started dispatcher: /sbin/audispd pid: 470
Dec 16 10:54:15 COSC419-19 kernel: type=1305 audit(1544957655.157:4): audit_pid=468 old=0 auid=4294967295 ses=4294967295 subj=system_u:system_r:auditd_t:s0 res=1
Dec 16 10:54:15 COSC419-19 audispd: No plugins found, exiting
Dec 16 10:54:15 COSC419-19 kernel: alg: No test for __gcm-aes-aesni (__driver-gcm-aes-aesni)
Dec 16 10:54:15 COSC419-19 kernel: alg: No test for __generic-gcm-aes-aesni (__driver-generic-gcm-aes-aesni)
Dec 16 10:54:15 COSC419-19 kernel: [drm] Device Version 0.0
Dec 16 10:54:15 COSC419-19 kernel: [drm] Compression level 0 log level 0
Dec 16 10:54:15 COSC419-19 kernel: [drm] 12286 io pages at offset 0x1000000
Dec 16 10:54:15 COSC419-19 kernel: [drm] 16777216 byte draw area at offset 0x0
Dec 16 10:54:15 COSC419-19 kernel: [drm] RAM header offset: 0x3ffe000
Dec 16 10:54:15 COSC419-19 kernel: [TTM] Zone  kernel: Available graphics memory: 507756 kiB
Dec 16 10:54:15 COSC419-19 kernel: [TTM] Initializing pool allocator
Dec 16 10:54:15 COSC419-19 auditd[468]: Init complete, auditd 2.8.1 listening for events (startup state enable)
Dec 16 10:54:15 COSC419-19 kernel: [TTM] Initializing DMA pool allocator
Dec 16 10:54:15 COSC419-19 kernel: [drm] qxl: 16M of VRAM memory size
Dec 16 10:54:15 COSC419-19 kernel: [drm] qxl: 63M of IO pages memory ready (VRAM domain)
Dec 16 10:54:15 COSC419-19 kernel: [drm] qxl: 16M of Surface memory size
Dec 16 10:54:15 COSC419-19 augenrules: /sbin/augenrules: No change
Dec 16 10:54:15 COSC419-19 kernel: [drm] main mem slot 1 [f8000000,3ffe000]
Dec 16 10:54:15 COSC419-19 kernel: [drm] surface mem slot 2 [fc000000,1000000]
Dec 16 10:54:15 COSC419-19 kernel: [drm] fb mappable at 0xF8000000, size 3145728
Dec 16 10:54:15 COSC419-19 kernel: [drm] fb: depth 24, pitch 4096, width 1024, height 768
Dec 16 10:54:15 COSC419-19 augenrules: No rules
Dec 16 10:54:15 COSC419-19 augenrules: enabled 1
Dec 16 10:54:15 COSC419-19 augenrules: failure 1
Dec 16 10:54:15 COSC419-19 augenrules: pid 468
Dec 16 10:54:15 COSC419-19 augenrules: rate_limit 0
Dec 16 10:54:15 COSC419-19 augenrules: backlog_limit 8192
Dec 16 10:54:15 COSC419-19 augenrules: lost 0
Dec 16 10:54:15 COSC419-19 augenrules: backlog 0
Dec 16 10:54:15 COSC419-19 augenrules: enabled 1
Dec 16 10:54:15 COSC419-19 augenrules: failure 1
Dec 16 10:54:15 COSC419-19 augenrules: pid 468
Dec 16 10:54:15 COSC419-19 augenrules: rate_limit 0
Dec 16 10:54:15 COSC419-19 augenrules: backlog_limit 8192
Dec 16 10:54:15 COSC419-19 augenrules: lost 0
Dec 16 10:54:15 COSC419-19 augenrules: backlog 0
Dec 16 10:54:15 COSC419-19 systemd: Started Security Auditing Service.
Dec 16 10:54:15 COSC419-19 systemd: Starting Update UTMP about System Boot/Shutdown...
Dec 16 10:54:15 COSC419-19 kernel: fbcon: qxldrmfb (fb0) is primary device
Dec 16 10:54:15 COSC419-19 kernel: Console: switching to colour frame buffer device 128x48
Dec 16 10:54:15 COSC419-19 kernel: qxl 0000:00:02.0: fb0: qxldrmfb frame buffer device
Dec 16 10:54:15 COSC419-19 kernel: [drm] Initialized qxl 0.1.0 20120117 for 0000:00:02.0 on minor 0
Dec 16 10:54:15 COSC419-19 systemd: Started Update UTMP about System Boot/Shutdown.
Dec 16 10:54:15 COSC419-19 systemd: Reached target System Initialization.
Dec 16 10:54:15 COSC419-19 systemd: Starting System Initialization.
Dec 16 10:54:15 COSC419-19 systemd: Listening on RPCbind Server Activation Socket.
Dec 16 10:54:15 COSC419-19 systemd: Starting RPCbind Server Activation Socket.
Dec 16 10:54:15 COSC419-19 systemd: Starting RPC bind service...
Dec 16 10:54:15 COSC419-19 systemd: Listening on D-Bus System Message Bus Socket.
Dec 16 10:54:15 COSC419-19 systemd: Starting D-Bus System Message Bus Socket.
Dec 16 10:54:15 COSC419-19 systemd: Starting Initial cloud-init job (pre-networking)...
Dec 16 10:54:15 COSC419-19 systemd: Reached target Sockets.
Dec 16 10:54:15 COSC419-19 systemd: Starting Sockets.
Dec 16 10:54:15 COSC419-19 systemd: Reached target Basic System.
Dec 16 10:54:15 COSC419-19 systemd: Starting Basic System.
Dec 16 10:54:15 COSC419-19 systemd: Started D-Bus System Message Bus.
Dec 16 10:54:15 COSC419-19 systemd: Starting D-Bus System Message Bus...
Dec 16 10:54:15 COSC419-19 systemd: Starting Login Service...
Dec 16 10:54:15 COSC419-19 systemd: Started irqbalance daemon.
Dec 16 10:54:15 COSC419-19 systemd: Starting irqbalance daemon...
Dec 16 10:54:15 COSC419-19 systemd: Starting Authorization Manager...
Dec 16 10:54:15 COSC419-19 systemd: Starting NTP client/server...
Dec 16 10:54:15 COSC419-19 systemd: Starting Dump dmesg to /var/log/dmesg...
Dec 16 10:54:15 COSC419-19 systemd: Starting GSSAPI Proxy Daemon...
Dec 16 10:54:15 COSC419-19 systemd: Started Daily Cleanup of Temporary Directories.
Dec 16 10:54:15 COSC419-19 systemd: Starting Daily Cleanup of Temporary Directories.
Dec 16 10:54:15 COSC419-19 systemd: Reached target Timers.
Dec 16 10:54:15 COSC419-19 systemd: Starting Timers.
Dec 16 10:54:15 COSC419-19 systemd: Started RPC bind service.
Dec 16 10:54:15 COSC419-19 /usr/sbin/irqbalance: Balancing is ineffective on systems with a single cpu.  Shutting down
Dec 16 10:54:15 COSC419-19 chronyd[539]: chronyd version 3.2 starting (+CMDMON +NTP +REFCLOCK +RTC +PRIVDROP +SCFILTER +SECHASH +SIGND +ASYNCDNS +IPV6 +DEBUG)
Dec 16 10:54:15 COSC419-19 systemd: Started Login Service.
Dec 16 10:54:15 COSC419-19 systemd-logind: New seat seat0.
Dec 16 10:54:15 COSC419-19 systemd-logind: Watching system buttons on /dev/input/event0 (Power Button)
Dec 16 10:54:15 COSC419-19 chronyd[539]: Frequency 2.243 +/- 0.018 ppm read from /var/lib/chrony/drift
Dec 16 10:54:15 COSC419-19 polkitd[531]: Started polkitd version 0.112
Dec 16 10:54:15 COSC419-19 systemd: Started GSSAPI Proxy Daemon.
Dec 16 10:54:15 COSC419-19 systemd: Reached target NFS client services.
Dec 16 10:54:15 COSC419-19 systemd: Starting NFS client services.
Dec 16 10:54:15 COSC419-19 systemd: Reached target Remote File Systems (Pre).
Dec 16 10:54:15 COSC419-19 systemd: Starting Remote File Systems (Pre).
Dec 16 10:54:15 COSC419-19 systemd: Reached target Remote File Systems.
Dec 16 10:54:15 COSC419-19 systemd: Starting Remote File Systems.
Dec 16 10:54:15 COSC419-19 systemd: Started Dump dmesg to /var/log/dmesg.
Dec 16 10:54:15 COSC419-19 systemd: Started Authorization Manager.
Dec 16 10:54:15 COSC419-19 systemd: Starting firewalld - dynamic firewall daemon...
Dec 16 10:54:15 COSC419-19 systemd: Started NTP client/server.
Dec 16 10:54:16 COSC419-19 kernel: EDAC sbridge:  Ver: 1.1.1 
Dec 16 10:54:16 COSC419-19 cloud-init: Cloud-init v. 0.7.9 running 'init-local' at Sun, 16 Dec 2018 10:54:16 +0000. Up 7.02 seconds.
Dec 16 10:54:16 COSC419-19 systemd: Started firewalld - dynamic firewall daemon.
Dec 16 10:54:17 COSC419-19 kernel: ip6_tables: (C) 2000-2006 Netfilter Core Team
Dec 16 10:54:17 COSC419-19 kernel: Ebtables v2.0 registered
Dec 16 10:54:17 COSC419-19 kernel: nf_conntrack version 0.5.0 (7933 buckets, 31732 max)
Dec 16 10:54:17 COSC419-19 kernel: bridge: filtering via arp/ip/ip6tables is no longer available by default. Update your scripts to load br_netfilter if you need this.
Dec 16 10:54:17 COSC419-19 kernel: Netfilter messages via NETLINK v0.30.
Dec 16 10:54:17 COSC419-19 kernel: ip_set: protocol 6
Dec 16 10:54:17 COSC419-19 systemd: Started Initial cloud-init job (pre-networking).
Dec 16 10:54:17 COSC419-19 systemd: Reached target Network (Pre).
Dec 16 10:54:17 COSC419-19 systemd: Starting Network (Pre).
Dec 16 10:54:17 COSC419-19 systemd: Starting LSB: Bring up/down networking...
Dec 16 10:54:18 COSC419-19 network: Bringing up loopback interface:  [  OK  ]
Dec 16 10:54:26 COSC419-19 network: Bringing up interface eth0:  RTNETLINK answers: File exists
Dec 16 10:54:26 COSC419-19 network: [  OK  ]
Dec 16 10:54:26 COSC419-19 systemd: Started LSB: Bring up/down networking.
Dec 16 10:54:26 COSC419-19 systemd: Reached target Network.
Dec 16 10:54:26 COSC419-19 systemd: Starting Network.
Dec 16 10:54:26 COSC419-19 systemd: Starting The Apache HTTP Server...
Dec 16 10:54:26 COSC419-19 systemd: Starting Fail2Ban Service...
Dec 16 10:54:26 COSC419-19 systemd: Starting Dynamic System Tuning Daemon...
Dec 16 10:54:26 COSC419-19 systemd: Starting containerd container runtime...
Dec 16 10:54:26 COSC419-19 systemd: Starting Postfix Mail Transport Agent...
Dec 16 10:54:26 COSC419-19 systemd: Starting Initial cloud-init job (metadata service crawler)...
Dec 16 10:54:26 COSC419-19 systemd: Started containerd container runtime.
Dec 16 10:54:27 COSC419-19 containerd: time="2018-12-16T10:54:27.743709479Z" level=info msg="starting containerd" revision=c4446665cb9c30056f4998ed953e6d4ff22c7c39 version=1.2.0
Dec 16 10:54:27 COSC419-19 containerd: time="2018-12-16T10:54:27.750639584Z" level=info msg="loading plugin "io.containerd.content.v1.content"..." type=io.containerd.content.v1
Dec 16 10:54:27 COSC419-19 containerd: time="2018-12-16T10:54:27.752373186Z" level=info msg="loading plugin "io.containerd.snapshotter.v1.btrfs"..." type=io.containerd.snapshotter.v1
Dec 16 10:54:27 COSC419-19 containerd: time="2018-12-16T10:54:27.754579710Z" level=warning msg="failed to load plugin io.containerd.snapshotter.v1.btrfs" error="path /var/lib/containerd/io.containerd.snapshotter.v1.btrfs must be a btrfs filesystem to be used with the btrfs snapshotter"
Dec 16 10:54:27 COSC419-19 containerd: time="2018-12-16T10:54:27.755004847Z" level=info msg="loading plugin "io.containerd.snapshotter.v1.aufs"..." type=io.containerd.snapshotter.v1
Dec 16 10:54:27 COSC419-19 containerd: time="2018-12-16T10:54:27.774729396Z" level=warning msg="failed to load plugin io.containerd.snapshotter.v1.aufs" error="modprobe aufs failed: "modprobe: FATAL: Module aufs not found.\n": exit status 1"
Dec 16 10:54:27 COSC419-19 containerd: time="2018-12-16T10:54:27.775719448Z" level=info msg="loading plugin "io.containerd.snapshotter.v1.native"..." type=io.containerd.snapshotter.v1
Dec 16 10:54:27 COSC419-19 containerd: time="2018-12-16T10:54:27.777129954Z" level=info msg="loading plugin "io.containerd.snapshotter.v1.overlayfs"..." type=io.containerd.snapshotter.v1
Dec 16 10:54:27 COSC419-19 containerd: time="2018-12-16T10:54:27.778706227Z" level=info msg="loading plugin "io.containerd.snapshotter.v1.zfs"..." type=io.containerd.snapshotter.v1
Dec 16 10:54:27 COSC419-19 containerd: time="2018-12-16T10:54:27.779398458Z" level=warning msg="failed to load plugin io.containerd.snapshotter.v1.zfs" error="path /var/lib/containerd/io.containerd.snapshotter.v1.zfs must be a zfs filesystem to be used with the zfs snapshotter"
Dec 16 10:54:27 COSC419-19 containerd: time="2018-12-16T10:54:27.785557495Z" level=info msg="loading plugin "io.containerd.metadata.v1.bolt"..." type=io.containerd.metadata.v1
Dec 16 10:54:27 COSC419-19 containerd: time="2018-12-16T10:54:27.786539874Z" level=warning msg="could not use snapshotter btrfs in metadata plugin" error="path /var/lib/containerd/io.containerd.snapshotter.v1.btrfs must be a btrfs filesystem to be used with the btrfs snapshotter"
Dec 16 10:54:27 COSC419-19 containerd: time="2018-12-16T10:54:27.786945585Z" level=warning msg="could not use snapshotter aufs in metadata plugin" error="modprobe aufs failed: "modprobe: FATAL: Module aufs not found.\n": exit status 1"
Dec 16 10:54:27 COSC419-19 containerd: time="2018-12-16T10:54:27.786973237Z" level=warning msg="could not use snapshotter zfs in metadata plugin" error="path /var/lib/containerd/io.containerd.snapshotter.v1.zfs must be a zfs filesystem to be used with the zfs snapshotter"
Dec 16 10:54:27 COSC419-19 containerd: time="2018-12-16T10:54:27.788596262Z" level=info msg="loading plugin "io.containerd.differ.v1.walking"..." type=io.containerd.differ.v1
Dec 16 10:54:27 COSC419-19 containerd: time="2018-12-16T10:54:27.788634527Z" level=info msg="loading plugin "io.containerd.gc.v1.scheduler"..." type=io.containerd.gc.v1
Dec 16 10:54:27 COSC419-19 containerd: time="2018-12-16T10:54:27.788680769Z" level=info msg="loading plugin "io.containerd.service.v1.containers-service"..." type=io.containerd.service.v1
Dec 16 10:54:27 COSC419-19 containerd: time="2018-12-16T10:54:27.788699137Z" level=info msg="loading plugin "io.containerd.service.v1.content-service"..." type=io.containerd.service.v1
Dec 16 10:54:27 COSC419-19 containerd: time="2018-12-16T10:54:27.788726211Z" level=info msg="loading plugin "io.containerd.service.v1.diff-service"..." type=io.containerd.service.v1
Dec 16 10:54:27 COSC419-19 containerd: time="2018-12-16T10:54:27.788757833Z" level=info msg="loading plugin "io.containerd.service.v1.images-service"..." type=io.containerd.service.v1
Dec 16 10:54:27 COSC419-19 containerd: time="2018-12-16T10:54:27.788791383Z" level=info msg="loading plugin "io.containerd.service.v1.leases-service"..." type=io.containerd.service.v1
Dec 16 10:54:27 COSC419-19 containerd: time="2018-12-16T10:54:27.788822798Z" level=info msg="loading plugin "io.containerd.service.v1.namespaces-service"..." type=io.containerd.service.v1
Dec 16 10:54:27 COSC419-19 containerd: time="2018-12-16T10:54:27.788842563Z" level=info msg="loading plugin "io.containerd.service.v1.snapshots-service"..." type=io.containerd.service.v1
Dec 16 10:54:27 COSC419-19 containerd: time="2018-12-16T10:54:27.788868828Z" level=info msg="loading plugin "io.containerd.runtime.v1.linux"..." type=io.containerd.runtime.v1
Dec 16 10:54:27 COSC419-19 containerd: time="2018-12-16T10:54:27.789018142Z" level=info msg="loading plugin "io.containerd.runtime.v2.task"..." type=io.containerd.runtime.v2
Dec 16 10:54:27 COSC419-19 containerd: time="2018-12-16T10:54:27.789166892Z" level=info msg="loading plugin "io.containerd.monitor.v1.cgroups"..." type=io.containerd.monitor.v1
Dec 16 10:54:27 COSC419-19 containerd: time="2018-12-16T10:54:27.793962891Z" level=info msg="loading plugin "io.containerd.service.v1.tasks-service"..." type=io.containerd.service.v1
Dec 16 10:54:27 COSC419-19 containerd: time="2018-12-16T10:54:27.794002981Z" level=info msg="loading plugin "io.containerd.internal.v1.restart"..." type=io.containerd.internal.v1
Dec 16 10:54:27 COSC419-19 containerd: time="2018-12-16T10:54:27.794125618Z" level=info msg="loading plugin "io.containerd.grpc.v1.containers"..." type=io.containerd.grpc.v1
Dec 16 10:54:27 COSC419-19 containerd: time="2018-12-16T10:54:27.794151399Z" level=info msg="loading plugin "io.containerd.grpc.v1.content"..." type=io.containerd.grpc.v1
Dec 16 10:54:27 COSC419-19 containerd: time="2018-12-16T10:54:27.794166957Z" level=info msg="loading plugin "io.containerd.grpc.v1.diff"..." type=io.containerd.grpc.v1
Dec 16 10:54:27 COSC419-19 containerd: time="2018-12-16T10:54:27.794181455Z" level=info msg="loading plugin "io.containerd.grpc.v1.events"..." type=io.containerd.grpc.v1
Dec 16 10:54:27 COSC419-19 containerd: time="2018-12-16T10:54:27.794195709Z" level=info msg="loading plugin "io.containerd.grpc.v1.healthcheck"..." type=io.containerd.grpc.v1
Dec 16 10:54:27 COSC419-19 containerd: time="2018-12-16T10:54:27.794209767Z" level=info msg="loading plugin "io.containerd.grpc.v1.images"..." type=io.containerd.grpc.v1
Dec 16 10:54:27 COSC419-19 containerd: time="2018-12-16T10:54:27.794225743Z" level=info msg="loading plugin "io.containerd.grpc.v1.leases"..." type=io.containerd.grpc.v1
Dec 16 10:54:27 COSC419-19 containerd: time="2018-12-16T10:54:27.794241645Z" level=info msg="loading plugin "io.containerd.grpc.v1.namespaces"..." type=io.containerd.grpc.v1
Dec 16 10:54:27 COSC419-19 containerd: time="2018-12-16T10:54:27.794269092Z" level=info msg="loading plugin "io.containerd.internal.v1.opt"..." type=io.containerd.internal.v1
Dec 16 10:54:27 COSC419-19 containerd: time="2018-12-16T10:54:27.800678007Z" level=info msg="loading plugin "io.containerd.grpc.v1.snapshots"..." type=io.containerd.grpc.v1
Dec 16 10:54:27 COSC419-19 containerd: time="2018-12-16T10:54:27.800717237Z" level=info msg="loading plugin "io.containerd.grpc.v1.tasks"..." type=io.containerd.grpc.v1
Dec 16 10:54:27 COSC419-19 containerd: time="2018-12-16T10:54:27.800737836Z" level=info msg="loading plugin "io.containerd.grpc.v1.version"..." type=io.containerd.grpc.v1
Dec 16 10:54:27 COSC419-19 containerd: time="2018-12-16T10:54:27.800779082Z" level=info msg="loading plugin "io.containerd.grpc.v1.introspection"..." type=io.containerd.grpc.v1
Dec 16 10:54:27 COSC419-19 containerd: time="2018-12-16T10:54:27.803797468Z" level=info msg=serving... address="/run/containerd/containerd.sock"
Dec 16 10:54:27 COSC419-19 containerd: time="2018-12-16T10:54:27.803825517Z" level=info msg="containerd successfully booted in 0.069342s"
Dec 16 10:54:28 COSC419-19 fail2ban-client: 2018-12-16 10:54:28,629 fail2ban.server         [968]: INFO    Starting Fail2ban v0.9.7
Dec 16 10:54:28 COSC419-19 fail2ban-client: 2018-12-16 10:54:28,637 fail2ban.server         [968]: INFO    Starting in daemon mode
Dec 16 10:54:28 COSC419-19 systemd: Started Dynamic System Tuning Daemon.
Dec 16 10:54:29 COSC419-19 httpd: AH00558: httpd: Could not reliably determine the server's fully qualified domain name, using ::1. Set the 'ServerName' directive globally to suppress this message
Dec 16 10:54:29 COSC419-19 cloud-init: Cloud-init v. 0.7.9 running 'init' at Sun, 16 Dec 2018 10:54:29 +0000. Up 19.26 seconds.
Dec 16 10:54:29 COSC419-19 cloud-init: ci-info: ++++++++++++++++++++++++++++++Net device info+++++++++++++++++++++++++++++++
Dec 16 10:54:29 COSC419-19 cloud-init: ci-info: +--------+------+--------------+---------------+-------+-------------------+
Dec 16 10:54:29 COSC419-19 cloud-init: ci-info: | Device |  Up  |   Address    |      Mask     | Scope |     Hw-Address    |
Dec 16 10:54:29 COSC419-19 cloud-init: ci-info: +--------+------+--------------+---------------+-------+-------------------+
Dec 16 10:54:29 COSC419-19 cloud-init: ci-info: |  lo:   | True |  127.0.0.1   |   255.0.0.0   |   .   |         .         |
Dec 16 10:54:29 COSC419-19 cloud-init: ci-info: |  lo:   | True |      .       |       .       |   d   |         .         |
Dec 16 10:54:29 COSC419-19 cloud-init: ci-info: | eth0:  | True | 159.89.121.5 | 255.255.240.0 |   .   | 82:0b:31:6c:1a:01 |
Dec 16 10:54:29 COSC419-19 cloud-init: ci-info: | eth0:  | True |      .       |       .       |   d   | 82:0b:31:6c:1a:01 |
Dec 16 10:54:29 COSC419-19 cloud-init: ci-info: +--------+------+--------------+---------------+-------+-------------------+
Dec 16 10:54:29 COSC419-19 cloud-init: ci-info: ++++++++++++++++++++++++++++++Route IPv4 info++++++++++++++++++++++++++++++
Dec 16 10:54:29 COSC419-19 cloud-init: ci-info: +-------+--------------+--------------+---------------+-----------+-------+
Dec 16 10:54:29 COSC419-19 cloud-init: ci-info: | Route | Destination  |   Gateway    |    Genmask    | Interface | Flags |
Dec 16 10:54:29 COSC419-19 cloud-init: ci-info: +-------+--------------+--------------+---------------+-----------+-------+
Dec 16 10:54:29 COSC419-19 cloud-init: ci-info: |   0   |   0.0.0.0    | 159.89.112.1 |    0.0.0.0    |    eth0   |   UG  |
Dec 16 10:54:29 COSC419-19 cloud-init: ci-info: |   1   |  10.20.0.0   |   0.0.0.0    |  255.255.0.0  |    eth0   |   U   |
Dec 16 10:54:29 COSC419-19 cloud-init: ci-info: |   2   | 159.89.112.0 |   0.0.0.0    | 255.255.240.0 |    eth0   |   U   |
Dec 16 10:54:29 COSC419-19 cloud-init: ci-info: +-------+--------------+--------------+---------------+-----------+-------+
Dec 16 10:54:30 COSC419-19 systemd: Started Fail2Ban Service.
Dec 16 10:54:30 COSC419-19 DigitalOcean: adding random seed to /dev/urandom
Dec 16 10:54:30 COSC419-19 systemd: Started Postfix Mail Transport Agent.
Dec 16 10:54:30 COSC419-19 systemd: Started The Apache HTTP Server.
Dec 16 10:54:30 COSC419-19 systemd: Started Initial cloud-init job (metadata service crawler).
Dec 16 10:54:30 COSC419-19 systemd: Starting Permit User Sessions...
Dec 16 10:54:30 COSC419-19 systemd: Reached target Network is Online.
Dec 16 10:54:30 COSC419-19 systemd: Starting Network is Online.
Dec 16 10:54:30 COSC419-19 systemd: Starting Notify NFS peers of a restart...
Dec 16 10:54:30 COSC419-19 systemd: Starting Docker Application Container Engine...
Dec 16 10:54:30 COSC419-19 systemd: Starting System Logging Service...
Dec 16 10:54:30 COSC419-19 systemd: Starting Crash recovery kernel arming...
Dec 16 10:54:30 COSC419-19 systemd: Reached target Cloud-config availability.
Dec 16 10:54:30 COSC419-19 systemd: Starting Cloud-config availability.
Dec 16 10:54:30 COSC419-19 systemd: Starting Apply the settings specified in cloud-config...
Dec 16 10:54:30 COSC419-19 systemd: Starting OpenSSH server daemon...
Dec 16 10:54:30 COSC419-19 systemd: Started Permit User Sessions.
Dec 16 10:54:30 COSC419-19 systemd: Started Getty on tty1.
Dec 16 10:54:30 COSC419-19 systemd: Starting Getty on tty1...
Dec 16 10:54:30 COSC419-19 sm-notify[1189]: Version 1.3.0 starting
Dec 16 10:54:30 COSC419-19 systemd: Started Command Scheduler.
Dec 16 10:54:30 COSC419-19 systemd: Starting Command Scheduler...
Dec 16 10:54:30 COSC419-19 systemd: Started Serial Getty on ttyS0.
Dec 16 10:54:30 COSC419-19 systemd: Starting Serial Getty on ttyS0...
Dec 16 10:54:30 COSC419-19 systemd: Reached target Login Prompts.
Dec 16 10:54:30 COSC419-19 systemd: Starting Login Prompts.
Dec 16 10:54:31 COSC419-19 systemd: Started Notify NFS peers of a restart.
Dec 16 10:54:31 COSC419-19 rsyslogd: [origin software="rsyslogd" swVersion="8.24.0" x-pid="1192" x-info="http://www.rsyslog.com"] start
Dec 16 10:54:31 COSC419-19 kdumpctl: No memory reserved for crash kernel
Dec 16 10:54:31 COSC419-19 kdumpctl: Starting kdump: [FAILED]
Dec 16 10:54:31 COSC419-19 systemd: Started System Logging Service.
Dec 16 10:54:31 COSC419-19 systemd: Started OpenSSH server daemon.
Dec 16 10:54:31 COSC419-19 systemd: kdump.service: main process exited, code=exited, status=1/FAILURE
Dec 16 10:54:31 COSC419-19 systemd: Failed to start Crash recovery kernel arming.
Dec 16 10:54:31 COSC419-19 systemd: Unit kdump.service entered failed state.
Dec 16 10:54:31 COSC419-19 systemd: kdump.service failed.
Dec 16 10:54:32 COSC419-19 dockerd: time="2018-12-16T10:54:32.506894383Z" level=info msg="parsed scheme: \"unix\"" module=grpc
Dec 16 10:54:32 COSC419-19 dockerd: time="2018-12-16T10:54:32.507770805Z" level=info msg="scheme \"unix\" not registered, fallback to default scheme" module=grpc
Dec 16 10:54:32 COSC419-19 dockerd: time="2018-12-16T10:54:32.508125013Z" level=info msg="ccResolverWrapper: sending new addresses to cc: [{unix:///run/containerd/containerd.sock 0  <nil>}]" module=grpc
Dec 16 10:54:32 COSC419-19 dockerd: time="2018-12-16T10:54:32.508161645Z" level=info msg="ClientConn switching balancer to \"pick_first\"" module=grpc
Dec 16 10:54:32 COSC419-19 dockerd: time="2018-12-16T10:54:32.508253491Z" level=info msg="pickfirstBalancer: HandleSubConnStateChange: 0xc42001a690, CONNECTING" module=grpc
Dec 16 10:54:32 COSC419-19 dockerd: time="2018-12-16T10:54:32.509031244Z" level=info msg="pickfirstBalancer: HandleSubConnStateChange: 0xc42001a690, READY" module=grpc
Dec 16 10:54:32 COSC419-19 dockerd: time="2018-12-16T10:54:32.519720251Z" level=info msg="parsed scheme: \"unix\"" module=grpc
Dec 16 10:54:32 COSC419-19 dockerd: time="2018-12-16T10:54:32.520245276Z" level=info msg="scheme \"unix\" not registered, fallback to default scheme" module=grpc
Dec 16 10:54:32 COSC419-19 dockerd: time="2018-12-16T10:54:32.521728773Z" level=info msg="ccResolverWrapper: sending new addresses to cc: [{unix:///run/containerd/containerd.sock 0  <nil>}]" module=grpc
Dec 16 10:54:32 COSC419-19 dockerd: time="2018-12-16T10:54:32.521757278Z" level=info msg="ClientConn switching balancer to \"pick_first\"" module=grpc
Dec 16 10:54:32 COSC419-19 dockerd: time="2018-12-16T10:54:32.521809899Z" level=info msg="pickfirstBalancer: HandleSubConnStateChange: 0xc42001ac50, CONNECTING" module=grpc
Dec 16 10:54:32 COSC419-19 dockerd: time="2018-12-16T10:54:32.521992947Z" level=info msg="pickfirstBalancer: HandleSubConnStateChange: 0xc42001ac50, READY" module=grpc
Dec 16 10:54:32 COSC419-19 kernel: TECH PREVIEW: Overlay filesystem may not be fully supported.#012Please review provided documentation for limitations.
Dec 16 10:54:32 COSC419-19 cloud-init: Cloud-init v. 0.7.9 running 'modules:config' at Sun, 16 Dec 2018 10:54:32 +0000. Up 22.51 seconds.
Dec 16 10:54:32 COSC419-19 dockerd: time="2018-12-16T10:54:32.625773101Z" level=info msg="[graphdriver] using prior storage driver: overlay2"
Dec 16 10:54:32 COSC419-19 systemd: Started Apply the settings specified in cloud-config.
Dec 16 10:54:32 COSC419-19 systemd: Starting Execute cloud user/final scripts...
Dec 16 10:54:32 COSC419-19 dockerd: time="2018-12-16T10:54:32.958178225Z" level=info msg="Graph migration to content-addressability took 0.00 seconds"
Dec 16 10:54:32 COSC419-19 dockerd: time="2018-12-16T10:54:32.966038235Z" level=info msg="Loading containers: start."
Dec 16 10:54:33 COSC419-19 kernel: Bridge firewalling registered
Dec 16 10:54:33 COSC419-19 firewalld[567]: WARNING: COMMAND_FAILED: '/usr/sbin/iptables -w2 -t filter -C FORWARD -j DOCKER-ISOLATION' failed: iptables v1.4.21: Couldn't load target `DOCKER-ISOLATION':No such file or directory#012#012Try `iptables -h' or 'iptables --help' for more information.
Dec 16 10:54:33 COSC419-19 firewalld[567]: WARNING: COMMAND_FAILED: '/usr/sbin/iptables -w2 -t nat -D PREROUTING -m addrtype --dst-type LOCAL -j DOCKER' failed: iptables v1.4.21: Couldn't load target `DOCKER':No such file or directory#012#012Try `iptables -h' or 'iptables --help' for more information.
Dec 16 10:54:33 COSC419-19 firewalld[567]: WARNING: COMMAND_FAILED: '/usr/sbin/iptables -w2 -t nat -D OUTPUT -m addrtype --dst-type LOCAL ! --dst 127.0.0.0/8 -j DOCKER' failed: iptables v1.4.21: Couldn't load target `DOCKER':No such file or directory#012#012Try `iptables -h' or 'iptables --help' for more information.
Dec 16 10:54:33 COSC419-19 cloud-init: Cloud-init v. 0.7.9 running 'modules:final' at Sun, 16 Dec 2018 10:54:33 +0000. Up 23.42 seconds.
Dec 16 10:54:33 COSC419-19 firewalld[567]: WARNING: COMMAND_FAILED: '/usr/sbin/iptables -w2 -t nat -D OUTPUT -m addrtype --dst-type LOCAL -j DOCKER' failed: iptables v1.4.21: Couldn't load target `DOCKER':No such file or directory#012#012Try `iptables -h' or 'iptables --help' for more information.
Dec 16 10:54:33 COSC419-19 firewalld[567]: WARNING: COMMAND_FAILED: '/usr/sbin/iptables -w2 -t nat -D PREROUTING' failed: iptables: Bad rule (does a matching rule exist in that chain?).
Dec 16 10:54:33 COSC419-19 firewalld[567]: WARNING: COMMAND_FAILED: '/usr/sbin/iptables -w2 -t nat -D OUTPUT' failed: iptables: Bad rule (does a matching rule exist in that chain?).
Dec 16 10:54:33 COSC419-19 firewalld[567]: WARNING: COMMAND_FAILED: '/usr/sbin/iptables -w2 -t nat -F DOCKER' failed: iptables: No chain/target/match by that name.
Dec 16 10:54:33 COSC419-19 cloud-init: Cloud-init v. 0.7.9 finished at Sun, 16 Dec 2018 10:54:33 +0000. Datasource DataSourceConfigDrive [net,ver=2][source=/dev/vdb].  Up 23.73 seconds
Dec 16 10:54:33 COSC419-19 firewalld[567]: WARNING: COMMAND_FAILED: '/usr/sbin/iptables -w2 -t nat -X DOCKER' failed: iptables: No chain/target/match by that name.
Dec 16 10:54:33 COSC419-19 firewalld[567]: WARNING: COMMAND_FAILED: '/usr/sbin/iptables -w2 -t filter -F DOCKER' failed: iptables: No chain/target/match by that name.
Dec 16 10:54:33 COSC419-19 firewalld[567]: WARNING: COMMAND_FAILED: '/usr/sbin/iptables -w2 -t filter -X DOCKER' failed: iptables: No chain/target/match by that name.
Dec 16 10:54:33 COSC419-19 firewalld[567]: WARNING: COMMAND_FAILED: '/usr/sbin/iptables -w2 -t filter -F DOCKER-ISOLATION-STAGE-1' failed: iptables: No chain/target/match by that name.
Dec 16 10:54:33 COSC419-19 firewalld[567]: WARNING: COMMAND_FAILED: '/usr/sbin/iptables -w2 -t filter -X DOCKER-ISOLATION-STAGE-1' failed: iptables: No chain/target/match by that name.
Dec 16 10:54:33 COSC419-19 systemd: Started Execute cloud user/final scripts.
Dec 16 10:54:33 COSC419-19 firewalld[567]: WARNING: COMMAND_FAILED: '/usr/sbin/iptables -w2 -t filter -F DOCKER-ISOLATION-STAGE-2' failed: iptables: No chain/target/match by that name.
Dec 16 10:54:33 COSC419-19 firewalld[567]: WARNING: COMMAND_FAILED: '/usr/sbin/iptables -w2 -t filter -X DOCKER-ISOLATION-STAGE-2' failed: iptables: No chain/target/match by that name.
Dec 16 10:54:33 COSC419-19 firewalld[567]: WARNING: COMMAND_FAILED: '/usr/sbin/iptables -w2 -t filter -F DOCKER-ISOLATION' failed: iptables: No chain/target/match by that name.
Dec 16 10:54:33 COSC419-19 firewalld[567]: WARNING: COMMAND_FAILED: '/usr/sbin/iptables -w2 -t filter -X DOCKER-ISOLATION' failed: iptables: No chain/target/match by that name.
Dec 16 10:54:33 COSC419-19 firewalld[567]: WARNING: COMMAND_FAILED: '/usr/sbin/iptables -w2 -t nat -n -L DOCKER' failed: iptables: No chain/target/match by that name.
Dec 16 10:54:33 COSC419-19 firewalld[567]: WARNING: COMMAND_FAILED: '/usr/sbin/iptables -w2 -t filter -n -L DOCKER' failed: iptables: No chain/target/match by that name.
Dec 16 10:54:33 COSC419-19 firewalld[567]: WARNING: COMMAND_FAILED: '/usr/sbin/iptables -w2 -t filter -n -L DOCKER-ISOLATION-STAGE-1' failed: iptables: No chain/target/match by that name.
Dec 16 10:54:33 COSC419-19 firewalld[567]: WARNING: COMMAND_FAILED: '/usr/sbin/iptables -w2 -t filter -n -L DOCKER-ISOLATION-STAGE-2' failed: iptables: No chain/target/match by that name.
Dec 16 10:54:33 COSC419-19 firewalld[567]: WARNING: COMMAND_FAILED: '/usr/sbin/iptables -w2 -t filter -C DOCKER-ISOLATION-STAGE-1 -j RETURN' failed: iptables: Bad rule (does a matching rule exist in that chain?).
Dec 16 10:54:33 COSC419-19 firewalld[567]: WARNING: COMMAND_FAILED: '/usr/sbin/iptables -w2 -t filter -C DOCKER-ISOLATION-STAGE-2 -j RETURN' failed: iptables: Bad rule (does a matching rule exist in that chain?).
Dec 16 10:54:33 COSC419-19 kernel: ctnetlink v0.93: registering with nfnetlink.
Dec 16 10:54:33 COSC419-19 firewalld[567]: WARNING: COMMAND_FAILED: '/usr/sbin/iptables -w2 -t nat -C POSTROUTING -s 172.17.0.0/16 ! -o docker0 -j MASQUERADE' failed: iptables: No chain/target/match by that name.
Dec 16 10:54:33 COSC419-19 firewalld[567]: WARNING: COMMAND_FAILED: '/usr/sbin/iptables -w2 -t nat -C DOCKER -i docker0 -j RETURN' failed: iptables: Bad rule (does a matching rule exist in that chain?).
Dec 16 10:54:33 COSC419-19 firewalld[567]: WARNING: COMMAND_FAILED: '/usr/sbin/iptables -w2 -D FORWARD -i docker0 -o docker0 -j DROP' failed: iptables: Bad rule (does a matching rule exist in that chain?).
Dec 16 10:54:33 COSC419-19 firewalld[567]: WARNING: COMMAND_FAILED: '/usr/sbin/iptables -w2 -t filter -C FORWARD -i docker0 -o docker0 -j ACCEPT' failed: iptables: Bad rule (does a matching rule exist in that chain?).
Dec 16 10:54:33 COSC419-19 firewalld[567]: WARNING: COMMAND_FAILED: '/usr/sbin/iptables -w2 -t filter -C FORWARD -i docker0 ! -o docker0 -j ACCEPT' failed: iptables: Bad rule (does a matching rule exist in that chain?).
Dec 16 10:54:33 COSC419-19 firewalld[567]: WARNING: COMMAND_FAILED: '/usr/sbin/iptables -w2 -t nat -C PREROUTING -m addrtype --dst-type LOCAL -j DOCKER' failed: iptables: No chain/target/match by that name.
Dec 16 10:54:33 COSC419-19 firewalld[567]: WARNING: COMMAND_FAILED: '/usr/sbin/iptables -w2 -t nat -C OUTPUT -m addrtype --dst-type LOCAL -j DOCKER ! --dst 127.0.0.0/8' failed: iptables: No chain/target/match by that name.
Dec 16 10:54:33 COSC419-19 firewalld[567]: WARNING: COMMAND_FAILED: '/usr/sbin/iptables -w2 -t filter -C FORWARD -o docker0 -j DOCKER' failed: iptables: No chain/target/match by that name.
Dec 16 10:54:33 COSC419-19 firewalld[567]: WARNING: COMMAND_FAILED: '/usr/sbin/iptables -w2 -t filter -C FORWARD -o docker0 -m conntrack --ctstate RELATED,ESTABLISHED -j ACCEPT' failed: iptables: Bad rule (does a matching rule exist in that chain?).
Dec 16 10:54:33 COSC419-19 firewalld[567]: WARNING: COMMAND_FAILED: '/usr/sbin/iptables -w2 -t filter -C FORWARD -j DOCKER-ISOLATION-STAGE-1' failed: iptables: No chain/target/match by that name.
Dec 16 10:54:33 COSC419-19 firewalld[567]: WARNING: COMMAND_FAILED: '/usr/sbin/iptables -w2 -t filter -C DOCKER-ISOLATION-STAGE-1 -i docker0 ! -o docker0 -j DOCKER-ISOLATION-STAGE-2' failed: iptables: No chain/target/match by that name.
Dec 16 10:54:33 COSC419-19 firewalld[567]: WARNING: COMMAND_FAILED: '/usr/sbin/iptables -w2 -t filter -C DOCKER-ISOLATION-STAGE-2 -o docker0 -j DROP' failed: iptables: Bad rule (does a matching rule exist in that chain?).
Dec 16 10:54:33 COSC419-19 kernel: IPv6: ADDRCONF(NETDEV_UP): docker0: link is not ready
Dec 16 10:54:34 COSC419-19 dockerd: time="2018-12-16T10:54:34.147171157Z" level=info msg="Default bridge (docker0) is assigned with an IP address 172.17.0.0/16. Daemon option --bip can be used to set a preferred IP address"
Dec 16 10:54:34 COSC419-19 firewalld[567]: WARNING: COMMAND_FAILED: '/usr/sbin/iptables -w2 -t nat -C POSTROUTING -s 172.17.0.0/16 ! -o docker0 -j MASQUERADE' failed: iptables: No chain/target/match by that name.
Dec 16 10:54:34 COSC419-19 firewalld[567]: WARNING: COMMAND_FAILED: '/usr/sbin/iptables -w2 -t nat -C DOCKER -i docker0 -j RETURN' failed: iptables: Bad rule (does a matching rule exist in that chain?).
Dec 16 10:54:34 COSC419-19 firewalld[567]: WARNING: COMMAND_FAILED: '/usr/sbin/iptables -w2 -D FORWARD -i docker0 -o docker0 -j DROP' failed: iptables: Bad rule (does a matching rule exist in that chain?).
Dec 16 10:54:34 COSC419-19 firewalld[567]: WARNING: COMMAND_FAILED: '/usr/sbin/iptables -w2 -t filter -C FORWARD -i docker0 -o docker0 -j ACCEPT' failed: iptables: Bad rule (does a matching rule exist in that chain?).
Dec 16 10:54:34 COSC419-19 firewalld[567]: WARNING: COMMAND_FAILED: '/usr/sbin/iptables -w2 -t filter -C FORWARD -i docker0 ! -o docker0 -j ACCEPT' failed: iptables: Bad rule (does a matching rule exist in that chain?).
Dec 16 10:54:34 COSC419-19 firewalld[567]: WARNING: COMMAND_FAILED: '/usr/sbin/iptables -w2 -t filter -C FORWARD -o docker0 -j DOCKER' failed: iptables: No chain/target/match by that name.
Dec 16 10:54:34 COSC419-19 firewalld[567]: WARNING: COMMAND_FAILED: '/usr/sbin/iptables -w2 -t filter -C FORWARD -o docker0 -m conntrack --ctstate RELATED,ESTABLISHED -j ACCEPT' failed: iptables: Bad rule (does a matching rule exist in that chain?).
Dec 16 10:54:34 COSC419-19 firewalld[567]: WARNING: COMMAND_FAILED: '/usr/sbin/iptables -w2 -t filter -C DOCKER-ISOLATION-STAGE-1 -i docker0 ! -o docker0 -j DOCKER-ISOLATION-STAGE-2' failed: iptables: No chain/target/match by that name.
Dec 16 10:54:34 COSC419-19 firewalld[567]: WARNING: COMMAND_FAILED: '/usr/sbin/iptables -w2 -t filter -C DOCKER-ISOLATION-STAGE-2 -o docker0 -j DROP' failed: iptables: Bad rule (does a matching rule exist in that chain?).
Dec 16 10:54:34 COSC419-19 firewalld[567]: WARNING: COMMAND_FAILED: '/usr/sbin/iptables -w2 -t filter -n -L DOCKER-USER' failed: iptables: No chain/target/match by that name.
Dec 16 10:54:34 COSC419-19 firewalld[567]: WARNING: COMMAND_FAILED: '/usr/sbin/iptables -w2 -t filter -C DOCKER-USER -j RETURN' failed: iptables: Bad rule (does a matching rule exist in that chain?).
Dec 16 10:54:34 COSC419-19 firewalld[567]: WARNING: COMMAND_FAILED: '/usr/sbin/iptables -w2 -t filter -C FORWARD -j DOCKER-USER' failed: iptables: No chain/target/match by that name.
Dec 16 10:54:34 COSC419-19 dockerd: time="2018-12-16T10:54:34.402721634Z" level=info msg="Loading containers: done."
Dec 16 10:54:34 COSC419-19 dockerd: time="2018-12-16T10:54:34.460052005Z" level=info msg="Docker daemon" commit=4d60db4 graphdriver(s)=overlay2 version=18.09.0
Dec 16 10:54:34 COSC419-19 dockerd: time="2018-12-16T10:54:34.460459611Z" level=info msg="Daemon has completed initialization"
Dec 16 10:54:34 COSC419-19 dockerd: time="2018-12-16T10:54:34.477974696Z" level=info msg="API listen on /var/run/docker.sock"
Dec 16 10:54:34 COSC419-19 systemd: Started Docker Application Container Engine.
Dec 16 10:54:34 COSC419-19 systemd: Reached target Multi-User System.
Dec 16 10:54:34 COSC419-19 systemd: Starting Multi-User System.
Dec 16 10:54:34 COSC419-19 systemd: Starting Update UTMP about System Runlevel Changes...
Dec 16 10:54:34 COSC419-19 systemd: Started Update UTMP about System Runlevel Changes.
Dec 16 10:54:34 COSC419-19 systemd: Startup finished in 1.772s (kernel) + 1.737s (initrd) + 21.244s (userspace) = 24.754s.
Dec 16 10:54:41 COSC419-19 kernel: random: crng init done
Dec 16 10:54:49 COSC419-19 chronyd[539]: Selected source 174.142.39.145
Dec 16 10:55:08 COSC419-19 systemd: Created slice User Slice of root.
Dec 16 10:55:08 COSC419-19 systemd: Starting User Slice of root.
Dec 16 10:55:08 COSC419-19 systemd: Started Session 1 of user root.
Dec 16 10:55:08 COSC419-19 systemd-logind: New session 1 of user root.
Dec 16 10:55:08 COSC419-19 systemd: Starting Session 1 of user root.
Dec 16 10:57:21 COSC419-19 systemd: Stopping The Apache HTTP Server...
Dec 16 10:57:22 COSC419-19 systemd: Starting The Apache HTTP Server...
Dec 16 10:57:22 COSC419-19 httpd: AH00558: httpd: Could not reliably determine the server's fully qualified domain name, using ::1. Set the 'ServerName' directive globally to suppress this message
Dec 16 10:57:22 COSC419-19 systemd: Started The Apache HTTP Server.
Dec 16 10:58:20 COSC419-19 systemd: Stopping The Apache HTTP Server...
Dec 16 10:58:22 COSC419-19 systemd: Starting The Apache HTTP Server...
Dec 16 10:58:22 COSC419-19 httpd: AH00558: httpd: Could not reliably determine the server's fully qualified domain name, using ::1. Set the 'ServerName' directive globally to suppress this message
Dec 16 10:58:22 COSC419-19 systemd: Started The Apache HTTP Server.
Dec 16 11:01:01 COSC419-19 systemd: Started Session 2 of user root.
Dec 16 11:01:01 COSC419-19 systemd: Starting Session 2 of user root.
Dec 16 11:09:12 COSC419-19 systemd: Starting Cleanup of Temporary Directories...
Dec 16 11:09:12 COSC419-19 systemd: Started Cleanup of Temporary Directories.
Dec 16 11:39:08 COSC419-19 kernel: docker0: port 1(veth36eb371) entered blocking state
Dec 16 11:39:08 COSC419-19 kernel: docker0: port 1(veth36eb371) entered disabled state
Dec 16 11:39:08 COSC419-19 kernel: device veth36eb371 entered promiscuous mode
Dec 16 11:39:08 COSC419-19 kernel: IPv6: ADDRCONF(NETDEV_UP): veth36eb371: link is not ready
Dec 16 11:39:08 COSC419-19 kernel: docker0: port 1(veth36eb371) entered blocking state
Dec 16 11:39:08 COSC419-19 kernel: docker0: port 1(veth36eb371) entered forwarding state
Dec 16 11:39:08 COSC419-19 kernel: docker0: port 1(veth36eb371) entered disabled state
Dec 16 11:39:08 COSC419-19 containerd: time="2018-12-16T11:39:08.149263738Z" level=info msg="shim containerd-shim started" address="/containerd-shim/moby/6251b2bfea437e9e070e0478239122e9330bf29b510bfc6eff63427ec82ae031/shim.sock" debug=false pid=1657
Dec 16 11:39:08 COSC419-19 kernel: IPv6: ADDRCONF(NETDEV_CHANGE): veth36eb371: link becomes ready
Dec 16 11:39:08 COSC419-19 kernel: docker0: port 1(veth36eb371) entered blocking state
Dec 16 11:39:08 COSC419-19 kernel: docker0: port 1(veth36eb371) entered forwarding state
Dec 16 11:39:08 COSC419-19 kernel: IPv6: ADDRCONF(NETDEV_CHANGE): docker0: link becomes ready
Dec 16 11:39:08 COSC419-19 containerd: time="2018-12-16T11:39:08.818932194Z" level=info msg="shim reaped" id=6251b2bfea437e9e070e0478239122e9330bf29b510bfc6eff63427ec82ae031
Dec 16 11:39:08 COSC419-19 dockerd: time="2018-12-16T11:39:08.829235853Z" level=info msg="ignoring event" module=libcontainerd namespace=moby topic=/tasks/delete type="*events.TaskDelete"
Dec 16 11:39:08 COSC419-19 kernel: docker0: port 1(veth36eb371) entered disabled state
Dec 16 11:39:08 COSC419-19 kernel: docker0: port 1(veth36eb371) entered disabled state
Dec 16 11:39:08 COSC419-19 kernel: device veth36eb371 left promiscuous mode
Dec 16 11:39:08 COSC419-19 kernel: docker0: port 1(veth36eb371) entered disabled state
Dec 16 11:42:12 COSC419-19 systemd: Got automount request for /proc/sys/fs/binfmt_misc, triggered by 1753 (find)
Dec 16 11:42:12 COSC419-19 systemd: Mounting Arbitrary Executable File Formats File System...
Dec 16 11:42:12 COSC419-19 systemd: Mounted Arbitrary Executable File Formats File System.
Dec 16 11:43:58 COSC419-19 kernel: docker0: port 1(vethd866f2c) entered blocking state
Dec 16 11:43:58 COSC419-19 kernel: docker0: port 1(vethd866f2c) entered disabled state
Dec 16 11:43:58 COSC419-19 kernel: device vethd866f2c entered promiscuous mode
Dec 16 11:43:58 COSC419-19 kernel: IPv6: ADDRCONF(NETDEV_UP): vethd866f2c: link is not ready
Dec 16 11:43:58 COSC419-19 kernel: docker0: port 1(vethd866f2c) entered blocking state
Dec 16 11:43:58 COSC419-19 kernel: docker0: port 1(vethd866f2c) entered forwarding state
Dec 16 11:43:58 COSC419-19 kernel: docker0: port 1(vethd866f2c) entered disabled state
Dec 16 11:43:58 COSC419-19 containerd: time="2018-12-16T11:43:58.298315684Z" level=info msg="shim containerd-shim started" address="/containerd-shim/moby/cbf4e538427cf31923325f4456c4537d2f009b7586daeb86df7c233f826d19dc/shim.sock" debug=false pid=1862
Dec 16 11:43:58 COSC419-19 kernel: IPv6: ADDRCONF(NETDEV_CHANGE): vethd866f2c: link becomes ready
Dec 16 11:43:58 COSC419-19 kernel: docker0: port 1(vethd866f2c) entered blocking state
Dec 16 11:43:58 COSC419-19 kernel: docker0: port 1(vethd866f2c) entered forwarding state
Dec 16 12:01:01 COSC419-19 systemd: Started Session 3 of user root.
Dec 16 12:01:01 COSC419-19 systemd: Starting Session 3 of user root.
Dec 16 13:01:01 COSC419-19 systemd: Started Session 4 of user root.
Dec 16 13:01:01 COSC419-19 systemd: Starting Session 4 of user root.
Dec 16 14:01:01 COSC419-19 systemd: Started Session 5 of user root.
Dec 16 14:01:01 COSC419-19 systemd: Starting Session 5 of user root.
Dec 16 15:01:01 COSC419-19 systemd: Started Session 6 of user root.
Dec 16 15:01:01 COSC419-19 systemd: Starting Session 6 of user root.
Dec 16 16:01:01 COSC419-19 systemd: Started Session 7 of user root.
Dec 16 16:01:01 COSC419-19 systemd: Starting Session 7 of user root.
Dec 16 17:01:01 COSC419-19 systemd: Started Session 8 of user root.
Dec 16 17:01:02 COSC419-19 systemd: Starting Session 8 of user root.
Dec 16 18:01:01 COSC419-19 systemd: Started Session 9 of user root.
Dec 16 18:01:01 COSC419-19 systemd: Starting Session 9 of user root.
Dec 16 19:01:01 COSC419-19 systemd: Started Session 10 of user root.
Dec 16 19:01:01 COSC419-19 systemd: Starting Session 10 of user root.
Dec 16 20:01:01 COSC419-19 systemd: Started Session 11 of user root.
Dec 16 20:01:01 COSC419-19 systemd: Starting Session 11 of user root.
Dec 16 21:01:01 COSC419-19 systemd: Started Session 12 of user root.
Dec 16 21:01:01 COSC419-19 systemd: Starting Session 12 of user root.
Dec 16 22:01:01 COSC419-19 systemd: Started Session 13 of user root.
Dec 16 22:01:01 COSC419-19 systemd: Starting Session 13 of user root.
Dec 16 23:01:01 COSC419-19 systemd: Started Session 14 of user root.
Dec 16 23:01:01 COSC419-19 systemd: Starting Session 14 of user root.
Dec 17 00:01:01 COSC419-19 systemd: Started Session 15 of user root.
Dec 17 00:01:01 COSC419-19 systemd: Starting Session 15 of user root.
Dec 17 00:30:29 COSC419-19 kernel: Initializing cgroup subsys cpuset
Dec 17 00:30:29 COSC419-19 kernel: Initializing cgroup subsys cpu
Dec 17 00:30:29 COSC419-19 kernel: Initializing cgroup subsys cpuacct
Dec 17 00:30:29 COSC419-19 kernel: Linux version 3.10.0-862.11.6.el7.x86_64 (builder@kbuilder.dev.centos.org) (gcc version 4.8.5 20150623 (Red Hat 4.8.5-28) (GCC) ) #1 SMP Tue Aug 14 21:49:04 UTC 2018
Dec 17 00:30:29 COSC419-19 kernel: Command line: BOOT_IMAGE=/boot/vmlinuz-3.10.0-862.11.6.el7.x86_64 root=UUID=5f1871e2-c19c-4f86-8d6c-04d5fda71a0a ro console=tty0 console=ttyS0,115200n8 crashkernel=auto console=ttyS0,115200 LANG=en_US.UTF-8
Dec 17 00:30:29 COSC419-19 kernel: e820: BIOS-provided physical RAM map:
Dec 17 00:30:29 COSC419-19 kernel: BIOS-e820: [mem 0x0000000000000000-0x000000000009fbff] usable
Dec 17 00:30:29 COSC419-19 kernel: BIOS-e820: [mem 0x000000000009fc00-0x000000000009ffff] reserved
Dec 17 00:30:29 COSC419-19 kernel: BIOS-e820: [mem 0x00000000000f0000-0x00000000000fffff] reserved
Dec 17 00:30:29 COSC419-19 kernel: BIOS-e820: [mem 0x0000000000100000-0x000000003fff8fff] usable
Dec 17 00:30:29 COSC419-19 kernel: BIOS-e820: [mem 0x000000003fff9000-0x000000003fffffff] reserved
Dec 17 00:30:29 COSC419-19 kernel: BIOS-e820: [mem 0x00000000feffc000-0x00000000feffffff] reserved
Dec 17 00:30:29 COSC419-19 kernel: BIOS-e820: [mem 0x00000000fffc0000-0x00000000ffffffff] reserved
Dec 17 00:30:29 COSC419-19 kernel: NX (Execute Disable) protection: active
Dec 17 00:30:29 COSC419-19 kernel: SMBIOS 2.4 present.
Dec 17 00:30:29 COSC419-19 kernel: Hypervisor detected: KVM
Dec 17 00:30:29 COSC419-19 kernel: e820: last_pfn = 0x3fff9 max_arch_pfn = 0x400000000
Dec 17 00:30:29 COSC419-19 kernel: PAT configuration [0-7]: WB  WC  UC- UC  WB  WP  UC- UC  
Dec 17 00:30:29 COSC419-19 kernel: found SMP MP-table at [mem 0x000f1280-0x000f128f] mapped at [ffffffffff200280]
Dec 17 00:30:29 COSC419-19 kernel: Using GB pages for direct mapping
Dec 17 00:30:29 COSC419-19 kernel: RAMDISK: [mem 0x33165000-0x358aafff]
Dec 17 00:30:29 COSC419-19 kernel: Early table checksum verification disabled
Dec 17 00:30:29 COSC419-19 kernel: ACPI: RSDP 00000000000f10f0 00014 (v00 BOCHS )
Dec 17 00:30:29 COSC419-19 kernel: ACPI: RSDT 000000003fffe470 00034 (v01 BOCHS  BXPCRSDT 00000001 BXPC 00000001)
Dec 17 00:30:29 COSC419-19 kernel: ACPI: FACP 000000003fffff80 00074 (v01 BOCHS  BXPCFACP 00000001 BXPC 00000001)
Dec 17 00:30:29 COSC419-19 kernel: ACPI: DSDT 000000003fffe4b0 01135 (v01 BOCHS  BXPCDSDT 00000001 BXPC 00000001)
Dec 17 00:30:29 COSC419-19 kernel: ACPI: FACS 000000003fffff40 00040
Dec 17 00:30:29 COSC419-19 kernel: ACPI: SSDT 000000003ffff720 00819 (v01 BOCHS  BXPCSSDT 00000001 BXPC 00000001)
Dec 17 00:30:29 COSC419-19 kernel: ACPI: APIC 000000003ffff630 00078 (v01 BOCHS  BXPCAPIC 00000001 BXPC 00000001)
Dec 17 00:30:29 COSC419-19 kernel: ACPI: HPET 000000003ffff5f0 00038 (v01 BOCHS  BXPCHPET 00000001 BXPC 00000001)
Dec 17 00:30:29 COSC419-19 kernel: No NUMA configuration found
Dec 17 00:30:29 COSC419-19 kernel: Faking a node at [mem 0x0000000000000000-0x000000003fff8fff]
Dec 17 00:30:29 COSC419-19 kernel: NODE_DATA(0) allocated [mem 0x3ffd2000-0x3fff8fff]
Dec 17 00:30:29 COSC419-19 kernel: crashkernel=auto resulted in zero bytes of reserved memory.
Dec 17 00:30:29 COSC419-19 kernel: kvm-clock: Using msrs 4b564d01 and 4b564d00
Dec 17 00:30:29 COSC419-19 kernel: kvm-clock: cpu 0, msr 0:3ff82001, primary cpu clock
Dec 17 00:30:29 COSC419-19 kernel: kvm-clock: using sched offset of 3771079444 cycles
Dec 17 00:30:29 COSC419-19 kernel: Zone ranges:
Dec 17 00:30:29 COSC419-19 kernel:  DMA      [mem 0x00001000-0x00ffffff]
Dec 17 00:30:29 COSC419-19 kernel:  DMA32    [mem 0x01000000-0xffffffff]
Dec 17 00:30:29 COSC419-19 kernel:  Normal   empty
Dec 17 00:30:29 COSC419-19 kernel: Movable zone start for each node
Dec 17 00:30:29 COSC419-19 kernel: Early memory node ranges
Dec 17 00:30:29 COSC419-19 kernel:  node   0: [mem 0x00001000-0x0009efff]
Dec 17 00:30:29 COSC419-19 kernel:  node   0: [mem 0x00100000-0x3fff8fff]
Dec 17 00:30:29 COSC419-19 kernel: Initmem setup node 0 [mem 0x00001000-0x3fff8fff]
Dec 17 00:30:29 COSC419-19 kernel: ACPI: PM-Timer IO Port: 0xb008
Dec 17 00:30:29 COSC419-19 kernel: ACPI: LAPIC (acpi_id[0x00] lapic_id[0x00] enabled)
Dec 17 00:30:29 COSC419-19 kernel: ACPI: LAPIC_NMI (acpi_id[0xff] dfl dfl lint[0x1])
Dec 17 00:30:29 COSC419-19 kernel: ACPI: IOAPIC (id[0x00] address[0xfec00000] gsi_base[0])
Dec 17 00:30:29 COSC419-19 kernel: IOAPIC[0]: apic_id 0, version 17, address 0xfec00000, GSI 0-23
Dec 17 00:30:29 COSC419-19 kernel: ACPI: INT_SRC_OVR (bus 0 bus_irq 0 global_irq 2 dfl dfl)
Dec 17 00:30:29 COSC419-19 kernel: ACPI: INT_SRC_OVR (bus 0 bus_irq 5 global_irq 5 high level)
Dec 17 00:30:29 COSC419-19 kernel: ACPI: INT_SRC_OVR (bus 0 bus_irq 9 global_irq 9 high level)
Dec 17 00:30:29 COSC419-19 kernel: ACPI: INT_SRC_OVR (bus 0 bus_irq 10 global_irq 10 high level)
Dec 17 00:30:29 COSC419-19 kernel: ACPI: INT_SRC_OVR (bus 0 bus_irq 11 global_irq 11 high level)
Dec 17 00:30:29 COSC419-19 kernel: Using ACPI (MADT) for SMP configuration information
Dec 17 00:30:29 COSC419-19 kernel: ACPI: HPET id: 0x8086a201 base: 0xfed00000
Dec 17 00:30:29 COSC419-19 kernel: smpboot: Allowing 1 CPUs, 0 hotplug CPUs
Dec 17 00:30:29 COSC419-19 kernel: PM: Registered nosave memory: [mem 0x0009f000-0x0009ffff]
Dec 17 00:30:29 COSC419-19 kernel: PM: Registered nosave memory: [mem 0x000a0000-0x000effff]
Dec 17 00:30:29 COSC419-19 kernel: PM: Registered nosave memory: [mem 0x000f0000-0x000fffff]
Dec 17 00:30:29 COSC419-19 kernel: e820: [mem 0x40000000-0xfeffbfff] available for PCI devices
Dec 17 00:30:29 COSC419-19 kernel: Booting paravirtualized kernel on KVM
Dec 17 00:30:29 COSC419-19 kernel: setup_percpu: NR_CPUS:5120 nr_cpumask_bits:1 nr_cpu_ids:1 nr_node_ids:1
Dec 17 00:30:29 COSC419-19 kernel: PERCPU: Embedded 35 pages/cpu @ffff90853fc00000 s104920 r8192 d30248 u2097152
Dec 17 00:30:29 COSC419-19 kernel: KVM setup async PF for cpu 0
Dec 17 00:30:29 COSC419-19 kernel: kvm-stealtime: cpu 0, msr 3fc13500
Dec 17 00:30:29 COSC419-19 kernel: PV qspinlock hash table entries: 256 (order: 0, 4096 bytes)
Dec 17 00:30:29 COSC419-19 kernel: Built 1 zonelists in Node order, mobility grouping on.  Total pages: 257922
Dec 17 00:30:29 COSC419-19 kernel: Policy zone: DMA32
Dec 17 00:30:29 COSC419-19 kernel: Kernel command line: BOOT_IMAGE=/boot/vmlinuz-3.10.0-862.11.6.el7.x86_64 root=UUID=5f1871e2-c19c-4f86-8d6c-04d5fda71a0a ro console=tty0 console=ttyS0,115200n8 crashkernel=auto console=ttyS0,115200 LANG=en_US.UTF-8
Dec 17 00:30:29 COSC419-19 kernel: PID hash table entries: 4096 (order: 3, 32768 bytes)
Dec 17 00:30:29 COSC419-19 kernel: x86/fpu: xstate_offset[2]: 0240, xstate_sizes[2]: 0100
Dec 17 00:30:29 COSC419-19 kernel: xsave: enabled xstate_bv 0x7, cntxt size 0x340 using standard form
Dec 17 00:30:29 COSC419-19 kernel: Memory: 971928k/1048548k available (7348k kernel code, 392k absent, 76228k reserved, 6281k data, 1836k init)
Dec 17 00:30:29 COSC419-19 kernel: SLUB: HWalign=64, Order=0-3, MinObjects=0, CPUs=1, Nodes=1
Dec 17 00:30:29 COSC419-19 kernel: x86/pti: Unmapping kernel while in userspace
Dec 17 00:30:29 COSC419-19 kernel: Hierarchical RCU implementation.
