-- Logs begin at Wed 2018-05-16 20:46:47 UTC, end at Wed 2018-05-16 20:54:57 UTC. --
May 16 20:46:47 localhost systemd-journal[90]: Runtime journal is using 8.0M (max allowed 99.9M, trying to leave 149.9M free of 991.8M available â†’ current limit 99.9M).
May 16 20:46:47 localhost kernel: Initializing cgroup subsys cpuset
May 16 20:46:47 localhost kernel: Initializing cgroup subsys cpu
May 16 20:46:47 localhost kernel: Initializing cgroup subsys cpuacct
May 16 20:46:47 localhost kernel: Linux version 3.10.0-862.el7.x86_64 (builder@kbuilder.dev.centos.org) (gcc version 4.8.5 20150623 (Red Hat 4.8.5-28) (GCC) ) #1 SMP Fri Apr 20 16:44:24 UTC 2018
May 16 20:46:47 localhost kernel: Command line: method=http://mirror.centos.org/centos/7/os/x86_64/ ks=file:/CentOS-7-x86_64-hvm.ks console=tty0 console=ttyS0,115200 
May 16 20:46:47 localhost kernel: Disabled fast string operations
May 16 20:46:47 localhost kernel: e820: BIOS-provided physical RAM map:
May 16 20:46:47 localhost kernel: BIOS-e820: [mem 0x0000000000000000-0x000000000009d7ff] usable
May 16 20:46:47 localhost kernel: BIOS-e820: [mem 0x000000000009d800-0x000000000009ffff] reserved
May 16 20:46:47 localhost kernel: BIOS-e820: [mem 0x00000000000f0000-0x00000000000fffff] reserved
May 16 20:46:47 localhost kernel: BIOS-e820: [mem 0x0000000000100000-0x000000007fffcfff] usable
May 16 20:46:47 localhost kernel: BIOS-e820: [mem 0x000000007fffd000-0x000000007fffffff] reserved
May 16 20:46:47 localhost kernel: BIOS-e820: [mem 0x00000000fffbc000-0x00000000ffffffff] reserved
May 16 20:46:47 localhost kernel: NX (Execute Disable) protection: active
May 16 20:46:47 localhost kernel: SMBIOS 2.4 present.
May 16 20:46:47 localhost kernel: DMI: Red Hat KVM, BIOS 0.5.1 01/01/2007
May 16 20:46:47 localhost kernel: Hypervisor detected: KVM
May 16 20:46:47 localhost kernel: e820: update [mem 0x00000000-0x00000fff] usable ==> reserved
May 16 20:46:47 localhost kernel: e820: remove [mem 0x000a0000-0x000fffff] usable
May 16 20:46:47 localhost kernel: e820: last_pfn = 0x7fffd max_arch_pfn = 0x400000000
May 16 20:46:47 localhost kernel: MTRR default type: write-back
May 16 20:46:47 localhost kernel: MTRR fixed ranges enabled:
May 16 20:46:47 localhost kernel:   00000-9FFFF write-back
May 16 20:46:47 localhost kernel:   A0000-BFFFF uncachable
May 16 20:46:47 localhost kernel:   C0000-FFFFF write-protect
May 16 20:46:47 localhost kernel: MTRR variable ranges enabled:
May 16 20:46:47 localhost kernel:   0 base 0000E0000000 mask 3FFFE0000000 uncachable
May 16 20:46:47 localhost kernel:   1 disabled
May 16 20:46:47 localhost kernel:   2 disabled
May 16 20:46:47 localhost kernel:   3 disabled
May 16 20:46:47 localhost kernel:   4 disabled
May 16 20:46:47 localhost kernel:   5 disabled
May 16 20:46:47 localhost kernel:   6 disabled
May 16 20:46:47 localhost kernel:   7 disabled
May 16 20:46:47 localhost kernel: PAT configuration [0-7]: WB  WC  UC- UC  UC  UC  UC  UC  
May 16 20:46:47 localhost kernel: found SMP MP-table at [mem 0x000fda30-0x000fda3f] mapped at [ffffffffff200a30]
May 16 20:46:47 localhost kernel: Base memory trampoline at [ffff8e8500097000] 97000 size 24576
May 16 20:46:47 localhost kernel: Using GB pages for direct mapping
May 16 20:46:47 localhost kernel: BRK [0x3082e000, 0x3082efff] PGTABLE
May 16 20:46:47 localhost kernel: BRK [0x3082f000, 0x3082ffff] PGTABLE
May 16 20:46:47 localhost kernel: BRK [0x30830000, 0x30830fff] PGTABLE
May 16 20:46:47 localhost kernel: BRK [0x30831000, 0x30831fff] PGTABLE
May 16 20:46:47 localhost kernel: BRK [0x30832000, 0x30832fff] PGTABLE
May 16 20:46:47 localhost kernel: BRK [0x30833000, 0x30833fff] PGTABLE
May 16 20:46:47 localhost kernel: RAMDISK: [mem 0x7cd7d000-0x7ffeffff]
May 16 20:46:47 localhost kernel: Early table checksum verification disabled
May 16 20:46:47 localhost kernel: ACPI: RSDP 00000000000fd9e0 00014 (v00 BOCHS )
May 16 20:46:47 localhost kernel: ACPI: RSDT 000000007fffd5d0 00034 (v01 BOCHS  BXPCRSDT 00000001 BXPC 00000001)
May 16 20:46:47 localhost kernel: ACPI: FACP 000000007ffffe20 00074 (v01 BOCHS  BXPCFACP 00000001 BXPC 00000001)
May 16 20:46:47 localhost kernel: ACPI: DSDT 000000007fffd910 024A2 (v01   BXPC   BXDSDT 00000001 INTL 20090123)
May 16 20:46:47 localhost kernel: ACPI: FACS 000000007ffffdc0 00040
May 16 20:46:47 localhost kernel: ACPI: SSDT 000000007fffd810 000FF (v01 BOCHS  BXPCSSDT 00000001 BXPC 00000001)
May 16 20:46:47 localhost kernel: ACPI: APIC 000000007fffd720 00080 (v01 BOCHS  BXPCAPIC 00000001 BXPC 00000001)
May 16 20:46:47 localhost kernel: ACPI: SSDT 000000007fffd610 0010F (v01   BXPC BXSSDTPC 00000001 INTL 20090123)
May 16 20:46:47 localhost kernel: ACPI: Local APIC address 0xfee00000
May 16 20:46:47 localhost kernel: No NUMA configuration found
May 16 20:46:47 localhost kernel: Faking a node at [mem 0x0000000000000000-0x000000007fffcfff]
May 16 20:46:47 localhost kernel: NODE_DATA(0) allocated [mem 0x7cd56000-0x7cd7cfff]
May 16 20:46:47 localhost kernel: kvm-clock: Using msrs 4b564d01 and 4b564d00
May 16 20:46:47 localhost kernel: kvm-clock: cpu 0, msr 0:7cd06001, primary cpu clock
May 16 20:46:47 localhost kernel: Zone ranges:
May 16 20:46:47 localhost kernel:   DMA      [mem 0x00001000-0x00ffffff]
May 16 20:46:47 localhost kernel:   DMA32    [mem 0x01000000-0xffffffff]
May 16 20:46:47 localhost kernel:   Normal   empty
May 16 20:46:47 localhost kernel: Movable zone start for each node
May 16 20:46:47 localhost kernel: Early memory node ranges
May 16 20:46:47 localhost kernel:   node   0: [mem 0x00001000-0x0009cfff]
May 16 20:46:47 localhost kernel:   node   0: [mem 0x00100000-0x7fffcfff]
May 16 20:46:47 localhost kernel: Initmem setup node 0 [mem 0x00001000-0x7fffcfff]
May 16 20:46:47 localhost kernel: On node 0 totalpages: 524185
May 16 20:46:47 localhost kernel:   DMA zone: 64 pages used for memmap
May 16 20:46:47 localhost kernel:   DMA zone: 21 pages reserved
May 16 20:46:47 localhost kernel:   DMA zone: 3996 pages, LIFO batch:0
May 16 20:46:47 localhost kernel:   DMA32 zone: 8128 pages used for memmap
May 16 20:46:47 localhost kernel:   DMA32 zone: 520189 pages, LIFO batch:31
May 16 20:46:47 localhost kernel: ACPI: PM-Timer IO Port: 0xb008
May 16 20:46:47 localhost kernel: ACPI: Local APIC address 0xfee00000
May 16 20:46:47 localhost kernel: ACPI: LAPIC (acpi_id[0x00] lapic_id[0x00] enabled)
May 16 20:46:47 localhost kernel: ACPI: LAPIC (acpi_id[0x01] lapic_id[0x01] enabled)
May 16 20:46:47 localhost kernel: ACPI: LAPIC_NMI (acpi_id[0xff] dfl dfl lint[0x1])
May 16 20:46:47 localhost kernel: ACPI: IOAPIC (id[0x00] address[0xfec00000] gsi_base[0])
May 16 20:46:47 localhost kernel: IOAPIC[0]: apic_id 0, version 17, address 0xfec00000, GSI 0-23
May 16 20:46:47 localhost kernel: ACPI: INT_SRC_OVR (bus 0 bus_irq 0 global_irq 2 dfl dfl)
May 16 20:46:47 localhost kernel: ACPI: INT_SRC_OVR (bus 0 bus_irq 5 global_irq 5 high level)
May 16 20:46:47 localhost kernel: ACPI: INT_SRC_OVR (bus 0 bus_irq 9 global_irq 9 high level)
May 16 20:46:47 localhost kernel: ACPI: INT_SRC_OVR (bus 0 bus_irq 10 global_irq 10 high level)
May 16 20:46:47 localhost kernel: ACPI: INT_SRC_OVR (bus 0 bus_irq 11 global_irq 11 high level)
May 16 20:46:47 localhost kernel: ACPI: IRQ0 used by override.
May 16 20:46:47 localhost kernel: ACPI: IRQ5 used by override.
May 16 20:46:47 localhost kernel: ACPI: IRQ9 used by override.
May 16 20:46:47 localhost kernel: ACPI: IRQ10 used by override.
May 16 20:46:47 localhost kernel: ACPI: IRQ11 used by override.
May 16 20:46:47 localhost kernel: Using ACPI (MADT) for SMP configuration information
May 16 20:46:47 localhost kernel: smpboot: Allowing 2 CPUs, 0 hotplug CPUs
May 16 20:46:47 localhost kernel: PM: Registered nosave memory: [mem 0x0009d000-0x0009dfff]
May 16 20:46:47 localhost kernel: PM: Registered nosave memory: [mem 0x0009e000-0x0009ffff]
May 16 20:46:47 localhost kernel: PM: Registered nosave memory: [mem 0x000a0000-0x000effff]
May 16 20:46:47 localhost kernel: PM: Registered nosave memory: [mem 0x000f0000-0x000fffff]
May 16 20:46:47 localhost kernel: e820: [mem 0x80000000-0xfffbbfff] available for PCI devices
May 16 20:46:47 localhost kernel: Booting paravirtualized kernel on KVM
May 16 20:46:47 localhost kernel: setup_percpu: NR_CPUS:5120 nr_cpumask_bits:2 nr_cpu_ids:2 nr_node_ids:1
May 16 20:46:47 localhost kernel: PERCPU: Embedded 35 pages/cpu @ffff8e857ca00000 s104856 r8192 d30312 u1048576
May 16 20:46:47 localhost kernel: pcpu-alloc: s104856 r8192 d30312 u1048576 alloc=1*2097152
May 16 20:46:47 localhost kernel: pcpu-alloc: [0] 0 1 
May 16 20:46:47 localhost kernel: kvm-stealtime: cpu 0, msr 7ca134c0
May 16 20:46:47 localhost kernel: Built 1 zonelists in Node order, mobility grouping on.  Total pages: 515972
May 16 20:46:47 localhost kernel: Policy zone: DMA32
May 16 20:46:47 localhost kernel: Kernel command line: method=http://mirror.centos.org/centos/7/os/x86_64/ ks=file:/CentOS-7-x86_64-hvm.ks console=tty0 console=ttyS0,115200 
May 16 20:46:47 localhost kernel: PID hash table entries: 4096 (order: 3, 32768 bytes)
May 16 20:46:47 localhost kernel: x86/fpu: xstate_offset[2]: 0240, xstate_sizes[2]: 0100
May 16 20:46:47 localhost kernel: xsave: enabled xstate_bv 0x7, cntxt size 0x340 using standard form
May 16 20:46:47 localhost kernel: Memory: 1992552k/2097140k available (7324k kernel code, 400k absent, 104188k reserved, 6305k data, 1832k init)
May 16 20:46:47 localhost kernel: SLUB: HWalign=64, Order=0-3, MinObjects=0, CPUs=2, Nodes=1
May 16 20:46:47 localhost kernel: x86/pti: Unmapping kernel while in userspace
May 16 20:46:47 localhost kernel: Hierarchical RCU implementation.
May 16 20:46:47 localhost kernel:         RCU restricting CPUs from NR_CPUS=5120 to nr_cpu_ids=2.
May 16 20:46:47 localhost kernel: NR_IRQS:327936 nr_irqs:440 0
May 16 20:46:47 localhost kernel: Console: colour dummy device 80x25
May 16 20:46:47 localhost kernel: console [tty0] enabled
May 16 20:46:47 localhost kernel: console [ttyS0] enabled
May 16 20:46:47 localhost kernel: allocated 8388608 bytes of page_cgroup
May 16 20:46:47 localhost kernel: please try 'cgroup_disable=memory' option if you don't want memory cgroups
May 16 20:46:47 localhost kernel: tsc: Detected 1999.999 MHz processor
May 16 20:46:47 localhost kernel: Calibrating delay loop (skipped) preset value.. 3999.99 BogoMIPS (lpj=1999999)
May 16 20:46:47 localhost kernel: pid_max: default: 32768 minimum: 301
May 16 20:46:47 localhost kernel: Security Framework initialized
May 16 20:46:47 localhost kernel: SELinux:  Initializing.
May 16 20:46:47 localhost kernel: SELinux:  Starting in permissive mode
May 16 20:46:47 localhost kernel: Yama: becoming mindful.
May 16 20:46:47 localhost kernel: Dentry cache hash table entries: 262144 (order: 9, 2097152 bytes)
May 16 20:46:47 localhost kernel: Inode-cache hash table entries: 131072 (order: 8, 1048576 bytes)
May 16 20:46:47 localhost kernel: Mount-cache hash table entries: 4096 (order: 3, 32768 bytes)
May 16 20:46:47 localhost kernel: Mountpoint-cache hash table entries: 4096 (order: 3, 32768 bytes)
May 16 20:46:47 localhost kernel: Initializing cgroup subsys memory
May 16 20:46:47 localhost kernel: Initializing cgroup subsys devices
May 16 20:46:47 localhost kernel: Initializing cgroup subsys freezer
May 16 20:46:47 localhost kernel: Initializing cgroup subsys net_cls
May 16 20:46:47 localhost kernel: Initializing cgroup subsys blkio
May 16 20:46:47 localhost kernel: Initializing cgroup subsys perf_event
May 16 20:46:47 localhost kernel: Initializing cgroup subsys hugetlb
May 16 20:46:47 localhost kernel: Initializing cgroup subsys pids
May 16 20:46:47 localhost kernel: Initializing cgroup subsys net_prio
May 16 20:46:47 localhost kernel: Disabled fast string operations
May 16 20:46:47 localhost kernel: mce: CPU supports 10 MCE banks
May 16 20:46:47 localhost kernel: Last level iTLB entries: 4KB 0, 2MB 0, 4MB 0
May 16 20:46:47 localhost kernel: Last level dTLB entries: 4KB 0, 2MB 0, 4MB 0
May 16 20:46:47 localhost kernel: tlb_flushall_shift: 6
May 16 20:46:47 localhost kernel: FEATURE SPEC_CTRL Not Present
May 16 20:46:47 localhost kernel: FEATURE IBPB_SUPPORT Not Present
May 16 20:46:47 localhost kernel: Spectre V2 : Vulnerable: Retpoline without IBPB
May 16 20:46:47 localhost kernel: Freeing SMP alternatives: 24k freed
May 16 20:46:47 localhost kernel: ACPI: Core revision 20130517
May 16 20:46:47 localhost kernel: ACPI: All ACPI Tables successfully acquired
May 16 20:46:47 localhost kernel: ftrace: allocating 28047 entries in 110 pages
May 16 20:46:47 localhost kernel: Enabling x2apic
May 16 20:46:47 localhost kernel: Enabled x2apic
May 16 20:46:47 localhost kernel: Switched APIC routing to physical x2apic.
May 16 20:46:47 localhost kernel: ..TIMER: vector=0x30 apic1=0 pin1=2 apic2=-1 pin2=-1
May 16 20:46:47 localhost kernel: smpboot: CPU0: Intel Xeon E312xx (Sandy Bridge) (fam: 06, model: 2a, stepping: 01)
May 16 20:46:47 localhost kernel: TSC deadline timer enabled
May 16 20:46:47 localhost kernel: Performance Events: unsupported p6 CPU model 42 no PMU driver, software events only.
May 16 20:46:47 localhost kernel: smpboot: Booting Node   0, Processors  #1 OK
May 16 20:46:47 localhost kernel: kvm-clock: cpu 1, msr 0:7cd06041, secondary cpu clock
May 16 20:46:47 localhost kernel: Disabled fast string operations
May 16 20:46:47 localhost kernel: Brought up 2 CPUs
May 16 20:46:47 localhost kernel: kvm-stealtime: cpu 1, msr 7cb134c0
May 16 20:46:47 localhost kernel: smpboot: Max logical packages: 2
May 16 20:46:47 localhost kernel: smpboot: Total of 2 processors activated (7999.99 BogoMIPS)
May 16 20:46:47 localhost kernel: devtmpfs: initialized
May 16 20:46:47 localhost kernel: EVM: security.selinux
May 16 20:46:47 localhost kernel: EVM: security.ima
May 16 20:46:47 localhost kernel: EVM: security.capability
May 16 20:46:47 localhost kernel: atomic64 test passed for x86-64 platform with CX8 and with SSE
May 16 20:46:47 localhost kernel: pinctrl core: initialized pinctrl subsystem
May 16 20:46:47 localhost kernel: RTC time: 20:46:43, date: 05/16/18
May 16 20:46:47 localhost kernel: NET: Registered protocol family 16
May 16 20:46:47 localhost kernel: ACPI: bus type PCI registered
May 16 20:46:47 localhost kernel: acpiphp: ACPI Hot Plug PCI Controller Driver version: 0.5
May 16 20:46:47 localhost kernel: PCI: Using configuration type 1 for base access
May 16 20:46:47 localhost kernel: ACPI: Added _OSI(Module Device)
May 16 20:46:47 localhost kernel: ACPI: Added _OSI(Processor Device)
May 16 20:46:47 localhost kernel: ACPI: Added _OSI(3.0 _SCP Extensions)
May 16 20:46:47 localhost kernel: ACPI: Added _OSI(Processor Aggregator Device)
May 16 20:46:47 localhost kernel: ACPI: EC: Look up EC in DSDT
May 16 20:46:47 localhost kernel: ACPI: Interpreter enabled
May 16 20:46:47 localhost kernel: ACPI: (supports S0 S5)
May 16 20:46:47 localhost kernel: ACPI: Using IOAPIC for interrupt routing
May 16 20:46:47 localhost kernel: PCI: Using host bridge windows from ACPI; if necessary, use "pci=nocrs" and report a bug
May 16 20:46:47 localhost kernel: ACPI: Enabled 16 GPEs in block 00 to 0F
May 16 20:46:47 localhost kernel: ACPI: PCI Root Bridge [PCI0] (domain 0000 [bus 00-ff])
May 16 20:46:47 localhost kernel: acpi PNP0A03:00: _OSC: OS supports [ASPM ClockPM Segments MSI]
May 16 20:46:47 localhost kernel: acpi PNP0A03:00: _OSC failed (AE_NOT_FOUND); disabling ASPM
May 16 20:46:47 localhost kernel: acpi PNP0A03:00: fail to add MMCONFIG information, can't access extended PCI configuration space under this bridge.
May 16 20:46:47 localhost kernel: acpiphp: Slot [1] registered
May 16 20:46:47 localhost kernel: acpiphp: Slot [2] registered
May 16 20:46:47 localhost kernel: acpiphp: Slot [3] registered
May 16 20:46:47 localhost kernel: acpiphp: Slot [4] registered
May 16 20:46:47 localhost kernel: acpiphp: Slot [5] registered
May 16 20:46:47 localhost kernel: acpiphp: Slot [6] registered
May 16 20:46:47 localhost kernel: acpiphp: Slot [7] registered
May 16 20:46:47 localhost kernel: acpiphp: Slot [8] registered
May 16 20:46:47 localhost kernel: acpiphp: Slot [9] registered
May 16 20:46:47 localhost kernel: acpiphp: Slot [10] registered
May 16 20:46:47 localhost kernel: acpiphp: Slot [11] registered
May 16 20:46:47 localhost kernel: acpiphp: Slot [12] registered
May 16 20:46:47 localhost kernel: acpiphp: Slot [13] registered
May 16 20:46:47 localhost kernel: acpiphp: Slot [14] registered
May 16 20:46:47 localhost kernel: acpiphp: Slot [15] registered
May 16 20:46:47 localhost kernel: acpiphp: Slot [16] registered
May 16 20:46:47 localhost kernel: acpiphp: Slot [17] registered
May 16 20:46:47 localhost kernel: acpiphp: Slot [18] registered
May 16 20:46:47 localhost kernel: acpiphp: Slot [19] registered
May 16 20:46:47 localhost kernel: acpiphp: Slot [20] registered
May 16 20:46:47 localhost kernel: acpiphp: Slot [21] registered
May 16 20:46:47 localhost kernel: acpiphp: Slot [22] registered
May 16 20:46:47 localhost kernel: acpiphp: Slot [23] registered
May 16 20:46:47 localhost kernel: acpiphp: Slot [24] registered
May 16 20:46:47 localhost kernel: acpiphp: Slot [25] registered
May 16 20:46:47 localhost kernel: acpiphp: Slot [26] registered
May 16 20:46:47 localhost kernel: acpiphp: Slot [27] registered
May 16 20:46:47 localhost kernel: acpiphp: Slot [28] registered
May 16 20:46:47 localhost kernel: acpiphp: Slot [29] registered
May 16 20:46:47 localhost kernel: acpiphp: Slot [30] registered
May 16 20:46:47 localhost kernel: acpiphp: Slot [31] registered
May 16 20:46:47 localhost kernel: PCI host bridge to bus 0000:00
May 16 20:46:47 localhost kernel: pci_bus 0000:00: root bus resource [bus 00-ff]
May 16 20:46:47 localhost kernel: pci_bus 0000:00: root bus resource [io  0x0000-0x0cf7 window]
May 16 20:46:47 localhost kernel: pci_bus 0000:00: root bus resource [io  0x0d00-0xffff window]
May 16 20:46:47 localhost kernel: pci_bus 0000:00: root bus resource [mem 0x000a0000-0x000bffff window]
May 16 20:46:47 localhost kernel: pci_bus 0000:00: root bus resource [mem 0xe0000000-0xfebfffff window]
May 16 20:46:47 localhost kernel: pci 0000:00:00.0: [8086:1237] type 00 class 0x060000
May 16 20:46:47 localhost kernel: pci 0000:00:01.0: [8086:7000] type 00 class 0x060100
May 16 20:46:47 localhost kernel: pci 0000:00:01.1: [8086:7010] type 00 class 0x010180
May 16 20:46:47 localhost kernel: pci 0000:00:01.1: reg 0x20: [io  0xc000-0xc00f]
May 16 20:46:47 localhost kernel: pci 0000:00:01.1: legacy IDE quirk: reg 0x10: [io  0x01f0-0x01f7]
May 16 20:46:47 localhost kernel: pci 0000:00:01.1: legacy IDE quirk: reg 0x14: [io  0x03f6]
May 16 20:46:47 localhost kernel: pci 0000:00:01.1: legacy IDE quirk: reg 0x18: [io  0x0170-0x0177]
May 16 20:46:47 localhost kernel: pci 0000:00:01.1: legacy IDE quirk: reg 0x1c: [io  0x0376]
May 16 20:46:47 localhost kernel: pci 0000:00:01.3: [8086:7113] type 00 class 0x068000
May 16 20:46:47 localhost kernel: pci 0000:00:01.3: quirk: [io  0xb000-0xb03f] claimed by PIIX4 ACPI
May 16 20:46:47 localhost kernel: pci 0000:00:01.3: quirk: [io  0xb100-0xb10f] claimed by PIIX4 SMB
May 16 20:46:47 localhost kernel: pci 0000:00:03.0: [1af4:1000] type 00 class 0x020000
May 16 20:46:47 localhost kernel: pci 0000:00:03.0: reg 0x10: [io  0xc020-0xc03f]
May 16 20:46:47 localhost kernel: pci 0000:00:03.0: reg 0x14: [mem 0xf0000000-0xf0000fff]
May 16 20:46:47 localhost kernel: pci 0000:00:03.0: reg 0x30: [mem 0xf0010000-0xf001ffff pref]
May 16 20:46:47 localhost kernel: pci 0000:00:04.0: [8086:2934] type 00 class 0x0c0300
May 16 20:46:47 localhost kernel: pci 0000:00:04.0: reg 0x20: [io  0xc040-0xc05f]
May 16 20:46:47 localhost kernel: pci 0000:00:04.1: [8086:2935] type 00 class 0x0c0300
May 16 20:46:47 localhost kernel: pci 0000:00:04.1: reg 0x20: [io  0xc060-0xc07f]
May 16 20:46:47 localhost kernel: pci 0000:00:04.2: [8086:2936] type 00 class 0x0c0300
May 16 20:46:47 localhost kernel: pci 0000:00:04.2: reg 0x20: [io  0xc080-0xc09f]
May 16 20:46:47 localhost kernel: pci 0000:00:04.7: [8086:293a] type 00 class 0x0c0320
May 16 20:46:47 localhost kernel: pci 0000:00:04.7: reg 0x10: [mem 0xf0020000-0xf0020fff]
May 16 20:46:47 localhost kernel: pci 0000:00:05.0: [1af4:1001] type 00 class 0x010000
May 16 20:46:47 localhost kernel: pci 0000:00:05.0: reg 0x10: [io  0xc0c0-0xc0ff]
May 16 20:46:47 localhost kernel: pci 0000:00:05.0: reg 0x14: [mem 0xf0021000-0xf0021fff]
May 16 20:46:47 localhost kernel: pci 0000:00:06.0: [1af4:1002] type 00 class 0x050000
May 16 20:46:47 localhost kernel: pci 0000:00:06.0: reg 0x10: [io  0xc100-0xc11f]
May 16 20:46:47 localhost kernel: ACPI: PCI Interrupt Link [LNKA] (IRQs 5 *10 11)
May 16 20:46:47 localhost kernel: ACPI: PCI Interrupt Link [LNKB] (IRQs 5 *10 11)
May 16 20:46:47 localhost kernel: ACPI: PCI Interrupt Link [LNKC] (IRQs 5 10 *11)
May 16 20:46:47 localhost kernel: ACPI: PCI Interrupt Link [LNKD] (IRQs 5 10 *11)
May 16 20:46:47 localhost kernel: ACPI: PCI Interrupt Link [LNKS] (IRQs *9)
May 16 20:46:47 localhost kernel: vgaarb: loaded
May 16 20:46:47 localhost kernel: SCSI subsystem initialized
May 16 20:46:47 localhost kernel: ACPI: bus type USB registered
May 16 20:46:47 localhost kernel: usbcore: registered new interface driver usbfs
May 16 20:46:47 localhost kernel: usbcore: registered new interface driver hub
May 16 20:46:47 localhost kernel: usbcore: registered new device driver usb
May 16 20:46:47 localhost kernel: EDAC MC: Ver: 3.0.0
May 16 20:46:47 localhost kernel: PCI: Using ACPI for IRQ routing
May 16 20:46:47 localhost kernel: PCI: pci_cache_line_size set to 64 bytes
May 16 20:46:47 localhost kernel: e820: reserve RAM buffer [mem 0x0009d800-0x0009ffff]
May 16 20:46:47 localhost kernel: e820: reserve RAM buffer [mem 0x7fffd000-0x7fffffff]
May 16 20:46:47 localhost kernel: NetLabel: Initializing
May 16 20:46:47 localhost kernel: NetLabel:  domain hash size = 128
May 16 20:46:47 localhost kernel: NetLabel:  protocols = UNLABELED CIPSOv4
May 16 20:46:47 localhost kernel: NetLabel:  unlabeled traffic allowed by default
May 16 20:46:47 localhost kernel: amd_nb: Cannot enumerate AMD northbridges
May 16 20:46:47 localhost kernel: Switched to clocksource kvm-clock
May 16 20:46:47 localhost kernel: pnp: PnP ACPI init
May 16 20:46:47 localhost kernel: ACPI: bus type PNP registered
May 16 20:46:47 localhost kernel: pnp 00:00: Plug and Play ACPI device, IDs PNP0b00 (active)
May 16 20:46:47 localhost kernel: pnp 00:01: Plug and Play ACPI device, IDs PNP0303 (active)
May 16 20:46:47 localhost kernel: pnp 00:02: Plug and Play ACPI device, IDs PNP0f13 (active)
May 16 20:46:47 localhost kernel: pnp 00:03: [dma 2]
May 16 20:46:47 localhost kernel: pnp 00:03: Plug and Play ACPI device, IDs PNP0700 (active)
May 16 20:46:47 localhost kernel: pnp 00:04: Plug and Play ACPI device, IDs PNP0501 (active)
May 16 20:46:47 localhost kernel: pnp: PnP ACPI: found 5 devices
May 16 20:46:47 localhost kernel: ACPI: bus type PNP unregistered
May 16 20:46:47 localhost kernel: pci_bus 0000:00: resource 4 [io  0x0000-0x0cf7 window]
May 16 20:46:47 localhost kernel: pci_bus 0000:00: resource 5 [io  0x0d00-0xffff window]
May 16 20:46:47 localhost kernel: pci_bus 0000:00: resource 6 [mem 0x000a0000-0x000bffff window]
May 16 20:46:47 localhost kernel: pci_bus 0000:00: resource 7 [mem 0xe0000000-0xfebfffff window]
May 16 20:46:47 localhost kernel: NET: Registered protocol family 2
May 16 20:46:47 localhost kernel: TCP established hash table entries: 16384 (order: 5, 131072 bytes)
May 16 20:46:47 localhost kernel: TCP bind hash table entries: 16384 (order: 6, 262144 bytes)
May 16 20:46:47 localhost kernel: TCP: Hash tables configured (established 16384 bind 16384)
May 16 20:46:47 localhost kernel: TCP: reno registered
May 16 20:46:47 localhost kernel: UDP hash table entries: 1024 (order: 3, 32768 bytes)
May 16 20:46:47 localhost kernel: UDP-Lite hash table entries: 1024 (order: 3, 32768 bytes)
May 16 20:46:47 localhost kernel: NET: Registered protocol family 1
May 16 20:46:47 localhost kernel: pci 0000:00:00.0: Limiting direct PCI/PCI transfers
May 16 20:46:47 localhost kernel: pci 0000:00:01.0: PIIX3: Enabling Passive Release
May 16 20:46:47 localhost kernel: pci 0000:00:01.0: Activating ISA DMA hang workarounds
May 16 20:46:47 localhost kernel: ACPI: PCI Interrupt Link [LNKC] enabled at IRQ 11
May 16 20:46:47 localhost kernel: PCI: CLS 0 bytes, default 64
May 16 20:46:47 localhost kernel: Unpacking initramfs...
May 16 20:46:47 localhost kernel: Freeing initrd memory: 51660k freed
May 16 20:46:47 localhost kernel: sha1_ssse3: Using AVX optimized SHA-1 implementation
May 16 20:46:47 localhost kernel: sha256_ssse3: Using AVX optimized SHA-256 implementation
May 16 20:46:47 localhost kernel: futex hash table entries: 512 (order: 3, 32768 bytes)
May 16 20:46:47 localhost kernel: Initialise system trusted keyring
May 16 20:46:47 localhost kernel: audit: initializing netlink socket (disabled)
May 16 20:46:47 localhost kernel: type=2000 audit(1526503608.782:1): initialized
May 16 20:46:47 localhost kernel: HugeTLB registered 1 GB page size, pre-allocated 0 pages
May 16 20:46:47 localhost kernel: HugeTLB registered 2 MB page size, pre-allocated 0 pages
May 16 20:46:47 localhost kernel: zpool: loaded
May 16 20:46:47 localhost kernel: zbud: loaded
May 16 20:46:47 localhost kernel: VFS: Disk quotas dquot_6.5.2
May 16 20:46:47 localhost kernel: Dquot-cache hash table entries: 512 (order 0, 4096 bytes)
May 16 20:46:47 localhost kernel: msgmni has been set to 3992
May 16 20:46:47 localhost kernel: Key type big_key registered
May 16 20:46:47 localhost kernel: SELinux:  Registering netfilter hooks
May 16 20:46:47 localhost kernel: NET: Registered protocol family 38
May 16 20:46:47 localhost kernel: Key type asymmetric registered
May 16 20:46:47 localhost kernel: Asymmetric key parser 'x509' registered
May 16 20:46:47 localhost kernel: Block layer SCSI generic (bsg) driver version 0.4 loaded (major 248)
May 16 20:46:47 localhost kernel: io scheduler noop registered
May 16 20:46:47 localhost kernel: io scheduler deadline registered (default)
May 16 20:46:47 localhost kernel: io scheduler cfq registered
May 16 20:46:47 localhost kernel: io scheduler mq-deadline registered
May 16 20:46:47 localhost kernel: io scheduler kyber registered
May 16 20:46:47 localhost kernel: pci_hotplug: PCI Hot Plug PCI Core version: 0.5
May 16 20:46:47 localhost kernel: pciehp: PCI Express Hot Plug Controller Driver version: 0.4
May 16 20:46:47 localhost kernel: intel_idle: does not run on family 6 model 42
May 16 20:46:47 localhost kernel: input: Power Button as /devices/LNXSYSTM:00/LNXPWRBN:00/input/input0
May 16 20:46:47 localhost kernel: ACPI: Power Button [PWRF]
May 16 20:46:47 localhost kernel: GHES: HEST is not enabled!
May 16 20:46:47 localhost kernel: Serial: 8250/16550 driver, 4 ports, IRQ sharing enabled
May 16 20:46:47 localhost kernel: 00:04: ttyS0 at I/O 0x3f8 (irq = 4) is a 16550A
May 16 20:46:47 localhost kernel: Non-volatile memory driver v1.3
May 16 20:46:47 localhost kernel: Linux agpgart interface v0.103
May 16 20:46:47 localhost kernel: crash memory driver: version 1.1
May 16 20:46:47 localhost kernel: rdac: device handler registered
May 16 20:46:47 localhost kernel: hp_sw: device handler registered
May 16 20:46:47 localhost kernel: emc: device handler registered
May 16 20:46:47 localhost kernel: alua: device handler registered
May 16 20:46:47 localhost kernel: libphy: Fixed MDIO Bus: probed
May 16 20:46:47 localhost kernel: ehci_hcd: USB 2.0 'Enhanced' Host Controller (EHCI) Driver
May 16 20:46:47 localhost kernel: ehci-pci: EHCI PCI platform driver
May 16 20:46:47 localhost kernel: ehci-pci 0000:00:04.7: EHCI Host Controller
May 16 20:46:47 localhost kernel: ehci-pci 0000:00:04.7: new USB bus registered, assigned bus number 1
May 16 20:46:47 localhost kernel: ehci-pci 0000:00:04.7: irq 11, io mem 0xf0020000
May 16 20:46:47 localhost kernel: ehci-pci 0000:00:04.7: USB 2.0 started, EHCI 1.00
May 16 20:46:47 localhost kernel: usb usb1: New USB device found, idVendor=1d6b, idProduct=0002
May 16 20:46:47 localhost kernel: usb usb1: New USB device strings: Mfr=3, Product=2, SerialNumber=1
May 16 20:46:47 localhost kernel: usb usb1: Product: EHCI Host Controller
May 16 20:46:47 localhost kernel: usb usb1: Manufacturer: Linux 3.10.0-862.el7.x86_64 ehci_hcd
May 16 20:46:47 localhost kernel: usb usb1: SerialNumber: 0000:00:04.7
May 16 20:46:47 localhost kernel: hub 1-0:1.0: USB hub found
May 16 20:46:47 localhost kernel: hub 1-0:1.0: 6 ports detected
May 16 20:46:47 localhost kernel: ohci_hcd: USB 1.1 'Open' Host Controller (OHCI) Driver
May 16 20:46:47 localhost kernel: ohci-pci: OHCI PCI platform driver
May 16 20:46:47 localhost kernel: uhci_hcd: USB Universal Host Controller Interface driver
May 16 20:46:47 localhost kernel: uhci_hcd 0000:00:04.0: UHCI Host Controller
May 16 20:46:47 localhost kernel: uhci_hcd 0000:00:04.0: new USB bus registered, assigned bus number 2
May 16 20:46:47 localhost kernel: uhci_hcd 0000:00:04.0: detected 2 ports
May 16 20:46:47 localhost kernel: uhci_hcd 0000:00:04.0: irq 11, io base 0x0000c040
May 16 20:46:47 localhost kernel: usb usb2: New USB device found, idVendor=1d6b, idProduct=0001
May 16 20:46:47 localhost kernel: usb usb2: New USB device strings: Mfr=3, Product=2, SerialNumber=1
May 16 20:46:47 localhost kernel: usb usb2: Product: UHCI Host Controller
May 16 20:46:47 localhost kernel: usb usb2: Manufacturer: Linux 3.10.0-862.el7.x86_64 uhci_hcd
May 16 20:46:47 localhost kernel: usb usb2: SerialNumber: 0000:00:04.0
May 16 20:46:47 localhost kernel: hub 2-0:1.0: USB hub found
May 16 20:46:47 localhost kernel: hub 2-0:1.0: 2 ports detected
May 16 20:46:47 localhost kernel: uhci_hcd 0000:00:04.1: UHCI Host Controller
May 16 20:46:47 localhost kernel: uhci_hcd 0000:00:04.1: new USB bus registered, assigned bus number 3
May 16 20:46:47 localhost kernel: uhci_hcd 0000:00:04.1: detected 2 ports
May 16 20:46:47 localhost kernel: uhci_hcd 0000:00:04.1: irq 11, io base 0x0000c060
May 16 20:46:47 localhost kernel: usb usb3: New USB device found, idVendor=1d6b, idProduct=0001
May 16 20:46:47 localhost kernel: usb usb3: New USB device strings: Mfr=3, Product=2, SerialNumber=1
May 16 20:46:47 localhost kernel: usb usb3: Product: UHCI Host Controller
May 16 20:46:47 localhost kernel: usb usb3: Manufacturer: Linux 3.10.0-862.el7.x86_64 uhci_hcd
May 16 20:46:47 localhost kernel: usb usb3: SerialNumber: 0000:00:04.1
May 16 20:46:47 localhost kernel: hub 3-0:1.0: USB hub found
May 16 20:46:47 localhost kernel: hub 3-0:1.0: 2 ports detected
May 16 20:46:47 localhost kernel: uhci_hcd 0000:00:04.2: UHCI Host Controller
May 16 20:46:47 localhost kernel: uhci_hcd 0000:00:04.2: new USB bus registered, assigned bus number 4
May 16 20:46:47 localhost kernel: uhci_hcd 0000:00:04.2: detected 2 ports
May 16 20:46:47 localhost kernel: uhci_hcd 0000:00:04.2: irq 11, io base 0x0000c080
May 16 20:46:47 localhost kernel: usb usb4: New USB device found, idVendor=1d6b, idProduct=0001
May 16 20:46:47 localhost kernel: usb usb4: New USB device strings: Mfr=3, Product=2, SerialNumber=1
May 16 20:46:47 localhost kernel: usb usb4: Product: UHCI Host Controller
May 16 20:46:47 localhost kernel: usb usb4: Manufacturer: Linux 3.10.0-862.el7.x86_64 uhci_hcd
May 16 20:46:47 localhost kernel: usb usb4: SerialNumber: 0000:00:04.2
May 16 20:46:47 localhost kernel: hub 4-0:1.0: USB hub found
May 16 20:46:47 localhost kernel: hub 4-0:1.0: 2 ports detected
May 16 20:46:47 localhost kernel: usbcore: registered new interface driver usbserial
May 16 20:46:47 localhost kernel: usbcore: registered new interface driver usbserial_generic
May 16 20:46:47 localhost kernel: usbserial: USB Serial support registered for generic
May 16 20:46:47 localhost kernel: i8042: PNP: PS/2 Controller [PNP0303:KBD,PNP0f13:MOU] at 0x60,0x64 irq 1,12
May 16 20:46:47 localhost kernel: serio: i8042 KBD port at 0x60,0x64 irq 1
May 16 20:46:47 localhost kernel: serio: i8042 AUX port at 0x60,0x64 irq 12
May 16 20:46:47 localhost kernel: mousedev: PS/2 mouse device common for all mice
May 16 20:46:47 localhost kernel: input: AT Translated Set 2 keyboard as /devices/platform/i8042/serio0/input/input1
May 16 20:46:47 localhost kernel: input: VirtualPS/2 VMware VMMouse as /devices/platform/i8042/serio1/input/input2
May 16 20:46:47 localhost kernel: rtc_cmos 00:00: RTC can wake from S4
May 16 20:46:47 localhost kernel: input: VirtualPS/2 VMware VMMouse as /devices/platform/i8042/serio1/input/input3
May 16 20:46:47 localhost kernel: rtc_cmos 00:00: rtc core: registered rtc_cmos as rtc0
May 16 20:46:47 localhost kernel: rtc_cmos 00:00: alarms up to one day, 114 bytes nvram
May 16 20:46:47 localhost kernel: cpuidle: using governor menu
May 16 20:46:47 localhost kernel: hidraw: raw HID events driver (C) Jiri Kosina
May 16 20:46:47 localhost kernel: usbcore: registered new interface driver usbhid
May 16 20:46:47 localhost kernel: usbhid: USB HID core driver
May 16 20:46:47 localhost kernel: drop_monitor: Initializing network drop monitor service
May 16 20:46:47 localhost kernel: TCP: cubic registered
May 16 20:46:47 localhost kernel: Initializing XFRM netlink socket
May 16 20:46:47 localhost kernel: NET: Registered protocol family 10
May 16 20:46:47 localhost kernel: NET: Registered protocol family 17
May 16 20:46:47 localhost kernel: mpls_gso: MPLS GSO support
May 16 20:46:47 localhost kernel: microcode: CPU0 sig=0x206a1, pf=0x1, revision=0x1
May 16 20:46:47 localhost kernel: microcode: CPU1 sig=0x206a1, pf=0x1, revision=0x1
May 16 20:46:47 localhost kernel: microcode: Microcode Update Driver: v2.01 <tigran@aivazian.fsnet.co.uk>, Peter Oruba
May 16 20:46:47 localhost kernel: PM: Hibernation image not present or could not be loaded.
May 16 20:46:47 localhost kernel: Loading compiled-in X.509 certificates
May 16 20:46:47 localhost kernel: Loaded X.509 cert 'CentOS Linux kpatch signing key: ea0413152cde1d98ebdca3fe6f0230904c9ef717'
May 16 20:46:47 localhost kernel: Loaded X.509 cert 'CentOS Linux Driver update signing key: 7f421ee0ab69461574bb358861dbe77762a4201b'
May 16 20:46:47 localhost kernel: Loaded X.509 cert 'CentOS Linux kernel signing key: 3af3ce8a74696ef1bd0f37e552627b7109e32b96'
May 16 20:46:47 localhost kernel: registered taskstats version 1
May 16 20:46:47 localhost kernel: Key type trusted registered
May 16 20:46:47 localhost kernel: Key type encrypted registered
May 16 20:46:47 localhost kernel: IMA: No TPM chip found, activating TPM-bypass! (rc=-19)
May 16 20:46:47 localhost kernel:   Magic number: 2:554:801
May 16 20:46:47 localhost kernel: rtc_cmos 00:00: setting system clock to 2018-05-16 20:46:47 UTC (1526503607)
May 16 20:46:47 localhost kernel: Freeing unused kernel memory: 1832k freed
May 16 20:46:47 localhost kernel: Write protecting the kernel read-only data: 12288k
May 16 20:46:47 localhost kernel: Freeing unused kernel memory: 856k freed
May 16 20:46:47 localhost kernel: Freeing unused kernel memory: 684k freed
May 16 20:46:47 localhost kernel: random: systemd: uninitialized urandom read (16 bytes read)
May 16 20:46:47 localhost kernel: random: systemd: uninitialized urandom read (16 bytes read)
May 16 20:46:47 localhost kernel: random: systemd: uninitialized urandom read (16 bytes read)
May 16 20:46:47 localhost systemd[1]: systemd 219 running in system mode. (+PAM +AUDIT +SELINUX +IMA -APPARMOR +SMACK +SYSVINIT +UTMP +LIBCRYPTSETUP +GCRYPT +GNUTLS +ACL +XZ +LZ4 -SECCOMP +BLKID +ELFUTILS +KMOD +IDN)
May 16 20:46:47 localhost systemd[1]: Detected virtualization kvm.
May 16 20:46:47 localhost systemd[1]: Detected architecture x86-64.
May 16 20:46:47 localhost systemd[1]: Running in initial RAM disk.
May 16 20:46:47 localhost systemd[1]: No hostname configured.
May 16 20:46:47 localhost systemd[1]: Set hostname to <localhost>.
May 16 20:46:47 localhost systemd[1]: Initializing machine ID from KVM UUID.
May 16 20:46:47 localhost kernel: random: systemd-cryptse: uninitialized urandom read (16 bytes read)
May 16 20:46:47 localhost kernel: random: systemd: uninitialized urandom read (16 bytes read)
May 16 20:46:47 localhost kernel: random: systemd: uninitialized urandom read (16 bytes read)
May 16 20:46:47 localhost kernel: random: systemd: uninitialized urandom read (16 bytes read)
May 16 20:46:47 localhost kernel: random: systemd: uninitialized urandom read (16 bytes read)
May 16 20:46:47 localhost kernel: random: systemd: uninitialized urandom read (16 bytes read)
May 16 20:46:47 localhost kernel: random: systemd: uninitialized urandom read (16 bytes read)
May 16 20:46:47 localhost systemd[1]: Cannot add dependency job for unit blk-availability.service, ignoring: Unit not found.
May 16 20:46:47 localhost systemd[1]: Reached target Timers.
May 16 20:46:47 localhost systemd[1]: Starting Timers.
May 16 20:46:47 localhost systemd[1]: Reached target Local File Systems.
May 16 20:46:47 localhost systemd[1]: Starting Local File Systems.
May 16 20:46:47 localhost systemd[1]: Created slice Root Slice.
May 16 20:46:47 localhost systemd[1]: Starting Root Slice.
May 16 20:46:47 localhost systemd[1]: Listening on udev Control Socket.
May 16 20:46:47 localhost systemd[1]: Starting udev Control Socket.
May 16 20:46:47 localhost systemd[1]: Listening on Journal Socket.
May 16 20:46:47 localhost systemd[1]: Starting Journal Socket.
May 16 20:46:47 localhost systemd[1]: Listening on udev Kernel Socket.
May 16 20:46:47 localhost systemd[1]: Starting udev Kernel Socket.
May 16 20:46:47 localhost systemd[1]: Created slice System Slice.
May 16 20:46:47 localhost systemd[1]: Starting System Slice.
May 16 20:46:47 localhost systemd[1]: Reached target Slices.
May 16 20:46:47 localhost systemd[1]: Starting Slices.
May 16 20:46:47 localhost systemd[1]: Starting dracut cmdline hook...
May 16 20:46:47 localhost systemd[1]: Starting Setup Virtual Console...
May 16 20:46:47 localhost systemd[1]: Starting Apply Kernel Variables...
May 16 20:46:47 localhost systemd[1]: Starting Create list of required static device nodes for the current kernel...
May 16 20:46:47 localhost systemd[1]: Reached target Local Encrypted Volumes.
May 16 20:46:47 localhost systemd[1]: Starting Local Encrypted Volumes.
May 16 20:46:47 localhost systemd[1]: Reached target Swap.
May 16 20:46:47 localhost systemd[1]: Starting Swap.
May 16 20:46:47 localhost systemd[1]: Starting Journal Service...
May 16 20:46:47 localhost systemd[1]: Started Setup Virtual Console.
May 16 20:46:47 localhost systemd[1]: Started Apply Kernel Variables.
May 16 20:46:47 localhost systemd[1]: Started Create list of required static device nodes for the current kernel.
May 16 20:46:47 localhost systemd[1]: Starting Create Static Device Nodes in /dev...
May 16 20:46:47 localhost systemd[1]: Started Create Static Device Nodes in /dev.
May 16 20:46:47 localhost systemd-journal[90]: Journal started
May 16 20:46:47 localhost systemd[1]: Started Journal Service.
May 16 20:46:47 localhost kernel: BIOS EDD facility v0.16 2004-Jun-25, 1 devices found
May 16 20:46:47 localhost dracut-cmdline[80]: Loading CentOS 7 x86_64 installer...
May 16 20:46:47 localhost dracut-cmdline[80]: Warning: 'method=' is deprecated. Using 'repo=http://mirror.centos.org/centos/7/os/x86_64/' instead.
May 16 20:46:47 localhost kernel: usb 2-1: new full-speed USB device number 2 using uhci_hcd
May 16 20:46:48 localhost kernel: usb 2-1: New USB device found, idVendor=0627, idProduct=0001
May 16 20:46:48 localhost kernel: usb 2-1: New USB device strings: Mfr=1, Product=3, SerialNumber=5
May 16 20:46:48 localhost kernel: usb 2-1: Product: QEMU USB Tablet
May 16 20:46:48 localhost kernel: usb 2-1: Manufacturer: QEMU 0.12.1
May 16 20:46:48 localhost kernel: usb 2-1: SerialNumber: 42
May 16 20:46:48 localhost kernel: random: fast init done
May 16 20:46:48 localhost kernel: input: QEMU 0.12.1 QEMU USB Tablet as /devices/pci0000:00/0000:00:04.0/usb2/2-1/2-1:1.0/input/input4
May 16 20:46:48 localhost kernel: hid-generic 0003:0627:0001.0001: input,hidraw0: USB HID v0.01 Pointer [QEMU 0.12.1 QEMU USB Tablet] on usb-0000:00:04.0-1/input0
May 16 20:46:48 localhost kernel: tsc: Refined TSC clocksource calibration: 1999.998 MHz
May 16 20:46:48 localhost systemd[1]: Started dracut cmdline hook.
May 16 20:46:48 localhost systemd[1]: Starting dracut pre-udev hook...
May 16 20:46:48 localhost kernel: squashfs: version 4.0 (2009/01/31) Phillip Lougher
May 16 20:46:48 localhost kernel: Loading iSCSI transport class v2.0-870.
May 16 20:46:48 localhost kernel: iscsi: registered transport (tcp)
May 16 20:46:48 localhost kernel: FDC 0 is a S82078B
May 16 20:46:48 localhost kernel: No iBFT detected.
May 16 20:46:48 localhost kernel: async_tx: api initialized (async)
May 16 20:46:48 localhost kernel: xor: automatically using best checksumming function:
May 16 20:46:48 localhost kernel:    avx       : 19472.000 MB/sec
May 16 20:46:48 localhost kernel: raid6: sse2x1   gen()  6308 MB/s
May 16 20:46:48 localhost kernel: raid6: sse2x2   gen()  7929 MB/s
May 16 20:46:48 localhost kernel: raid6: sse2x4   gen() 10156 MB/s
May 16 20:46:48 localhost kernel: raid6: using algorithm sse2x4 gen() (10156 MB/s)
May 16 20:46:48 localhost kernel: raid6: using ssse3x2 recovery algorithm
May 16 20:46:48 localhost kernel: device-mapper: uevent: version 1.0.3
May 16 20:46:48 localhost kernel: device-mapper: ioctl: 4.37.0-ioctl (2017-09-20) initialised: dm-devel@redhat.com
May 16 20:46:48 localhost kernel: device-mapper: multipath round-robin: version 1.2.0 loaded
May 16 20:46:48 localhost kernel: RPC: Registered named UNIX socket transport module.
May 16 20:46:48 localhost kernel: RPC: Registered udp transport module.
May 16 20:46:48 localhost kernel: RPC: Registered tcp transport module.
May 16 20:46:48 localhost kernel: RPC: Registered tcp NFSv4.1 backchannel transport module.
May 16 20:46:48 localhost rpc.statd[542]: Version 1.3.0 starting
May 16 20:46:48 localhost rpc.statd[542]: Initializing NSM state
May 16 20:46:48 localhost rpc.statd[542]: Running as root.  chown /var/lib/nfs/statd to choose different user
May 16 20:46:48 localhost systemd[1]: Started dracut pre-udev hook.
May 16 20:46:48 localhost systemd[1]: Starting udev Kernel Device Manager...
May 16 20:46:48 localhost systemd-udevd[569]: starting version 219
May 16 20:46:48 localhost systemd[1]: Started udev Kernel Device Manager.
May 16 20:46:48 localhost systemd[1]: Starting dracut pre-trigger hook...
May 16 20:46:48 localhost lldpad[586]: config file failed to load,
May 16 20:46:48 localhost lldpad[586]: create a new file.
May 16 20:46:48 localhost lldpad[586]: bound ctrl iface to /com/intel/lldpad
May 16 20:46:48 localhost dracut-pre-trigger[577]: 587
May 16 20:46:49 localhost systemd[1]: Started dracut pre-trigger hook.
May 16 20:46:49 localhost systemd[1]: Starting udev Coldplug all Devices...
May 16 20:46:49 localhost systemd[1]: Mounting Configuration File System...
May 16 20:46:49 localhost systemd[1]: Started udev Coldplug all Devices.
May 16 20:46:49 localhost systemd[1]: Starting Device-Mapper Multipath Device Controller...
May 16 20:46:49 localhost systemd[1]: Starting Show Plymouth Boot Screen...
May 16 20:46:49 localhost systemd[1]: Mounted Configuration File System.
May 16 20:46:49 localhost systemd[1]: Reached target System Initialization.
May 16 20:46:49 localhost systemd[1]: Starting System Initialization.
May 16 20:46:49 localhost systemd[1]: Listening on Open-iSCSI iscsiuio Socket.
May 16 20:46:49 localhost systemd[1]: Starting Open-iSCSI iscsiuio Socket.
May 16 20:46:49 localhost systemd[1]: Reached target Sockets.
May 16 20:46:49 localhost systemd[1]: Starting Sockets.
May 16 20:46:49 localhost systemd[1]: Started Device-Mapper Multipath Device Controller.
May 16 20:46:49 localhost systemd[1]: Starting Open-iSCSI...
May 16 20:46:49 localhost iscsid[680]: iSCSI logger with pid=686 started!
May 16 20:46:49 localhost systemd[1]: Failed to read PID from file /var/run/iscsid.pid: Invalid argument
May 16 20:46:49 localhost kernel: virtio-pci 0000:00:03.0: virtio_pci: leaving for legacy driver
May 16 20:46:49 localhost kernel: ACPI: PCI Interrupt Link [LNKA] enabled at IRQ 10
May 16 20:46:49 localhost systemd[1]: Started Open-iSCSI.
May 16 20:46:49 localhost systemd[1]: Starting dracut initqueue hook...
May 16 20:46:49 localhost systemd[1]: Received SIGRTMIN+20 from PID 673 (plymouthd).
May 16 20:46:49 localhost systemd[1]: Started Show Plymouth Boot Screen.
May 16 20:46:49 localhost systemd[1]: Started Forward Password Requests to Plymouth Directory Watch.
May 16 20:46:49 localhost systemd[1]: Starting Forward Password Requests to Plymouth Directory Watch.
May 16 20:46:49 localhost systemd[1]: Reached target Paths.
May 16 20:46:49 localhost systemd[1]: Starting Paths.
May 16 20:46:49 localhost systemd[1]: Reached target Basic System.
May 16 20:46:49 localhost systemd[1]: Starting Basic System.
May 16 20:46:49 localhost kernel: virtio-pci 0000:00:05.0: virtio_pci: leaving for legacy driver
May 16 20:46:49 localhost kernel: ACPI: PCI Interrupt Link [LNKB] enabled at IRQ 10
May 16 20:46:49 localhost iscsid[686]: iSCSI daemon with pid=687 started!
May 16 20:46:49 localhost iscsid[686]: can't open InitiatorName configuration file /etc/iscsi/initiatorname.iscsi
May 16 20:46:49 localhost iscsid[686]: Warning: InitiatorName file /etc/iscsi/initiatorname.iscsi does not exist or does not contain a properly formatted InitiatorName. If using software iscsi (iscsi_tcp or ib_iser) or partial offload (bnx2i or cxgbi iscsi), you may not be able to log into or
May 16 20:46:49 localhost iscsid[686]: can't open InitiatorAlias configuration file /etc/iscsi/initiatorname.iscsi
May 16 20:46:49 localhost kernel: virtio-pci 0000:00:06.0: virtio_pci: leaving for legacy driver
May 16 20:46:49 localhost iscsid[686]: can't open iscsid.safe_logout configuration file /etc/iscsi/iscsid.conf
May 16 20:46:49 localhost kernel: cryptd: max_cpu_qlen set to 100
May 16 20:46:49 localhost kernel: AVX version of gcm_enc/dec engaged.
May 16 20:46:49 localhost kernel: AES CTR mode by8 optimization enabled
May 16 20:46:49 localhost kernel: virtio-pci 0000:00:03.0: irq 24 for MSI/MSI-X
May 16 20:46:49 localhost kernel: virtio-pci 0000:00:03.0: irq 25 for MSI/MSI-X
May 16 20:46:49 localhost kernel: virtio-pci 0000:00:03.0: irq 26 for MSI/MSI-X
May 16 20:46:49 localhost kernel: virtio-pci 0000:00:05.0: irq 27 for MSI/MSI-X
May 16 20:46:49 localhost kernel: virtio-pci 0000:00:05.0: irq 28 for MSI/MSI-X
May 16 20:46:49 localhost kernel: alg: No test for __gcm-aes-aesni (__driver-gcm-aes-aesni)
May 16 20:46:49 localhost kernel: libata version 3.00 loaded.
May 16 20:46:49 localhost systemd[1]: Reloading.
May 16 20:46:49 localhost kernel: alg: No test for __generic-gcm-aes-aesni (__driver-generic-gcm-aes-aesni)
May 16 20:46:49 localhost kernel: ata_piix 0000:00:01.1: version 2.13
May 16 20:46:49 localhost kernel: scsi host0: ata_piix
May 16 20:46:49 localhost kernel: scsi host1: ata_piix
May 16 20:46:49 localhost kernel: ata1: PATA max MWDMA2 cmd 0x1f0 ctl 0x3f6 bmdma 0xc000 irq 14
May 16 20:46:49 localhost kernel: ata2: PATA max MWDMA2 cmd 0x170 ctl 0x376 bmdma 0xc008 irq 15
May 16 20:46:49 localhost kernel: 8021q: 802.1Q VLAN Support v1.8
May 16 20:46:49 localhost kernel: 8021q: adding VLAN 0 to HW filter on device eth0
May 16 20:46:49 localhost dracut-initqueue[688]: dhcp: PREINIT eth0 up
May 16 20:46:49 localhost dhclient[818]: DHCPDISCOVER on eth0 to 255.255.255.255 port 67 interval 5 (xid=0x2e0e3563)
May 16 20:46:49 localhost dhclient[818]: DHCPREQUEST on eth0 to 255.255.255.255 port 67 (xid=0x2e0e3563)
May 16 20:46:49 localhost dhclient[818]: DHCPOFFER from 10.0.2.2
May 16 20:46:49 localhost dhclient[818]: DHCPACK from 10.0.2.2 (xid=0x2e0e3563)
May 16 20:46:49 localhost dracut-initqueue[688]: dhcp: BOND setting eth0
May 16 20:46:51 localhost dhclient[818]: bound to 10.0.2.15 -- renewal in 42959 seconds.
May 16 20:46:51 localhost dracut-initqueue[688]: RTNETLINK answers: File exists
May 16 20:46:52 localhost dracut-initqueue[688]: % Total    % Received % Xferd  Average Speed   Time    Time     Time  Current
May 16 20:46:52 localhost dracut-initqueue[688]: Dload  Upload   Total   Spent    Left  Speed
May 16 20:46:52 localhost kernel: random: crng init done
May 16 20:46:56 localhost dracut-initqueue[688]: [550B blob data]
May 16 20:46:56 localhost kernel: loop: module loaded
May 16 20:46:56 localhost systemd[1]: Started dracut initqueue hook.
May 16 20:46:56 localhost systemd[1]: Reached target Remote File Systems (Pre).
May 16 20:46:56 localhost systemd[1]: Starting Remote File Systems (Pre).
May 16 20:46:56 localhost systemd[1]: Reached target Remote File Systems.
May 16 20:46:56 localhost systemd[1]: Starting Remote File Systems.
May 16 20:46:56 localhost systemd[1]: Starting dracut pre-mount hook...
May 16 20:46:56 localhost systemd[1]: Started dracut pre-mount hook.
May 16 20:46:56 localhost systemd[1]: Reached target Initrd Root File System.
May 16 20:46:56 localhost systemd[1]: Starting Initrd Root File System.
May 16 20:46:56 localhost systemd[1]: Starting Reload Configuration from the Real Root...
May 16 20:46:56 localhost systemd[1]: Reloading.
May 16 20:46:56 localhost systemd[1]: Started Reload Configuration from the Real Root.
May 16 20:46:56 localhost systemd[1]: Reached target Initrd File Systems.
May 16 20:46:56 localhost systemd[1]: Starting Initrd File Systems.
May 16 20:46:56 localhost systemd[1]: Starting dracut mount hook...
May 16 20:46:57 localhost kernel: EXT4-fs (dm-0): mounted filesystem with ordered data mode. Opts: (null)
May 16 20:46:57 localhost systemd[1]: Started dracut mount hook.
May 16 20:46:57 localhost systemd[1]: Reached target Initrd Default Target.
May 16 20:46:57 localhost systemd[1]: Starting Initrd Default Target.
May 16 20:46:57 localhost systemd[1]: Starting dracut pre-pivot and cleanup hook...
May 16 20:46:59 localhost rpcbind[538]: cannot open file = /run/rpcbind/rpcbind.xdr for writing
May 16 20:46:59 localhost rpcbind[538]: cannot save any registration
May 16 20:46:59 localhost rpcbind[538]: cannot open file = /run/rpcbind/portmap.xdr for writing
May 16 20:46:59 localhost rpcbind[538]: cannot save any registration
May 16 20:46:59 localhost systemd[1]: Started dracut pre-pivot and cleanup hook.
May 16 20:46:59 localhost systemd[1]: Starting Cleaning Up and Shutting Down Daemons...
May 16 20:46:59 localhost systemd[1]: Stopped target Timers.
May 16 20:46:59 localhost systemd[1]: Stopping Timers.
May 16 20:46:59 localhost systemd[1]: Starting Plymouth switch root service...
May 16 20:46:59 localhost systemd[1]: Stopped Cleaning Up and Shutting Down Daemons.
May 16 20:46:59 localhost systemd[1]: Stopped dracut pre-pivot and cleanup hook.
May 16 20:46:59 localhost systemd[1]: Stopping dracut pre-pivot and cleanup hook...
May 16 20:46:59 localhost systemd[1]: Stopped target Initrd Default Target.
May 16 20:46:59 localhost systemd[1]: Stopping Initrd Default Target.
May 16 20:46:59 localhost systemd[1]: Stopped target Remote File Systems.
May 16 20:46:59 localhost systemd[1]: Stopping Remote File Systems.
May 16 20:46:59 localhost systemd[1]: Stopped target Remote File Systems (Pre).
May 16 20:46:59 localhost systemd[1]: Stopping Remote File Systems (Pre).
May 16 20:46:59 localhost systemd[1]: Stopped dracut mount hook.
May 16 20:46:59 localhost systemd[1]: Stopping dracut mount hook...
May 16 20:46:59 localhost systemd[1]: Stopped dracut pre-mount hook.
May 16 20:46:59 localhost systemd[1]: Stopping dracut pre-mount hook...
May 16 20:46:59 localhost systemd[1]: Stopped target Basic System.
May 16 20:46:59 localhost systemd[1]: Stopping Basic System.
May 16 20:46:59 localhost systemd[1]: Stopped target Sockets.
May 16 20:46:59 localhost systemd[1]: Stopping Sockets.
May 16 20:46:59 localhost systemd[1]: Closed Open-iSCSI iscsiuio Socket.
May 16 20:46:59 localhost systemd[1]: Stopping Open-iSCSI iscsiuio Socket.
May 16 20:46:59 localhost systemd[1]: Stopped target Paths.
May 16 20:46:59 localhost systemd[1]: Stopping Paths.
May 16 20:46:59 localhost systemd[1]: Stopped target Slices.
May 16 20:46:59 localhost systemd[1]: Stopping Slices.
May 16 20:46:59 localhost systemd[1]: Stopped target System Initialization.
May 16 20:46:59 localhost systemd[1]: Stopping System Initialization.
May 16 20:46:59 localhost systemd[1]: Stopped target Local File Systems.
May 16 20:46:59 localhost systemd[1]: Stopping Local File Systems.
May 16 20:46:59 localhost systemd[1]: Stopped target Swap.
May 16 20:46:59 localhost systemd[1]: Stopping Swap.
May 16 20:46:59 localhost systemd[1]: Stopped Apply Kernel Variables.
May 16 20:46:59 localhost systemd[1]: Stopping Apply Kernel Variables...
May 16 20:46:59 localhost systemd[1]: Stopped target Local Encrypted Volumes.
May 16 20:46:59 localhost systemd[1]: Stopping Local Encrypted Volumes.
May 16 20:46:59 localhost systemd[1]: Stopped dracut initqueue hook.
May 16 20:46:59 localhost systemd[1]: Stopping dracut initqueue hook...
May 16 20:46:59 localhost systemd[1]: Stopping Open-iSCSI...
May 16 20:46:59 localhost systemd[1]: Started Plymouth switch root service.
May 16 20:46:59 localhost iscsid[686]: iscsid shutting down.
May 16 20:46:59 localhost systemd[1]: Stopped Open-iSCSI.
May 16 20:46:59 localhost multipathd[678]: path checkers start up
May 16 20:46:59 localhost systemd[1]: Stopping Device-Mapper Multipath Device Controller...
May 16 20:46:59 localhost multipathd[678]: --------shut down-------
May 16 20:46:59 localhost systemd[1]: Stopped Device-Mapper Multipath Device Controller.
May 16 20:46:59 localhost systemd[1]: Stopped udev Coldplug all Devices.
May 16 20:46:59 localhost systemd[1]: Stopping udev Coldplug all Devices...
May 16 20:46:59 localhost systemd[1]: Stopped dracut pre-trigger hook.
May 16 20:46:59 localhost systemd[1]: Stopping dracut pre-trigger hook...
May 16 20:46:59 localhost systemd[1]: Stopping udev Kernel Device Manager...
May 16 20:46:59 localhost systemd[1]: Stopped udev Kernel Device Manager.
May 16 20:46:59 localhost systemd[1]: Stopped dracut pre-udev hook.
May 16 20:46:59 localhost systemd[1]: Stopping dracut pre-udev hook...
May 16 20:46:59 localhost systemd[1]: Stopped dracut cmdline hook.
May 16 20:46:59 localhost systemd[1]: Stopping dracut cmdline hook...
May 16 20:46:59 localhost systemd[1]: Stopped Create Static Device Nodes in /dev.
May 16 20:46:59 localhost systemd[1]: Stopping Create Static Device Nodes in /dev...
May 16 20:46:59 localhost systemd[1]: Stopped Create list of required static device nodes for the current kernel.
May 16 20:46:59 localhost systemd[1]: Stopping Create list of required static device nodes for the current kernel...
May 16 20:46:59 localhost systemd[1]: Closed udev Kernel Socket.
May 16 20:46:59 localhost systemd[1]: Stopping udev Kernel Socket.
May 16 20:46:59 localhost systemd[1]: Closed udev Control Socket.
May 16 20:46:59 localhost systemd[1]: Stopping udev Control Socket.
May 16 20:46:59 localhost systemd[1]: Starting Cleanup udevd DB...
May 16 20:46:59 localhost systemd[1]: Started Cleanup udevd DB.
May 16 20:46:59 localhost systemd[1]: Reached target Switch Root.
May 16 20:46:59 localhost systemd[1]: Starting Switch Root.
May 16 20:46:59 localhost systemd[1]: Starting Switch Root...
May 16 20:46:59 localhost systemd[1]: Switching root.
May 16 20:46:59 localhost systemd-journal[90]: Journal stopped
May 16 20:47:00 localhost systemd-journal[1237]: Runtime journal is using 8.0M (max allowed 99.9M, trying to leave 149.9M free of 952.3M available â†’ current limit 99.9M).
May 16 20:47:00 localhost systemd-journald[90]: Received SIGTERM from PID 1 (systemd).
May 16 20:47:00 localhost kernel: SELinux: 2048 avtab hash slots, 106588 rules.
May 16 20:47:00 localhost kernel: SELinux: 2048 avtab hash slots, 106588 rules.
May 16 20:47:00 localhost kernel: SELinux:  8 users, 14 roles, 5015 types, 310 bools, 1 sens, 1024 cats
May 16 20:47:00 localhost kernel: SELinux:  97 classes, 106588 rules
May 16 20:47:00 localhost kernel: SELinux:  Completing initialization.
May 16 20:47:00 localhost kernel: SELinux:  Setting up existing superblocks.
May 16 20:47:00 localhost kernel: type=1403 audit(1526503619.897:2): policy loaded auid=4294967295 ses=4294967295
May 16 20:47:00 localhost systemd[1]: Successfully loaded SELinux policy in 217.533ms.
May 16 20:47:00 localhost systemd[1]: Relabelled /dev and /run in 19.910ms.
May 16 20:47:00 localhost systemd-journal[1237]: Journal started
May 16 20:47:00 localhost systemd[1]: systemd 219 running in system mode. (+PAM +AUDIT +SELINUX +IMA -APPARMOR +SMACK +SYSVINIT +UTMP +LIBCRYPTSETUP +GCRYPT +GNUTLS +ACL +XZ +LZ4 -SECCOMP +BLKID +ELFUTILS +KMOD +IDN)
May 16 20:47:00 localhost systemd[1]: Detected virtualization kvm.
May 16 20:47:00 localhost systemd[1]: Detected architecture x86-64.
May 16 20:47:00 localhost systemd[1]: Cannot add dependency job for unit rhel-loadmodules.service, ignoring: Unit is masked.
May 16 20:47:00 localhost rhel-domainname[1238]: /usr/lib/systemd/rhel-domainname: line 2: /etc/sysconfig/network: No such file or directory
May 16 20:47:00 localhost systemd[1]: Cannot add dependency job for unit rhel-autorelabel.service, ignoring: Unit is masked.
May 16 20:47:00 localhost systemd[1]: Cannot add dependency job for unit systemd-tmpfiles-clean.timer, ignoring: Unit is masked.
May 16 20:47:00 localhost systemd[1]: Starting Flush Journal to Persistent Storage...
May 16 20:47:00 localhost systemd[1]: Started Configure read-only root support.
May 16 20:47:00 localhost systemd[1]: Started Create Static Device Nodes in /dev.
May 16 20:47:00 localhost systemd[1]: Reached target Local File Systems (Pre).
May 16 20:47:00 localhost systemd[1]: Starting Local File Systems (Pre).
May 16 20:47:00 localhost systemd[1]: Starting udev Kernel Device Manager...
May 16 20:47:00 localhost systemd[1]: Started Flush Journal to Persistent Storage.
May 16 20:47:00 localhost systemd-udevd[1267]: starting version 219
May 16 20:47:00 localhost systemd[1]: Started udev Kernel Device Manager.
May 16 20:47:00 localhost systemd[1]: Started Rebuild Hardware Database.
May 16 20:47:00 localhost systemd[1]: Starting udev Coldplug all Devices...
May 16 20:47:01 localhost systemd[1]: Started udev Coldplug all Devices.
May 16 20:47:01 localhost systemd[1]: Starting udev Wait for Complete Device Initialization...
May 16 20:47:01 localhost systemd[1]: Starting Device-Mapper Multipath Device Controller...
May 16 20:47:01 localhost kernel: input: PC Speaker as /devices/platform/pcspkr/input/input5
May 16 20:47:01 localhost kernel: piix4_smbus 0000:00:01.3: SMBus Host Controller at 0xb100, revision 0
May 16 20:47:01 localhost systemd[1]: Started Device-Mapper Multipath Device Controller.
May 16 20:47:01 localhost systemd[1]: Started udev Wait for Complete Device Initialization.
May 16 20:47:01 localhost systemd[1]: Starting Activation of DM RAID sets...
May 16 20:47:01 localhost systemd[1]: Started Activation of DM RAID sets.
May 16 20:47:01 localhost systemd[1]: Reached target Local Encrypted Volumes.
May 16 20:47:01 localhost systemd[1]: Starting Local Encrypted Volumes.
May 16 20:47:01 localhost systemd[1]: Reached target Local File Systems.
May 16 20:47:01 localhost systemd[1]: Starting Local File Systems.
May 16 20:47:01 localhost systemd[1]: Starting Import network configuration from initramfs...
May 16 20:47:01 localhost systemd[1]: Starting Rebuild Journal Catalog...
May 16 20:47:01 localhost systemd[1]: Starting Tell Plymouth To Write Out Runtime Data...
May 16 20:47:01 localhost systemd[1]: Starting Migrate local SELinux policy changes from the old store structure to the new structure...
May 16 20:47:01 localhost systemd[1]: Started Tell Plymouth To Write Out Runtime Data.
May 16 20:47:01 localhost systemd[1]: Started Migrate local SELinux policy changes from the old store structure to the new structure.
May 16 20:47:01 localhost systemd[1]: Started Rebuild Journal Catalog.
May 16 20:47:01 localhost systemd[1]: Starting Update is Completed...
May 16 20:47:01 localhost systemd[1]: Started Update is Completed.
May 16 20:47:01 localhost systemd[1]: Started Import network configuration from initramfs.
May 16 20:47:01 localhost systemd[1]: Starting Create Volatile Files and Directories...
May 16 20:47:01 localhost systemd[1]: Started Create Volatile Files and Directories.
May 16 20:47:01 localhost systemd[1]: Starting Update UTMP about System Boot/Shutdown...
May 16 20:47:01 localhost systemd[1]: Started Update UTMP about System Boot/Shutdown.
May 16 20:47:01 localhost systemd[1]: Reached target System Initialization.
May 16 20:47:01 localhost systemd[1]: Starting System Initialization.
May 16 20:47:01 localhost systemd[1]: Listening on Open-iSCSI iscsid Socket.
May 16 20:47:01 localhost systemd[1]: Starting Open-iSCSI iscsid Socket.
May 16 20:47:01 localhost systemd[1]: Listening on D-Bus System Message Bus Socket.
May 16 20:47:01 localhost systemd[1]: Starting D-Bus System Message Bus Socket.
May 16 20:47:01 localhost systemd[1]: Listening on Open-iSCSI iscsiuio Socket.
May 16 20:47:01 localhost systemd[1]: Starting Open-iSCSI iscsiuio Socket.
May 16 20:47:01 localhost systemd[1]: Reached target Sockets.
May 16 20:47:01 localhost systemd[1]: Starting Sockets.
May 16 20:47:01 localhost systemd[1]: Reached target Basic System.
May 16 20:47:01 localhost systemd[1]: Starting Basic System.
May 16 20:47:01 localhost systemd[1]: Starting Service enabling compressing RAM with zRam...
May 16 20:47:01 localhost systemd[1]: Starting Dump dmesg to /var/log/dmesg...
May 16 20:47:01 localhost systemd[1]: Starting pre-anaconda logging service...
May 16 20:47:01 localhost systemd[1]: Starting Wait for Plymouth Boot Screen to Quit...
May 16 20:47:01 localhost systemd[1]: Started Anaconda NetworkManager configuration.
May 16 20:47:01 localhost systemd[1]: Starting Anaconda NetworkManager configuration...
May 16 20:47:01 localhost systemd[1]: Starting Network Manager...
May 16 20:47:01 localhost systemd[1]: Starting Terminate Plymouth Boot Screen...
May 16 20:47:01 localhost systemd[1]: Started Hardware RNG Entropy Gatherer Daemon.
May 16 20:47:01 localhost systemd[1]: Starting Hardware RNG Entropy Gatherer Daemon...
May 16 20:47:01 localhost systemd[1]: Starting Login Service...
May 16 20:47:01 localhost zramswapon[1365]: + MAX_RAM_ON=2097152
May 16 20:47:01 localhost zramswapon[1365]: ++ grep -E --only-matching '[[:digit:]]+'
May 16 20:47:01 localhost zramswapon[1365]: ++ grep MemTotal /proc/meminfo
May 16 20:47:01 localhost zramswapon[1365]: + mem_total_kb=2047608
May 16 20:47:01 localhost zramswapon[1365]: + mem_total=2096750592
May 16 20:47:01 localhost zramswapon[1365]: + grep -E 'inst\.zram=(on|1)' /proc/cmdline
May 16 20:47:01 localhost zramswapon[1365]: + force=1
May 16 20:47:01 localhost zramswapon[1365]: + '[' '(' 2047608 -gt 2097152 ')' -a '(' 1 '!=' 0 ')' ']'
May 16 20:47:01 localhost systemd[1]: Received SIGRTMIN+21 from PID 673 (plymouthd).
May 16 20:47:01 localhost zramswapon[1365]: ++ getconf _NPROCESSORS_ONLN
May 16 20:47:01 localhost systemd[1]: Started Wait for Plymouth Boot Screen to Quit.
May 16 20:47:01 localhost systemd[1]: Started Terminate Plymouth Boot Screen.
May 16 20:47:01 localhost systemd[1]: Started pre-anaconda logging service.
May 16 20:47:01 localhost systemd[1]: Started Dump dmesg to /var/log/dmesg.
May 16 20:47:01 localhost zramswapon[1365]: + num_cpus=2
May 16 20:47:01 localhost zramswapon[1365]: + decr_num_cpus=1
May 16 20:47:01 localhost zramswapon[1365]: + modprobe zram num_devices=2
May 16 20:47:01 localhost rngd[1372]: Failed to init entropy source 0: Hardware RNG Device
May 16 20:47:01 localhost rngd[1372]: Failed to init entropy source 1: TPM RNG Device
May 16 20:47:01 localhost rngd[1372]: Failed to init entropy source 2: Intel RDRAND Instruction RNG
May 16 20:47:01 localhost rngd[1372]: can't open any entropy source
May 16 20:47:01 localhost rngd[1372]: Maybe RNG device modules are not loaded
May 16 20:47:01 localhost systemd[1]: rngd.service: main process exited, code=exited, status=1/FAILURE
May 16 20:47:01 localhost systemd[1]: Unit rngd.service entered failed state.
May 16 20:47:01 localhost systemd[1]: rngd.service failed.
May 16 20:47:01 localhost kernel: zram: Added device: zram0
May 16 20:47:01 localhost kernel: zram: Added device: zram1
May 16 20:47:01 localhost multipathd[1313]: path checkers start up
May 16 20:47:01 localhost multipathd[1313]: zram1: add path (uevent)
May 16 20:47:01 localhost multipathd[1313]: zram1: HDIO_GETGEO failed with 25
May 16 20:47:01 localhost multipathd[1313]: zram1: failed to get path uid
May 16 20:47:01 localhost systemd[1]: Cannot add dependency job for unit rhel-loadmodules.service, ignoring: Unit is masked.
May 16 20:47:01 localhost zramswapon[1365]: ++ seq 0 1
May 16 20:47:01 localhost systemd[1]: Cannot add dependency job for unit rhel-autorelabel.service, ignoring: Unit is masked.
May 16 20:47:01 localhost systemd[1]: Cannot add dependency job for unit systemd-tmpfiles-clean.timer, ignoring: Unit is masked.
May 16 20:47:01 localhost systemd[1]: Started D-Bus System Message Bus.
May 16 20:47:01 localhost multipathd[1313]: uevent trigger error
May 16 20:47:01 localhost multipathd[1313]: zram0: add path (uevent)
May 16 20:47:01 localhost multipathd[1313]: zram0: HDIO_GETGEO failed with 25
May 16 20:47:01 localhost multipathd[1313]: zram0: failed to get path uid
May 16 20:47:01 localhost multipathd[1313]: uevent trigger error
May 16 20:47:01 localhost kernel: zram0: detected capacity change from 0 to 1048375296
May 16 20:47:01 localhost zramswapon[1365]: + for i in '$(seq 0 $decr_num_cpus)'
May 16 20:47:01 localhost zramswapon[1365]: + echo 1048375296
May 16 20:47:01 localhost zramswapon[1365]: + for i in '$(seq 0 $decr_num_cpus)'
May 16 20:47:01 localhost zramswapon[1365]: + echo 1048375296
May 16 20:47:01 localhost zramswapon[1365]: ++ seq 0 1
May 16 20:47:01 localhost kernel: zram1: detected capacity change from 0 to 1048375296
May 16 20:47:01 localhost zramswapon[1365]: + for i in '$(seq 0 $decr_num_cpus)'
May 16 20:47:01 localhost zramswapon[1365]: + mkswap /dev/zram0
May 16 20:47:01 localhost zramswapon[1365]: Setting up swapspace version 1, size = 1023800 KiB
May 16 20:47:01 localhost zramswapon[1365]: no label, UUID=b744b1e0-17b6-4b49-98fc-6d3861d2b9fd
May 16 20:47:01 localhost zramswapon[1365]: + for i in '$(seq 0 $decr_num_cpus)'
May 16 20:47:01 localhost zramswapon[1365]: + mkswap /dev/zram1
May 16 20:47:01 localhost zramswapon[1365]: Setting up swapspace version 1, size = 1023800 KiB
May 16 20:47:01 localhost zramswapon[1365]: no label, UUID=527ac5b0-18c8-4119-b16c-b139cbc9c666
May 16 20:47:01 localhost zramswapon[1365]: ++ seq 0 1
May 16 20:47:01 localhost zramswapon[1365]: + for i in '$(seq 0 $decr_num_cpus)'
May 16 20:47:01 localhost zramswapon[1365]: + swapon -p 100 /dev/zram0
May 16 20:47:01 localhost zramswapon[1365]: + for i in '$(seq 0 $decr_num_cpus)'
May 16 20:47:01 localhost zramswapon[1365]: + swapon -p 100 /dev/zram1
May 16 20:47:01 localhost kernel: Adding 1023800k swap on /dev/zram0.  Priority:100 extents:1 across:1023800k SSFS
May 16 20:47:01 localhost kernel: Adding 1023800k swap on /dev/zram1.  Priority:100 extents:1 across:1023800k SSFS
May 16 20:47:01 localhost zramswapon[1365]: + '[' 2047608 -le 1048576 ']'
May 16 20:47:02 localhost systemd[1]: Starting D-Bus System Message Bus...
May 16 20:47:02 localhost systemd[1]: Started Service enabling compressing RAM with zRam.
May 16 20:47:02 localhost systemd-logind[1373]: Watching system buttons on /dev/input/event0 (Power Button)
May 16 20:47:02 localhost systemd-logind[1373]: New seat seat0.
May 16 20:47:02 localhost systemd[1]: Started Login Service.
May 16 20:47:02 localhost NetworkManager[1370]: <info>  [1526503622.6851] NetworkManager (version 1.10.2-13.el7) is starting... (for the first time)
May 16 20:47:02 localhost NetworkManager[1370]: <info>  [1526503622.6864] Read config: /etc/NetworkManager/NetworkManager.conf (lib: 10-slaves-order.conf) (etc: 80-anaconda-no-ibft.conf, 90-anaconda-no-auto-default.conf, 91-anaconda-autoconnect-slaves.conf, 92-anaconda-loglevel-debug.conf)
May 16 20:47:02 localhost NetworkManager[1370]: <debug> [1526503622.6866] CONFIG: config-data[0x55a721018020]: 3 groups
May 16 20:47:02 localhost NetworkManager[1370]: <debug> [1526503622.6869] CONFIG:
May 16 20:47:02 localhost NetworkManager[1370]: <debug> [1526503622.6871] CONFIG: [main]
May 16 20:47:02 localhost NetworkManager[1370]: <debug> [1526503622.6874] CONFIG:   slaves-order=index
May 16 20:47:02 localhost NetworkManager[1370]: <debug> [1526503622.6876] CONFIG:   plugins=ifcfg-rh,ibft,no-ibft
May 16 20:47:02 localhost NetworkManager[1370]: <debug> [1526503622.6879] CONFIG:   no-auto-default=*
May 16 20:47:02 localhost NetworkManager[1370]: <debug> [1526503622.6881] CONFIG:
May 16 20:47:02 localhost NetworkManager[1370]: <debug> [1526503622.6883] CONFIG: [logging]
May 16 20:47:02 localhost NetworkManager[1370]: <debug> [1526503622.6885] CONFIG:   level=DEBUG
May 16 20:47:02 localhost NetworkManager[1370]: <debug> [1526503622.6888] CONFIG:
May 16 20:47:02 localhost NetworkManager[1370]: <debug> [1526503622.6890] CONFIG: [connection]
May 16 20:47:02 localhost NetworkManager[1370]: <debug> [1526503622.6892] CONFIG:   connection.autoconnect-slaves=1
May 16 20:47:02 localhost NetworkManager[1370]: <debug> [1526503622.6895] config: state: missing state file "/var/lib/NetworkManager/NetworkManager.state": No such file or directory
May 16 20:47:02 localhost NetworkManager[1370]: <debug> [1526503622.6897] WEXT support is disabled
May 16 20:47:02 localhost NetworkManager[1370]: <debug> [1526503622.6948] platform-linux: create (ignore netns, initial netns, use udev)
May 16 20:47:02 localhost NetworkManager[1370]: <debug> [1526503622.6954] platform-linux: Netlink socket for events established: port=3263169882, fd=8
May 16 20:47:02 localhost NetworkManager[1370]: <debug> [1526503622.6957] platform-linux: populate platform cache
May 16 20:47:02 localhost NetworkManager[1370]: <debug> [1526503622.6961] monotonic timestamp started counting 1.477263277 seconds ago with an offset of 18.0 seconds to CLOCK_BOOTTIME (local time is 2018-05-16 20:47:02)
May 16 20:47:02 localhost NetworkManager[1370]: <debug> [1526503622.6963] platform-linux: kernel-support: IFLA_INET6_ADDR_GEN_MODE: detected
May 16 20:47:02 localhost NetworkManager[1370]: <debug> [1526503622.6971] platform: signal: link   added: 1: lo <UP,LOWER_UP;loopback,up,running,lowerup> mtu 65536 arp 772 loopback? not-init addrgenmode eui64 addr 00:00:00:00:00:00 driver unknown rx:6,416 tx:6,416
May 16 20:47:02 localhost NetworkManager[1370]: <debug> [1526503622.6976] platform: signal: link   added: 2: eth0 <UP,LOWER_UP;broadcast,multicast,up,running,lowerup> mtu 1500 arp 1 ethernet? not-init addrgenmode eui64 addr 52:54:00:4A:D4:7F driver virtio_net rx:301903,457031470 tx:50795,2744694
May 16 20:47:02 localhost NetworkManager[1370]: <debug> [1526503622.6980] platform: signal: address 4   added: 127.0.0.1/8 lft forever pref forever lifetime 1-0[4294967295,4294967295] dev 1 flags permanent src kernel
May 16 20:47:02 localhost NetworkManager[1370]: <debug> [1526503622.6982] platform: signal: address 4   added: 10.0.2.15/24 lft 86389sec pref 86389sec lifetime 1-1[86389,86389] dev 2 src kernel
May 16 20:47:02 localhost NetworkManager[1370]: <debug> [1526503622.6985] platform: signal: address 6   added: ::1/128 lft forever pref forever lifetime 1-0[4294967295,4294967295] dev 1 flags permanent src kernel
May 16 20:47:02 localhost NetworkManager[1370]: <debug> [1526503622.6987] platform: signal: address 6   added: fe80::5054:ff:fe4a:d47f/64 lft forever pref forever lifetime 1-0[4294967295,4294967295] dev 2 flags permanent src kernel
May 16 20:47:02 localhost NetworkManager[1370]: <debug> [1526503622.6990] platform: signal: route   4   added: 0.0.0.0/0 via 10.0.2.2 dev 2 metric 0 mss 0 rt-src rt-boot scope global
May 16 20:47:02 localhost NetworkManager[1370]: <debug> [1526503622.6993] platform: signal: route   4   added: 10.0.2.0/24 via 0.0.0.0 dev 2 metric 0 mss 0 rt-src rt-kernel scope link pref-src 10.0.2.15
May 16 20:47:02 localhost NetworkManager[1370]: <debug> [1526503622.6993] platform-linux: kernel-support: RTA_PREF: ability to set router preference for IPv6 routes: detected
May 16 20:47:02 localhost NetworkManager[1370]: <debug> [1526503622.6994] platform: signal: route   6   added: fe80::/64 via :: dev 2 metric 256 mss 0 rt-src rt-kernel
May 16 20:47:02 localhost NetworkManager[1370]: <debug> [1526503622.6994] platform: signal: route   6   added: table 255 ff00::/8 via :: dev 2 metric 256 mss 0 rt-src rt-boot
May 16 20:47:02 localhost NetworkManager[1370]: <debug> [1526503622.6994] platform: signal: qdisc   added: noqueue dev 1 family 0 handle 0 parent ffffffff info 2
May 16 20:47:02 localhost NetworkManager[1370]: <debug> [1526503622.6994] platform: signal: qdisc   added: pfifo_fast dev 2 family 0 handle 0 parent ffffffff info 2
May 16 20:47:02 localhost NetworkManager[1370]: <debug> [1526503622.7012] platform: signal: link changed: 2: eth0 <UP,LOWER_UP;broadcast,multicast,up,running,lowerup> mtu 1500 arp 1 ethernet? init addrgenmode eui64 addr 52:54:00:4A:D4:7F driver virtio_net rx:301903,457031470 tx:50795,2744694
May 16 20:47:02 localhost NetworkManager[1370]: <debug> [1526503622.7014] platform: signal: link changed: 1: lo <UP,LOWER_UP;loopback,up,running,lowerup> mtu 65536 arp 772 loopback? init addrgenmode eui64 addr 00:00:00:00:00:00 driver unknown rx:6,416 tx:6,416
May 16 20:47:02 localhost NetworkManager[1370]: <debug> [1526503622.7014] setup NMPlatform singleton (0x55a721001920, NMLinuxPlatform)
May 16 20:47:02 localhost NetworkManager[1370]: <debug> [1526503622.7014] create NMNetns singleton (0x55a72102db90)
May 16 20:47:02 localhost NetworkManager[1370]: <debug> [1526503622.7014] auth[0x55a720ffdd40]: create auth-manager: polkit enabled
May 16 20:47:02 localhost NetworkManager[1370]: <debug> [1526503622.7025] auth[0x55a720ffdd40]: set instance
May 16 20:47:02 localhost NetworkManager[1370]: <debug> [1526503622.7026] setup NMAuthManager singleton (0x55a720ffdd40)
May 16 20:47:02 localhost NetworkManager[1370]: <debug> [1526503622.7123] bus-manager: setup NMBusManager singleton (0x55a721004680)
May 16 20:47:02 localhost NetworkManager[1370]: <info>  [1526503622.7167] manager[0x55a7210200c0]: monitoring kernel firmware directory '/lib/firmware'.
May 16 20:47:02 localhost NetworkManager[1370]: <debug> [1526503622.7224] session-monitor: using systemd-logind session tracking
May 16 20:47:02 localhost NetworkManager[1370]: <debug> [1526503622.7227] create NMSessionMonitor singleton (0x7fecec002000)
May 16 20:47:02 localhost NetworkManager[1370]: <debug> [1526503622.7231] create NMAgentManager singleton (0x55a72102b2d0)
May 16 20:47:02 localhost dbus[1390]: [system] Activating via systemd: service name='org.freedesktop.hostname1' unit='dbus-org.freedesktop.hostname1.service'
May 16 20:47:02 localhost systemd[1]: Cannot add dependency job for unit rhel-loadmodules.service, ignoring: Unit is masked.
May 16 20:47:02 localhost systemd[1]: Cannot add dependency job for unit rhel-autorelabel.service, ignoring: Unit is masked.
May 16 20:47:02 localhost systemd[1]: Cannot add dependency job for unit systemd-tmpfiles-clean.timer, ignoring: Unit is masked.
May 16 20:47:02 localhost systemd[1]: Starting Hostname Service...
May 16 20:47:02 localhost dbus[1390]: [system] Successfully activated service 'org.freedesktop.hostname1'
May 16 20:47:02 localhost systemd[1]: Started Hostname Service.
May 16 20:47:02 localhost NetworkManager[1370]: <info>  [1526503622.7658] hostname: hostname: using hostnamed
May 16 20:47:02 localhost NetworkManager[1370]: <debug> [1526503622.7659] create NMHostnameManager singleton (0x55a721004a30)
May 16 20:47:02 localhost NetworkManager[1370]: <debug> [1526503622.7660] create NMFirewallManager singleton (0x55a72103cdc0)
May 16 20:47:02 localhost NetworkManager[1370]: <info>  [1526503622.7663] dns-mgr[0x55a721041150]: init: dns=default, rc-manager=file
May 16 20:47:02 localhost NetworkManager[1370]: <debug> [1526503622.7665] create NMDnsManager singleton (0x55a721041150)
May 16 20:47:02 localhost NetworkManager[1370]: <debug> [1526503622.7665] policy: hostname-mode: full
May 16 20:47:02 localhost NetworkManager[1370]: <debug> [1526503622.7670] manager: setup NMManager singleton (0x55a7210200c0)
May 16 20:47:02 localhost NetworkManager[1370]: <debug> [1526503622.7673] create NMConnectivity singleton (0x55a72103f1e0)
May 16 20:47:02 localhost systemd[1]: Started Network Manager.
May 16 20:47:02 localhost NetworkManager[1370]: <debug> [1526503622.7686] dispatcher: default script directory '/etc/NetworkManager/dispatcher.d' has scripts
May 16 20:47:02 localhost NetworkManager[1370]: <debug> [1526503622.7687] dispatcher: pre-up script directory '/etc/NetworkManager/dispatcher.d/pre-up.d' has no scripts
May 16 20:47:02 localhost NetworkManager[1370]: <debug> [1526503622.7688] dispatcher: pre-down script directory '/etc/NetworkManager/dispatcher.d/pre-down.d' has no scripts
May 16 20:47:02 localhost dbus[1390]: [system] Activating via systemd: service name='org.freedesktop.nm_dispatcher' unit='dbus-org.freedesktop.nm-dispatcher.service'
May 16 20:47:02 localhost systemd[1]: Cannot add dependency job for unit rhel-loadmodules.service, ignoring: Unit is masked.
May 16 20:47:02 localhost systemd[1]: Cannot add dependency job for unit rhel-autorelabel.service, ignoring: Unit is masked.
May 16 20:47:02 localhost systemd[1]: Cannot add dependency job for unit systemd-tmpfiles-clean.timer, ignoring: Unit is masked.
May 16 20:47:02 localhost systemd[1]: Starting Network Manager Script Dispatcher Service...
May 16 20:47:02 localhost systemd[1]: Starting Network Manager Wait Online...
May 16 20:47:02 localhost systemd[1]: Reached target Network.
May 16 20:47:02 localhost systemd[1]: Starting Network.
May 16 20:47:02 localhost systemd[1]: Starting Logout off all iSCSI sessions on shutdown...
May 16 20:47:02 localhost systemd[1]: Started Logout off all iSCSI sessions on shutdown.
May 16 20:47:02 localhost systemd[1]: Starting Availability of block devices...
May 16 20:47:02 localhost systemd[1]: Reached target Remote File Systems (Pre).
May 16 20:47:02 localhost systemd[1]: Starting Remote File Systems (Pre).
May 16 20:47:02 localhost systemd[1]: Started Availability of block devices.
May 16 20:47:02 localhost dbus[1390]: [system] Successfully activated service 'org.freedesktop.nm_dispatcher'
May 16 20:47:02 localhost systemd[1]: Started Network Manager Script Dispatcher Service.
May 16 20:47:02 localhost NetworkManager[1370]: <debug> [1526503622.8419] create SettingsPluginIfcfg singleton (0x55a72100cea0)
May 16 20:47:02 localhost NetworkManager[1370]: <info>  [1526503622.8420] settings: loaded plugin ifcfg-rh: (c) 2007 - 2015 Red Hat, Inc.  To report bugs please use the NetworkManager mailing list. (/usr/lib64/NetworkManager/libnm-settings-plugin-ifcfg-rh.so)
May 16 20:47:02 localhost NetworkManager[1370]: <info>  [1526503622.8420] settings: loaded plugin keyfile: (c) 2007 - 2016 Red Hat, Inc.  To report bugs please use the NetworkManager mailing list.
May 16 20:47:02 localhost NetworkManager[1370]: <debug> [1526503622.8422] ifcfg-rh: loading from file "/etc/sysconfig/network-scripts/ifcfg-eth0"...
May 16 20:47:02 localhost NetworkManager[1370]: <debug> [1526503622.8429] settings-connection[0x7fecec0065f0]: constructed (NMIfcfgConnection)
May 16 20:47:02 localhost NetworkManager[1370]: <info>  [1526503622.8434] ifcfg-rh: new connection /etc/sysconfig/network-scripts/ifcfg-eth0 (3e5e344b-02e4-4c6b-a641-bff748ab95dd,"eth0")
May 16 20:47:02 localhost NetworkManager[1370]: <debug> [1526503622.8435] ifcfg-rh: loading from file "/etc/sysconfig/network-scripts/ifcfg-lo"...
May 16 20:47:02 localhost NetworkManager[1370]: <debug> [1526503622.8435] ifcfg-rh: loading "/etc/sysconfig/network-scripts/ifcfg-lo" fails: Ignoring loopback device config.
May 16 20:47:02 localhost NetworkManager[1370]: <debug> [1526503622.8436] settings-connection[0x7fecec0065f0,3e5e344b-02e4-4c6b-a641-bff748ab95dd]: failed to read connection timestamp: No such file or directory
May 16 20:47:02 localhost NetworkManager[1370]: <debug> [1526503622.8453] ++ connection 'new connection' (0x7fecec0065f0/NMIfcfgConnection/"802-3-ethernet"): [/org/freedesktop/NetworkManager/Settings/1]
May 16 20:47:02 localhost NetworkManager[1370]: <debug> [1526503622.8453] ++ connection                [ 0x55a721018240 ]
May 16 20:47:02 localhost NetworkManager[1370]: <debug> [1526503622.8453] ++ connection.id             = 'eth0'
May 16 20:47:02 localhost NetworkManager[1370]: <debug> [1526503622.8454] ++ connection.permissions    = []
May 16 20:47:02 localhost NetworkManager[1370]: <debug> [1526503622.8454] ++ connection.type           = '802-3-ethernet'
May 16 20:47:02 localhost NetworkManager[1370]: <debug> [1526503622.8454] ++ connection.uuid           = '3e5e344b-02e4-4c6b-a641-bff748ab95dd'
May 16 20:47:02 localhost NetworkManager[1370]: <debug> [1526503622.8454] ++ 802-3-ethernet            [ 0x55a72102b590 ]
May 16 20:47:02 localhost NetworkManager[1370]: <debug> [1526503622.8454] ++ 802-3-ethernet.mac-address = '52:54:00:4A:D4:7F'
May 16 20:47:02 localhost NetworkManager[1370]: <debug> [1526503622.8454] ++ 802-3-ethernet.mac-address-blacklist = []
May 16 20:47:02 localhost NetworkManager[1370]: <debug> [1526503622.8454] ++ 802-3-ethernet.s390-options = ((GHashTable*) 0x55a7210688c0)
May 16 20:47:02 localhost NetworkManager[1370]: <debug> [1526503622.8455] ++ ipv4                      [ 0x55a721018780 ]
May 16 20:47:02 localhost NetworkManager[1370]: <debug> [1526503622.8455] ++ ipv4.addresses            = ((GPtrArray*) 0x55a72105e360)
May 16 20:47:02 localhost NetworkManager[1370]: <debug> [1526503622.8455] ++ ipv4.dns                  = []
May 16 20:47:02 localhost NetworkManager[1370]: <debug> [1526503622.8455] ++ ipv4.dns-search           = []
May 16 20:47:02 localhost NetworkManager[1370]: <debug> [1526503622.8455] ++ ipv4.method               = 'auto'
May 16 20:47:02 localhost NetworkManager[1370]: <debug> [1526503622.8455] ++ ipv4.routes               = ((GPtrArray*) 0x55a72105e100)
May 16 20:47:02 localhost NetworkManager[1370]: <debug> [1526503622.8456] ++ ipv6                      [ 0x55a7210186c0 ]
May 16 20:47:02 localhost NetworkManager[1370]: <debug> [1526503622.8456] ++ ipv6.addr-gen-mode        = 0
May 16 20:47:02 localhost NetworkManager[1370]: <debug> [1526503622.8456] ++ ipv6.addresses            = ((GPtrArray*) 0x55a72105e040)
May 16 20:47:02 localhost NetworkManager[1370]: <debug> [1526503622.8456] ++ ipv6.dns                  = []
May 16 20:47:02 localhost NetworkManager[1370]: <debug> [1526503622.8456] ++ ipv6.dns-search           = []
May 16 20:47:02 localhost NetworkManager[1370]: <debug> [1526503622.8456] ++ ipv6.method               = 'auto'
May 16 20:47:02 localhost NetworkManager[1370]: <debug> [1526503622.8456] ++ ipv6.routes               = ((GPtrArray*) 0x55a72105e440)
May 16 20:47:02 localhost NetworkManager[1370]: <info>  [1526503622.8459] manager: rfkill: WiFi enabled by radio killswitch; enabled by state file
May 16 20:47:02 localhost NetworkManager[1370]: <info>  [1526503622.8459] manager: rfkill: WWAN enabled by radio killswitch; enabled by state file
May 16 20:47:02 localhost NetworkManager[1370]: <info>  [1526503622.8459] manager: Networking is enabled by state file
May 16 20:47:02 localhost NetworkManager[1370]: <debug> [1526503622.8459] dispatcher: (1) dispatching action 'hostname'
May 16 20:47:02 localhost NetworkManager[1370]: <debug> [1526503622.8463] dhcp-init: enabled DHCP client 'dhclient' (NMDhcpDhclient)
May 16 20:47:02 localhost NetworkManager[1370]: <debug> [1526503622.8463] dhcp-init: enabled DHCP client 'internal' (NMDhcpSystemd)
May 16 20:47:02 localhost NetworkManager[1370]: <info>  [1526503622.8464] dhcp-init: Using DHCP client 'dhclient'
May 16 20:47:02 localhost NetworkManager[1370]: <debug> [1526503622.8464] create NMDhcpManager singleton (0x7fecf0005cc0)
May 16 20:47:02 localhost NetworkManager[1370]: <info>  [1526503622.8466] Loaded device plugin: NMBondDeviceFactory (internal)
May 16 20:47:02 localhost NetworkManager[1370]: <info>  [1526503622.8466] Loaded device plugin: NMBridgeDeviceFactory (internal)
May 16 20:47:02 localhost NetworkManager[1370]: <info>  [1526503622.8466] Loaded device plugin: NMDummyDeviceFactory (internal)
May 16 20:47:02 localhost NetworkManager[1370]: <info>  [1526503622.8466] Loaded device plugin: NMEthernetDeviceFactory (internal)
May 16 20:47:02 localhost NetworkManager[1370]: <info>  [1526503622.8466] Loaded device plugin: NMInfinibandDeviceFactory (internal)
May 16 20:47:02 localhost NetworkManager[1370]: <info>  [1526503622.8467] Loaded device plugin: NMIPTunnelDeviceFactory (internal)
May 16 20:47:02 localhost NetworkManager[1370]: <info>  [1526503622.8467] Loaded device plugin: NMMacsecDeviceFactory (internal)
May 16 20:47:02 localhost NetworkManager[1370]: <info>  [1526503622.8467] Loaded device plugin: NMMacvlanDeviceFactory (internal)
May 16 20:47:02 localhost NetworkManager[1370]: <info>  [1526503622.8467] Loaded device plugin: NMPppDeviceFactory (internal)
May 16 20:47:02 localhost NetworkManager[1370]: <info>  [1526503622.8467] Loaded device plugin: NMTunDeviceFactory (internal)
May 16 20:47:02 localhost NetworkManager[1370]: <info>  [1526503622.8467] Loaded device plugin: NMVethDeviceFactory (internal)
May 16 20:47:02 localhost NetworkManager[1370]: <info>  [1526503622.8468] Loaded device plugin: NMVlanDeviceFactory (internal)
May 16 20:47:02 localhost NetworkManager[1370]: <info>  [1526503622.8468] Loaded device plugin: NMVxlanDeviceFactory (internal)
May 16 20:47:02 localhost nm-dispatcher[1403]: req:1 'hostname': new request (4 scripts)
May 16 20:47:02 localhost nm-dispatcher[1403]: req:1 'hostname': environment: PATH=/usr/local/sbin:/usr/local/bin:/usr/sbin:/usr/bin
May 16 20:47:02 localhost nm-dispatcher[1403]: req:1 'hostname': start running ordered scripts...
May 16 20:47:02 localhost nm-dispatcher[1403]: req:1 'hostname', "/etc/NetworkManager/dispatcher.d/00-netreport": run script
May 16 20:47:02 localhost NetworkManager[1370]: <info>  [1526503622.8527] Loaded device plugin: NMWifiFactory (/usr/lib64/NetworkManager/libnm-device-plugin-wifi.so)
May 16 20:47:02 localhost NetworkManager[1370]: <info>  [1526503622.8589] Loaded device plugin: NMTeamFactory (/usr/lib64/NetworkManager/libnm-device-plugin-team.so)
May 16 20:47:02 localhost NetworkManager[1370]: <debug> [1526503622.8595] device[0x55a72107d720] (lo): unmanaged: flags set to [platform-init,by-default=0x110/0x110/unmanaged/unrealized], set-unmanaged [by-default=0x100])
May 16 20:47:02 localhost NetworkManager[1370]: <debug> [1526503622.8596] device[0x55a72107d720] (lo): constructed (NMDeviceGeneric)
May 16 20:47:02 localhost NetworkManager[1370]: <debug> [1526503622.8596] device[0x55a72107d720] (lo): start setup of NMDeviceGeneric, kernel ifindex 1
May 16 20:47:02 localhost NetworkManager[1370]: <debug> [1526503622.8596] device[0x55a72107d720] (lo): assume-state: set guess-assume=1, connection=(null)
May 16 20:47:02 localhost NetworkManager[1370]: <debug> [1526503622.8597] platform-linux: error reading net:/sys/class/net/lo/phys_port_id: error reading 4096 bytes from file descriptor: Operation not supported
May 16 20:47:02 localhost NetworkManager[1370]: <debug> [1526503622.8598] platform-linux: sysctl: reading 'net:/sys/class/net/lo/dev_id': '0x0'
May 16 20:47:02 localhost NetworkManager[1370]: <debug> [1526503622.8599] platform-linux: error reading net:/sys/class/net/lo/device/sriov_totalvfs: Failed to open file "device/sriov_totalvfs" with openat: No such file or directory
May 16 20:47:02 localhost NetworkManager[1370]: <debug> [1526503622.8599] device[0x55a72107d720] (lo): hw-addr: hardware address now 00:00:00:00:00:00
May 16 20:47:02 localhost NetworkManager[1370]: <debug> [1526503622.8599] device[0x55a72107d720] (lo): hw-addr: update initial MAC address 00:00:00:00:00:00
May 16 20:47:02 localhost NetworkManager[1370]: <debug> [1526503622.8599] device[0x55a72107d720] (lo): hw-addr: unable to read permanent MAC address (use current: 00:00:00:00:00:00)
May 16 20:47:02 localhost NetworkManager[1370]: <info>  [1526503622.8600] device (lo): carrier: link connected
May 16 20:47:02 localhost NetworkManager[1370]: <debug> [1526503622.8600] device[0x55a72107d720] (lo): unmanaged: flags set to [platform-init,by-default,!external-down=0x110/0x910/unmanaged/unrealized], set-managed [external-down=0x800])
May 16 20:47:02 localhost NetworkManager[1370]: <debug> [1526503622.8600] device[0x55a72107d720] (lo): unmanaged: flags set to [loopback,platform-init,by-default,!external-down=0x118/0x918/unmanaged/unrealized], set-unmanaged [loopback=0x8])
May 16 20:47:02 localhost NetworkManager[1370]: <debug> [1526503622.8600] device[0x55a72107d720] (lo): unmanaged: flags set to [loopback,platform-init,by-default,!user-settings,!external-down=0x118/0x958/unmanaged/unrealized], set-managed [user-settings=0x40])
May 16 20:47:02 localhost NetworkManager[1370]: <debug> [1526503622.8600] device[0x55a72107d720] (lo): unmanaged: flags set to [loopback,by-default,!platform-init,!user-settings,!external-down=0x108/0x958/unmanaged/unrealized], set-managed [platform-init=0x10])
May 16 20:47:02 localhost NetworkManager[1370]: <debug> [1526503622.8600] device[0x55a72107d720] (lo): unmanaged: flags set to [loopback,by-default,!sleeping,!platform-init,!user-settings,!external-down=0x108/0x959/unmanaged/unrealized], set-managed [sleeping=0x1])
May 16 20:47:02 localhost NetworkManager[1370]: <info>  [1526503622.8609] manager: (lo): new Generic device (/org/freedesktop/NetworkManager/Devices/1)
May 16 20:47:02 localhost NetworkManager[1370]: <debug> [1526503622.8616] device[0x55a72107d720] (lo): assume-state: set guess-assume=0, connection=(null)
May 16 20:47:02 localhost NetworkManager[1370]: <debug> [1526503622.8618] device[0x55a721089950] (eth0): constructed (NMDeviceEthernet)
May 16 20:47:02 localhost NetworkManager[1370]: <debug> [1526503622.8618] device[0x55a721089950] (eth0): start setup of NMDeviceEthernet, kernel ifindex 2
May 16 20:47:02 localhost NetworkManager[1370]: <debug> [1526503622.8619] device[0x55a721089950] (eth0): assume-state: set guess-assume=1, connection=(null)
May 16 20:47:02 localhost NetworkManager[1370]: <debug> [1526503622.8619] platform-linux: error reading net:/sys/class/net/eth0/phys_port_id: error reading 4096 bytes from file descriptor: Operation not supported
May 16 20:47:02 localhost NetworkManager[1370]: <debug> [1526503622.8620] platform-linux: sysctl: reading 'net:/sys/class/net/eth0/dev_id': '0x0'
May 16 20:47:02 localhost NetworkManager[1370]: <debug> [1526503622.8620] platform-linux: error reading net:/sys/class/net/eth0/device/sriov_totalvfs: Failed to open file "device/sriov_totalvfs" with openat: No such file or directory
May 16 20:47:02 localhost NetworkManager[1370]: <debug> [1526503622.8621] device[0x55a721089950] (eth0): hw-addr: hardware address now 52:54:00:4A:D4:7F
May 16 20:47:02 localhost NetworkManager[1370]: <debug> [1526503622.8621] device[0x55a721089950] (eth0): hw-addr: update initial MAC address 52:54:00:4A:D4:7F
May 16 20:47:02 localhost NetworkManager[1370]: <debug> [1526503622.8621] device[0x55a721089950] (eth0): hw-addr: read permanent MAC address '52:54:00:4A:D4:7F'
May 16 20:47:02 localhost systemd[1]: Cannot add dependency job for unit rhel-loadmodules.service, ignoring: Unit is masked.
May 16 20:47:02 localhost NetworkManager[1370]: <info>  [1526503622.8621] device (eth0): carrier: link connected
May 16 20:47:02 localhost systemd[1]: Cannot add dependency job for unit rhel-autorelabel.service, ignoring: Unit is masked.
May 16 20:47:02 localhost NetworkManager[1370]: <debug> [1526503622.8622] device[0x55a721089950] (eth0): unmanaged: flags set to [platform-init,!loopback=0x10/0x18/unmanaged/unrealized], set-managed [loopback=0x8])
May 16 20:47:02 localhost systemd[1]: Cannot add dependency job for unit systemd-tmpfiles-clean.timer, ignoring: Unit is masked.
May 16 20:47:02 localhost NetworkManager[1370]: <debug> [1526503622.8622] device[0x55a721089950] (eth0): unmanaged: flags set to [platform-init,!loopback,!user-settings=0x10/0x58/unmanaged/unrealized], set-managed [user-settings=0x40])
May 16 20:47:02 localhost systemd[1]: Starting Authorization Manager...
May 16 20:47:02 localhost NetworkManager[1370]: <debug> [1526503622.8622] device[0x55a721089950] (eth0): unmanaged: flags set to [!loopback,!platform-init,!user-settings=0x0/0x58/managed/unrealized], set-managed [platform-init=0x10])
May 16 20:47:02 localhost NetworkManager[1370]: <debug> [1526503622.8622] device[0x55a721089950] (eth0): unmanaged: flags set to [!sleeping,!loopback,!platform-init,!user-settings=0x0/0x59/managed/unrealized], set-managed [sleeping=0x1])
May 16 20:47:02 localhost NetworkManager[1370]: <info>  [1526503622.8631] manager: (eth0): new Ethernet device (/org/freedesktop/NetworkManager/Devices/2)
May 16 20:47:02 localhost NetworkManager[1370]: <debug> [1526503622.8642] device[0x55a721089950] (eth0): ip4-config: update (commit=0, new-config=0x55a721095380)
May 16 20:47:02 localhost NetworkManager[1370]: <debug> [1526503622.8647] device[0x55a721089950] (eth0): ip4-config: set IP4Config instance (/org/freedesktop/NetworkManager/IP4Config/1)
May 16 20:47:02 localhost NetworkManager[1370]: <debug> [1526503622.8647] dns-mgr: (device_ip4_config_changed): queueing DNS updates (1)
May 16 20:47:02 localhost NetworkManager[1370]: <debug> [1526503622.8647] dns-mgr: (device_ip4_config_changed): DNS configuration did not change
May 16 20:47:02 localhost NetworkManager[1370]: <debug> [1526503622.8647] dns-mgr: (device_ip4_config_changed): no DNS changes to commit (0)
May 16 20:47:02 localhost NetworkManager[1370]: <debug> [1526503622.8651] device[0x55a721089950] (eth0): ip6-config: update (commit=0, new-config=0x55a72109c280)
May 16 20:47:02 localhost NetworkManager[1370]: <debug> [1526503622.8655] device[0x55a721089950] (eth0): ip6-config: set IP6Config instance (/org/freedesktop/NetworkManager/IP6Config/1)
May 16 20:47:02 localhost NetworkManager[1370]: <debug> [1526503622.8655] dns-mgr: (device_ip6_config_changed): queueing DNS updates (1)
May 16 20:47:02 localhost NetworkManager[1370]: <debug> [1526503622.8656] dns-mgr: (device_ip6_config_changed): DNS configuration did not change
May 16 20:47:02 localhost NetworkManager[1370]: <debug> [1526503622.8656] dns-mgr: (device_ip6_config_changed): no DNS changes to commit (0)
May 16 20:47:02 localhost NetworkManager[1370]: <info>  [1526503622.8661] manager: (eth0): assume: will attempt to assume matching connection 'eth0' (3e5e344b-02e4-4c6b-a641-bff748ab95dd) (guessed)
May 16 20:47:02 localhost NetworkManager[1370]: <debug> [1526503622.8662] device[0x55a721089950] (eth0): assume-state: set guess-assume=0, connection=(null)
May 16 20:47:02 localhost NetworkManager[1370]: <info>  [1526503622.8662] device (eth0): state change: unmanaged -> unavailable (reason 'connection-assumed', sys-iface-state: 'assume')
May 16 20:47:02 localhost NetworkManager[1370]: <debug> [1526503622.8664] platform-linux: sysctl: reading '/proc/sys/net/ipv6/conf/eth0/accept_ra': '1'
May 16 20:47:02 localhost NetworkManager[1370]: <debug> [1526503622.8664] platform-linux: sysctl: reading '/proc/sys/net/ipv6/conf/eth0/accept_ra_defrtr': '1'
May 16 20:47:02 localhost NetworkManager[1370]: <debug> [1526503622.8665] platform-linux: sysctl: reading '/proc/sys/net/ipv6/conf/eth0/accept_ra_pinfo': '1'
May 16 20:47:02 localhost NetworkManager[1370]: <debug> [1526503622.8665] platform-linux: sysctl: reading '/proc/sys/net/ipv6/conf/eth0/accept_ra_rtr_pref': '1'
May 16 20:47:02 localhost NetworkManager[1370]: <debug> [1526503622.8665] platform-linux: sysctl: reading '/proc/sys/net/ipv6/conf/eth0/forwarding': '0'
May 16 20:47:02 localhost NetworkManager[1370]: <debug> [1526503622.8665] platform-linux: sysctl: reading '/proc/sys/net/ipv6/conf/eth0/disable_ipv6': '0'
May 16 20:47:02 localhost NetworkManager[1370]: <debug> [1526503622.8666] platform-linux: sysctl: reading '/proc/sys/net/ipv6/conf/eth0/hop_limit': '64'
May 16 20:47:02 localhost NetworkManager[1370]: <debug> [1526503622.8666] platform-linux: sysctl: reading '/proc/sys/net/ipv6/conf/eth0/use_tempaddr': '0'
May 16 20:47:02 localhost NetworkManager[1370]: <debug> [1526503622.8669] device[0x55a721089950] (eth0): add_pending_action (1): 'recheck-available'
May 16 20:47:02 localhost NetworkManager[1370]: <info>  [1526503622.8670] device (eth0): state change: unavailable -> disconnected (reason 'connection-assumed', sys-iface-state: 'assume')
May 16 20:47:02 localhost NetworkManager[1370]: <debug> [1526503622.8679] device[0x55a721089950] (eth0): add_pending_action (2): 'autoactivate'
May 16 20:47:02 localhost NetworkManager[1370]: <debug> [1526503622.8682] active-connection[0x55a72109c420]: set device "eth0" [0x55a721089950]
May 16 20:47:02 localhost NetworkManager[1370]: <debug> [1526503622.8682] device[0x55a721089950] (eth0): add_pending_action (3): 'activation-0x55a72109c420'
May 16 20:47:02 localhost NetworkManager[1370]: <debug> [1526503622.8685] active-connection[0x55a72109c420]: constructed (NMActRequest, version-id 1, type assume)
May 16 20:47:02 localhost NetworkManager[1370]: <info>  [1526503622.8692] device (eth0): Activation: starting connection 'eth0' (3e5e344b-02e4-4c6b-a641-bff748ab95dd)
May 16 20:47:02 localhost NetworkManager[1370]: <debug> [1526503622.8692] device[0x55a721089950] (eth0): activation-stage: schedule activate_stage1_device_prepare,v4 (id 39)
May 16 20:47:02 localhost NetworkManager[1370]: <debug> [1526503622.8696] create NMVpnManager singleton (0x7fecf00040a0)
May 16 20:47:02 localhost NetworkManager[1370]: <debug> [1526503622.8696] manager: creating virtual devices...
May 16 20:47:02 localhost NetworkManager[1370]: <debug> [1526503622.8696] setting up local loopback
May 16 20:47:02 localhost NetworkManager[1370]: <debug> [1526503622.8696] platform: link: setting up "lo" (1)
May 16 20:47:02 localhost NetworkManager[1370]: <debug> [1526503622.8696] platform-linux: link: change 1: flags: set 0x1/0x1 ([up] / [up])
May 16 20:47:02 localhost NetworkManager[1370]: <debug> [1526503622.8696] platform-linux: do-request-link: 1
May 16 20:47:02 localhost NetworkManager[1370]: <debug> [1526503622.8697] platform-linux: do-change-link[1]: success changing link: success
May 16 20:47:02 localhost dbus[1390]: [system] Activating via systemd: service name='org.freedesktop.PolicyKit1' unit='polkit.service'
May 16 20:47:02 localhost NetworkManager[1370]: <debug> [1526503622.8742] sleep-monitor-sd: inhibit: taking sleep inhibitor...
May 16 20:47:02 localhost NetworkManager[1370]: <debug> [1526503622.8792] ifcfg-rh: dbus: aquired D-Bus service com.redhat.ifcfgrh1 and exported /com/redhat/ifcfgrh1 object
May 16 20:47:02 localhost NetworkManager[1370]: <debug> [1526503622.8853] sleep-monitor-sd: inhibit: inhibitor fd is 17
May 16 20:47:02 localhost NetworkManager[1370]: <debug> [1526503622.8854] firewall: firewall initialized (not running)
May 16 20:47:02 localhost NetworkManager[1370]: <debug> [1526503622.8856] device[0x55a72107d720] (lo): ip4-config: update (commit=0, new-config=0x55a721095600)
May 16 20:47:02 localhost NetworkManager[1370]: <debug> [1526503622.8860] device[0x55a72107d720] (lo): ip4-config: set IP4Config instance (/org/freedesktop/NetworkManager/IP4Config/2)
May 16 20:47:02 localhost NetworkManager[1370]: <debug> [1526503622.8860] dns-mgr: (device_ip4_config_changed): queueing DNS updates (1)
May 16 20:47:02 localhost NetworkManager[1370]: <debug> [1526503622.8860] dns-mgr: (device_ip4_config_changed): DNS configuration did not change
