20:46:47,633 INFO journal:Runtime journal is using 8.0M (max allowed 99.9M, trying to leave 149.9M free of 991.8M available → current limit 99.9M).
20:46:47,633 INFO kernel:Initializing cgroup subsys cpuset
20:46:47,633 INFO kernel:Initializing cgroup subsys cpu
20:46:47,633 INFO kernel:Initializing cgroup subsys cpuacct
20:46:47,633 NOTICE kernel:Linux version 3.10.0-862.el7.x86_64 (builder@kbuilder.dev.centos.org) (gcc version 4.8.5 20150623 (Red Hat 4.8.5-28) (GCC) ) #1 SMP Fri Apr 20 16:44:24 UTC 2018
20:46:47,633 INFO kernel:Command line: method=http://mirror.centos.org/centos/7/os/x86_64/ ks=file:/CentOS-7-x86_64-hvm.ks console=tty0 console=ttyS0,115200 
20:46:47,633 INFO kernel:Disabled fast string operations
20:46:47,633 INFO kernel:e820: BIOS-provided physical RAM map:
20:46:47,633 INFO kernel:BIOS-e820: [mem 0x0000000000000000-0x000000000009d7ff] usable
20:46:47,633 INFO kernel:BIOS-e820: [mem 0x000000000009d800-0x000000000009ffff] reserved
20:46:47,633 INFO kernel:BIOS-e820: [mem 0x00000000000f0000-0x00000000000fffff] reserved
20:46:47,633 INFO kernel:BIOS-e820: [mem 0x0000000000100000-0x000000007fffcfff] usable
20:46:47,633 INFO kernel:BIOS-e820: [mem 0x000000007fffd000-0x000000007fffffff] reserved
20:46:47,633 INFO kernel:BIOS-e820: [mem 0x00000000fffbc000-0x00000000ffffffff] reserved
20:46:47,633 INFO kernel:NX (Execute Disable) protection: active
20:46:47,633 INFO kernel:SMBIOS 2.4 present.
20:46:47,633 DEBUG kernel:DMI: Red Hat KVM, BIOS 0.5.1 01/01/2007
20:46:47,633 INFO kernel:Hypervisor detected: KVM
20:46:47,633 DEBUG kernel:e820: update [mem 0x00000000-0x00000fff] usable ==> reserved
20:46:47,633 DEBUG kernel:e820: remove [mem 0x000a0000-0x000fffff] usable
20:46:47,633 INFO kernel:e820: last_pfn = 0x7fffd max_arch_pfn = 0x400000000
20:46:47,633 DEBUG kernel:MTRR default type: write-back
20:46:47,633 DEBUG kernel:MTRR fixed ranges enabled:
20:46:47,633 DEBUG kernel:  00000-9FFFF write-back
20:46:47,633 DEBUG kernel:  A0000-BFFFF uncachable
20:46:47,633 DEBUG kernel:  C0000-FFFFF write-protect
20:46:47,633 DEBUG kernel:MTRR variable ranges enabled:
20:46:47,633 DEBUG kernel:  0 base 0000E0000000 mask 3FFFE0000000 uncachable
20:46:47,633 DEBUG kernel:  1 disabled
20:46:47,633 DEBUG kernel:  2 disabled
20:46:47,633 DEBUG kernel:  3 disabled
20:46:47,633 DEBUG kernel:  4 disabled
20:46:47,633 DEBUG kernel:  5 disabled
20:46:47,633 DEBUG kernel:  6 disabled
20:46:47,633 DEBUG kernel:  7 disabled
20:46:47,633 INFO kernel:PAT configuration [0-7]: WB  WC  UC- UC  UC  UC  UC  UC  
20:46:47,633 INFO kernel:found SMP MP-table at [mem 0x000fda30-0x000fda3f] mapped at [ffffffffff200a30]
20:46:47,633 DEBUG kernel:Base memory trampoline at [ffff8e8500097000] 97000 size 24576
20:46:47,633 INFO kernel:Using GB pages for direct mapping
20:46:47,633 DEBUG kernel:BRK [0x3082e000, 0x3082efff] PGTABLE
20:46:47,633 DEBUG kernel:BRK [0x3082f000, 0x3082ffff] PGTABLE
20:46:47,633 DEBUG kernel:BRK [0x30830000, 0x30830fff] PGTABLE
20:46:47,633 DEBUG kernel:BRK [0x30831000, 0x30831fff] PGTABLE
20:46:47,633 DEBUG kernel:BRK [0x30832000, 0x30832fff] PGTABLE
20:46:47,633 DEBUG kernel:BRK [0x30833000, 0x30833fff] PGTABLE
20:46:47,633 INFO kernel:RAMDISK: [mem 0x7cd7d000-0x7ffeffff]
20:46:47,633 INFO kernel:Early table checksum verification disabled
20:46:47,633 WARNING kernel:ACPI: RSDP 00000000000fd9e0 00014 (v00 BOCHS )
20:46:47,633 WARNING kernel:ACPI: RSDT 000000007fffd5d0 00034 (v01 BOCHS  BXPCRSDT 00000001 BXPC 00000001)
20:46:47,633 WARNING kernel:ACPI: FACP 000000007ffffe20 00074 (v01 BOCHS  BXPCFACP 00000001 BXPC 00000001)
20:46:47,633 WARNING kernel:ACPI: DSDT 000000007fffd910 024A2 (v01   BXPC   BXDSDT 00000001 INTL 20090123)
20:46:47,633 WARNING kernel:ACPI: FACS 000000007ffffdc0 00040
20:46:47,633 WARNING kernel:ACPI: SSDT 000000007fffd810 000FF (v01 BOCHS  BXPCSSDT 00000001 BXPC 00000001)
20:46:47,633 WARNING kernel:ACPI: APIC 000000007fffd720 00080 (v01 BOCHS  BXPCAPIC 00000001 BXPC 00000001)
20:46:47,633 WARNING kernel:ACPI: SSDT 000000007fffd610 0010F (v01   BXPC BXSSDTPC 00000001 INTL 20090123)
20:46:47,633 DEBUG kernel:ACPI: Local APIC address 0xfee00000
20:46:47,633 INFO kernel:No NUMA configuration found
20:46:47,633 INFO kernel:Faking a node at [mem 0x0000000000000000-0x000000007fffcfff]
20:46:47,633 INFO kernel:NODE_DATA(0) allocated [mem 0x7cd56000-0x7cd7cfff]
20:46:47,633 INFO kernel:kvm-clock: Using msrs 4b564d01 and 4b564d00
20:46:47,633 INFO kernel:kvm-clock: cpu 0, msr 0:7cd06001, primary cpu clock
20:46:47,633 WARNING kernel:Zone ranges:
20:46:47,633 WARNING kernel:  DMA      [mem 0x00001000-0x00ffffff]
20:46:47,633 WARNING kernel:  DMA32    [mem 0x01000000-0xffffffff]
20:46:47,633 WARNING kernel:  Normal   empty
20:46:47,633 WARNING kernel:Movable zone start for each node
20:46:47,633 WARNING kernel:Early memory node ranges
20:46:47,633 WARNING kernel:  node   0: [mem 0x00001000-0x0009cfff]
20:46:47,633 WARNING kernel:  node   0: [mem 0x00100000-0x7fffcfff]
20:46:47,633 INFO kernel:Initmem setup node 0 [mem 0x00001000-0x7fffcfff]
20:46:47,633 DEBUG kernel:On node 0 totalpages: 524185
20:46:47,634 DEBUG kernel:  DMA zone: 64 pages used for memmap
20:46:47,634 DEBUG kernel:  DMA zone: 21 pages reserved
20:46:47,634 DEBUG kernel:  DMA zone: 3996 pages, LIFO batch:0
20:46:47,634 DEBUG kernel:  DMA32 zone: 8128 pages used for memmap
20:46:47,634 DEBUG kernel:  DMA32 zone: 520189 pages, LIFO batch:31
20:46:47,634 INFO kernel:ACPI: PM-Timer IO Port: 0xb008
20:46:47,634 DEBUG kernel:ACPI: Local APIC address 0xfee00000
20:46:47,634 INFO kernel:ACPI: LAPIC (acpi_id[0x00] lapic_id[0x00] enabled)
20:46:47,634 INFO kernel:ACPI: LAPIC (acpi_id[0x01] lapic_id[0x01] enabled)
20:46:47,634 INFO kernel:ACPI: LAPIC_NMI (acpi_id[0xff] dfl dfl lint[0x1])
20:46:47,634 INFO kernel:ACPI: IOAPIC (id[0x00] address[0xfec00000] gsi_base[0])
20:46:47,634 INFO kernel:IOAPIC[0]: apic_id 0, version 17, address 0xfec00000, GSI 0-23
20:46:47,634 INFO kernel:ACPI: INT_SRC_OVR (bus 0 bus_irq 0 global_irq 2 dfl dfl)
20:46:47,634 INFO kernel:ACPI: INT_SRC_OVR (bus 0 bus_irq 5 global_irq 5 high level)
20:46:47,634 INFO kernel:ACPI: INT_SRC_OVR (bus 0 bus_irq 9 global_irq 9 high level)
20:46:47,634 INFO kernel:ACPI: INT_SRC_OVR (bus 0 bus_irq 10 global_irq 10 high level)
20:46:47,634 INFO kernel:ACPI: INT_SRC_OVR (bus 0 bus_irq 11 global_irq 11 high level)
20:46:47,634 DEBUG kernel:ACPI: IRQ0 used by override.
20:46:47,634 DEBUG kernel:ACPI: IRQ5 used by override.
20:46:47,634 DEBUG kernel:ACPI: IRQ9 used by override.
20:46:47,634 DEBUG kernel:ACPI: IRQ10 used by override.
20:46:47,634 DEBUG kernel:ACPI: IRQ11 used by override.
20:46:47,634 INFO kernel:Using ACPI (MADT) for SMP configuration information
20:46:47,634 INFO kernel:smpboot: Allowing 2 CPUs, 0 hotplug CPUs
20:46:47,634 INFO kernel:PM: Registered nosave memory: [mem 0x0009d000-0x0009dfff]
20:46:47,634 INFO kernel:PM: Registered nosave memory: [mem 0x0009e000-0x0009ffff]
20:46:47,634 INFO kernel:PM: Registered nosave memory: [mem 0x000a0000-0x000effff]
20:46:47,634 INFO kernel:PM: Registered nosave memory: [mem 0x000f0000-0x000fffff]
20:46:47,634 INFO kernel:e820: [mem 0x80000000-0xfffbbfff] available for PCI devices
20:46:47,634 INFO kernel:Booting paravirtualized kernel on KVM
20:46:47,634 INFO kernel:setup_percpu: NR_CPUS:5120 nr_cpumask_bits:2 nr_cpu_ids:2 nr_node_ids:1
20:46:47,634 INFO kernel:PERCPU: Embedded 35 pages/cpu @ffff8e857ca00000 s104856 r8192 d30312 u1048576
20:46:47,634 DEBUG kernel:pcpu-alloc: s104856 r8192 d30312 u1048576 alloc=1*2097152
20:46:47,634 DEBUG kernel:pcpu-alloc: [0] 0 1 
20:46:47,634 INFO kernel:kvm-stealtime: cpu 0, msr 7ca134c0
20:46:47,634 WARNING kernel:Built 1 zonelists in Node order, mobility grouping on.  Total pages: 515972
20:46:47,634 WARNING kernel:Policy zone: DMA32
20:46:47,634 NOTICE kernel:Kernel command line: method=http://mirror.centos.org/centos/7/os/x86_64/ ks=file:/CentOS-7-x86_64-hvm.ks console=tty0 console=ttyS0,115200 
20:46:47,634 INFO kernel:PID hash table entries: 4096 (order: 3, 32768 bytes)
20:46:47,634 INFO kernel:x86/fpu: xstate_offset[2]: 0240, xstate_sizes[2]: 0100
20:46:47,634 INFO kernel:xsave: enabled xstate_bv 0x7, cntxt size 0x340 using standard form
20:46:47,634 INFO kernel:Memory: 1992552k/2097140k available (7324k kernel code, 400k absent, 104188k reserved, 6305k data, 1832k init)
20:46:47,634 INFO kernel:SLUB: HWalign=64, Order=0-3, MinObjects=0, CPUs=2, Nodes=1
20:46:47,634 INFO kernel:x86/pti: Unmapping kernel while in userspace
20:46:47,634 INFO kernel:Hierarchical RCU implementation.
20:46:47,634 INFO kernel:#011RCU restricting CPUs from NR_CPUS=5120 to nr_cpu_ids=2.
20:46:47,634 INFO kernel:NR_IRQS:327936 nr_irqs:440 0
20:46:47,634 INFO kernel:Console: colour dummy device 80x25
20:46:47,634 INFO kernel:console [tty0] enabled
20:46:47,634 INFO kernel:console [ttyS0] enabled
20:46:47,634 INFO kernel:allocated 8388608 bytes of page_cgroup
20:46:47,634 INFO kernel:please try 'cgroup_disable=memory' option if you don't want memory cgroups
20:46:47,634 INFO kernel:tsc: Detected 1999.999 MHz processor
20:46:47,634 INFO kernel:Calibrating delay loop (skipped) preset value.. 3999.99 BogoMIPS (lpj=1999999)
20:46:47,634 INFO kernel:pid_max: default: 32768 minimum: 301
20:46:47,634 INFO kernel:Security Framework initialized
20:46:47,634 INFO kernel:SELinux:  Initializing.
20:46:47,634 DEBUG kernel:SELinux:  Starting in permissive mode
20:46:47,634 INFO kernel:Yama: becoming mindful.
20:46:47,634 INFO kernel:Dentry cache hash table entries: 262144 (order: 9, 2097152 bytes)
20:46:47,634 INFO kernel:Inode-cache hash table entries: 131072 (order: 8, 1048576 bytes)
20:46:47,634 INFO kernel:Mount-cache hash table entries: 4096 (order: 3, 32768 bytes)
20:46:47,634 INFO kernel:Mountpoint-cache hash table entries: 4096 (order: 3, 32768 bytes)
20:46:47,634 INFO kernel:Initializing cgroup subsys memory
20:46:47,634 INFO kernel:Initializing cgroup subsys devices
20:46:47,634 INFO kernel:Initializing cgroup subsys freezer
20:46:47,634 INFO kernel:Initializing cgroup subsys net_cls
20:46:47,634 INFO kernel:Initializing cgroup subsys blkio
20:46:47,634 INFO kernel:Initializing cgroup subsys perf_event
20:46:47,634 INFO kernel:Initializing cgroup subsys hugetlb
20:46:47,634 INFO kernel:Initializing cgroup subsys pids
20:46:47,634 INFO kernel:Initializing cgroup subsys net_prio
20:46:47,634 INFO kernel:Disabled fast string operations
20:46:47,634 INFO kernel:mce: CPU supports 10 MCE banks
20:46:47,634 INFO kernel:Last level iTLB entries: 4KB 0, 2MB 0, 4MB 0
20:46:47,634 INFO kernel:Last level dTLB entries: 4KB 0, 2MB 0, 4MB 0
20:46:47,635 INFO kernel:tlb_flushall_shift: 6
20:46:47,635 INFO kernel:FEATURE SPEC_CTRL Not Present
20:46:47,635 INFO kernel:FEATURE IBPB_SUPPORT Not Present
20:46:47,635 INFO kernel:Spectre V2 : Vulnerable: Retpoline without IBPB
20:46:47,635 INFO kernel:Freeing SMP alternatives: 24k freed
20:46:47,635 INFO kernel:ACPI: Core revision 20130517
20:46:47,635 WARNING kernel:ACPI: All ACPI Tables successfully acquired
20:46:47,635 INFO kernel:ftrace: allocating 28047 entries in 110 pages
20:46:47,635 INFO kernel:Enabling x2apic
20:46:47,635 INFO kernel:Enabled x2apic
20:46:47,635 INFO kernel:Switched APIC routing to physical x2apic.
20:46:47,635 INFO kernel:..TIMER: vector=0x30 apic1=0 pin1=2 apic2=-1 pin2=-1
20:46:47,635 INFO kernel:smpboot: CPU0: Intel Xeon E312xx (Sandy Bridge) (fam: 06, model: 2a, stepping: 01)
20:46:47,635 DEBUG kernel:TSC deadline timer enabled
20:46:47,635 INFO kernel:Performance Events: unsupported p6 CPU model 42 no PMU driver, software events only.
20:46:47,635 INFO kernel:smpboot: Booting Node   0, Processors  #1 OK
20:46:47,635 INFO kernel:kvm-clock: cpu 1, msr 0:7cd06041, secondary cpu clock
20:46:47,635 INFO kernel:Disabled fast string operations
20:46:47,635 INFO kernel:Brought up 2 CPUs
20:46:47,635 INFO kernel:kvm-stealtime: cpu 1, msr 7cb134c0
20:46:47,635 INFO kernel:smpboot: Max logical packages: 2
20:46:47,635 INFO kernel:smpboot: Total of 2 processors activated (7999.99 BogoMIPS)
20:46:47,635 INFO kernel:devtmpfs: initialized
20:46:47,635 INFO kernel:EVM: security.selinux
20:46:47,635 INFO kernel:EVM: security.ima
20:46:47,635 INFO kernel:EVM: security.capability
20:46:47,635 INFO kernel:atomic64 test passed for x86-64 platform with CX8 and with SSE
20:46:47,635 INFO kernel:pinctrl core: initialized pinctrl subsystem
20:46:47,635 INFO kernel:RTC time: 20:46:43, date: 05/16/18
20:46:47,635 INFO kernel:NET: Registered protocol family 16
20:46:47,635 INFO kernel:ACPI: bus type PCI registered
20:46:47,635 INFO kernel:acpiphp: ACPI Hot Plug PCI Controller Driver version: 0.5
20:46:47,635 INFO kernel:PCI: Using configuration type 1 for base access
20:46:47,635 INFO kernel:ACPI: Added _OSI(Module Device)
20:46:47,635 INFO kernel:ACPI: Added _OSI(Processor Device)
20:46:47,635 INFO kernel:ACPI: Added _OSI(3.0 _SCP Extensions)
20:46:47,635 INFO kernel:ACPI: Added _OSI(Processor Aggregator Device)
20:46:47,635 DEBUG kernel:ACPI: EC: Look up EC in DSDT
20:46:47,635 INFO kernel:ACPI: Interpreter enabled
20:46:47,635 INFO kernel:ACPI: (supports S0 S5)
20:46:47,635 INFO kernel:ACPI: Using IOAPIC for interrupt routing
20:46:47,635 INFO kernel:PCI: Using host bridge windows from ACPI; if necessary, use "pci=nocrs" and report a bug
20:46:47,635 WARNING kernel:ACPI: Enabled 16 GPEs in block 00 to 0F
20:46:47,635 INFO kernel:ACPI: PCI Root Bridge [PCI0] (domain 0000 [bus 00-ff])
20:46:47,635 INFO kernel:acpi PNP0A03:00: _OSC: OS supports [ASPM ClockPM Segments MSI]
20:46:47,635 INFO kernel:acpi PNP0A03:00: _OSC failed (AE_NOT_FOUND); disabling ASPM
20:46:47,635 WARNING kernel:acpi PNP0A03:00: fail to add MMCONFIG information, can't access extended PCI configuration space under this bridge.
20:46:47,635 INFO kernel:acpiphp: Slot [1] registered
20:46:47,635 INFO kernel:acpiphp: Slot [2] registered
20:46:47,635 INFO kernel:acpiphp: Slot [3] registered
20:46:47,635 INFO kernel:acpiphp: Slot [4] registered
20:46:47,635 INFO kernel:acpiphp: Slot [5] registered
20:46:47,635 INFO kernel:acpiphp: Slot [6] registered
20:46:47,635 INFO kernel:acpiphp: Slot [7] registered
20:46:47,635 INFO kernel:acpiphp: Slot [8] registered
20:46:47,636 INFO kernel:acpiphp: Slot [9] registered
20:46:47,636 INFO kernel:acpiphp: Slot [10] registered
20:46:47,636 INFO kernel:acpiphp: Slot [11] registered
20:46:47,636 INFO kernel:acpiphp: Slot [12] registered
20:46:47,636 INFO kernel:acpiphp: Slot [13] registered
20:46:47,636 INFO kernel:acpiphp: Slot [14] registered
20:46:47,636 INFO kernel:acpiphp: Slot [15] registered
20:46:47,636 INFO kernel:acpiphp: Slot [16] registered
20:46:47,636 INFO kernel:acpiphp: Slot [17] registered
20:46:47,636 INFO kernel:acpiphp: Slot [18] registered
20:46:47,636 INFO kernel:acpiphp: Slot [19] registered
20:46:47,636 INFO kernel:acpiphp: Slot [20] registered
20:46:47,636 INFO kernel:acpiphp: Slot [21] registered
20:46:47,636 INFO kernel:acpiphp: Slot [22] registered
20:46:47,636 INFO kernel:acpiphp: Slot [23] registered
20:46:47,636 INFO kernel:acpiphp: Slot [24] registered
20:46:47,636 INFO kernel:acpiphp: Slot [25] registered
20:46:47,636 INFO kernel:acpiphp: Slot [26] registered
20:46:47,636 INFO kernel:acpiphp: Slot [27] registered
20:46:47,636 INFO kernel:acpiphp: Slot [28] registered
20:46:47,636 INFO kernel:acpiphp: Slot [29] registered
20:46:47,636 INFO kernel:acpiphp: Slot [30] registered
20:46:47,636 INFO kernel:acpiphp: Slot [31] registered
20:46:47,636 INFO kernel:PCI host bridge to bus 0000:00
20:46:47,636 INFO kernel:pci_bus 0000:00: root bus resource [bus 00-ff]
20:46:47,636 INFO kernel:pci_bus 0000:00: root bus resource [io  0x0000-0x0cf7 window]
20:46:47,636 INFO kernel:pci_bus 0000:00: root bus resource [io  0x0d00-0xffff window]
20:46:47,636 INFO kernel:pci_bus 0000:00: root bus resource [mem 0x000a0000-0x000bffff window]
20:46:47,636 INFO kernel:pci_bus 0000:00: root bus resource [mem 0xe0000000-0xfebfffff window]
20:46:47,636 DEBUG kernel:pci 0000:00:00.0: [8086:1237] type 00 class 0x060000
20:46:47,636 DEBUG kernel:pci 0000:00:01.0: [8086:7000] type 00 class 0x060100
20:46:47,636 DEBUG kernel:pci 0000:00:01.1: [8086:7010] type 00 class 0x010180
20:46:47,636 DEBUG kernel:pci 0000:00:01.1: reg 0x20: [io  0xc000-0xc00f]
20:46:47,637 INFO kernel:pci 0000:00:01.1: legacy IDE quirk: reg 0x10: [io  0x01f0-0x01f7]
20:46:47,637 INFO kernel:pci 0000:00:01.1: legacy IDE quirk: reg 0x14: [io  0x03f6]
20:46:47,637 INFO kernel:pci 0000:00:01.1: legacy IDE quirk: reg 0x18: [io  0x0170-0x0177]
20:46:47,637 INFO kernel:pci 0000:00:01.1: legacy IDE quirk: reg 0x1c: [io  0x0376]
20:46:47,637 DEBUG kernel:pci 0000:00:01.3: [8086:7113] type 00 class 0x068000
20:46:47,637 INFO kernel:pci 0000:00:01.3: quirk: [io  0xb000-0xb03f] claimed by PIIX4 ACPI
20:46:47,637 INFO kernel:pci 0000:00:01.3: quirk: [io  0xb100-0xb10f] claimed by PIIX4 SMB
20:46:47,637 DEBUG kernel:pci 0000:00:03.0: [1af4:1000] type 00 class 0x020000
20:46:47,637 DEBUG kernel:pci 0000:00:03.0: reg 0x10: [io  0xc020-0xc03f]
20:46:47,637 DEBUG kernel:pci 0000:00:03.0: reg 0x14: [mem 0xf0000000-0xf0000fff]
20:46:47,637 DEBUG kernel:pci 0000:00:03.0: reg 0x30: [mem 0xf0010000-0xf001ffff pref]
20:46:47,637 DEBUG kernel:pci 0000:00:04.0: [8086:2934] type 00 class 0x0c0300
20:46:47,638 DEBUG kernel:pci 0000:00:04.0: reg 0x20: [io  0xc040-0xc05f]
20:46:47,638 DEBUG kernel:pci 0000:00:04.1: [8086:2935] type 00 class 0x0c0300
20:46:47,638 DEBUG kernel:pci 0000:00:04.1: reg 0x20: [io  0xc060-0xc07f]
20:46:47,638 DEBUG kernel:pci 0000:00:04.2: [8086:2936] type 00 class 0x0c0300
20:46:47,638 DEBUG kernel:pci 0000:00:04.2: reg 0x20: [io  0xc080-0xc09f]
20:46:47,638 DEBUG kernel:pci 0000:00:04.7: [8086:293a] type 00 class 0x0c0320
20:46:47,638 DEBUG kernel:pci 0000:00:04.7: reg 0x10: [mem 0xf0020000-0xf0020fff]
20:46:47,638 DEBUG kernel:pci 0000:00:05.0: [1af4:1001] type 00 class 0x010000
20:46:47,638 DEBUG kernel:pci 0000:00:05.0: reg 0x10: [io  0xc0c0-0xc0ff]
20:46:47,638 DEBUG kernel:pci 0000:00:05.0: reg 0x14: [mem 0xf0021000-0xf0021fff]
20:46:47,638 DEBUG kernel:pci 0000:00:06.0: [1af4:1002] type 00 class 0x050000
20:46:47,638 DEBUG kernel:pci 0000:00:06.0: reg 0x10: [io  0xc100-0xc11f]
20:46:47,638 INFO kernel:ACPI: PCI Interrupt Link [LNKA] (IRQs 5 *10 11)
20:46:47,638 INFO kernel:ACPI: PCI Interrupt Link [LNKB] (IRQs 5 *10 11)
20:46:47,638 INFO kernel:ACPI: PCI Interrupt Link [LNKC] (IRQs 5 10 *11)
20:46:47,638 INFO kernel:ACPI: PCI Interrupt Link [LNKD] (IRQs 5 10 *11)
20:46:47,638 INFO kernel:ACPI: PCI Interrupt Link [LNKS] (IRQs *9)
20:46:47,638 INFO kernel:vgaarb: loaded
20:46:47,638 NOTICE kernel:SCSI subsystem initialized
20:46:47,639 INFO kernel:ACPI: bus type USB registered
20:46:47,639 INFO kernel:usbcore: registered new interface driver usbfs
20:46:47,639 INFO kernel:usbcore: registered new interface driver hub
20:46:47,639 INFO kernel:usbcore: registered new device driver usb
20:46:47,639 INFO kernel:EDAC MC: Ver: 3.0.0
20:46:47,639 INFO kernel:PCI: Using ACPI for IRQ routing
20:46:47,639 DEBUG kernel:PCI: pci_cache_line_size set to 64 bytes
20:46:47,639 DEBUG kernel:e820: reserve RAM buffer [mem 0x0009d800-0x0009ffff]
20:46:47,639 DEBUG kernel:e820: reserve RAM buffer [mem 0x7fffd000-0x7fffffff]
20:46:47,639 INFO kernel:NetLabel: Initializing
20:46:47,639 INFO kernel:NetLabel:  domain hash size = 128
20:46:47,639 INFO kernel:NetLabel:  protocols = UNLABELED CIPSOv4
20:46:47,639 INFO kernel:NetLabel:  unlabeled traffic allowed by default
20:46:47,639 NOTICE kernel:amd_nb: Cannot enumerate AMD northbridges
20:46:47,639 INFO kernel:Switched to clocksource kvm-clock
20:46:47,639 INFO kernel:pnp: PnP ACPI init
20:46:47,639 INFO kernel:ACPI: bus type PNP registered
20:46:47,639 DEBUG kernel:pnp 00:00: Plug and Play ACPI device, IDs PNP0b00 (active)
20:46:47,639 DEBUG kernel:pnp 00:01: Plug and Play ACPI device, IDs PNP0303 (active)
20:46:47,639 DEBUG kernel:pnp 00:02: Plug and Play ACPI device, IDs PNP0f13 (active)
20:46:47,639 DEBUG kernel:pnp 00:03: [dma 2]
20:46:47,639 DEBUG kernel:pnp 00:03: Plug and Play ACPI device, IDs PNP0700 (active)
20:46:47,639 DEBUG kernel:pnp 00:04: Plug and Play ACPI device, IDs PNP0501 (active)
20:46:47,639 INFO kernel:pnp: PnP ACPI: found 5 devices
20:46:47,639 INFO kernel:ACPI: bus type PNP unregistered
20:46:47,639 DEBUG kernel:pci_bus 0000:00: resource 4 [io  0x0000-0x0cf7 window]
20:46:47,639 DEBUG kernel:pci_bus 0000:00: resource 5 [io  0x0d00-0xffff window]
20:46:47,639 DEBUG kernel:pci_bus 0000:00: resource 6 [mem 0x000a0000-0x000bffff window]
20:46:47,639 DEBUG kernel:pci_bus 0000:00: resource 7 [mem 0xe0000000-0xfebfffff window]
20:46:47,639 INFO kernel:NET: Registered protocol family 2
20:46:47,639 INFO kernel:TCP established hash table entries: 16384 (order: 5, 131072 bytes)
20:46:47,639 INFO kernel:TCP bind hash table entries: 16384 (order: 6, 262144 bytes)
20:46:47,640 INFO kernel:TCP: Hash tables configured (established 16384 bind 16384)
20:46:47,640 INFO kernel:TCP: reno registered
20:46:47,640 INFO kernel:UDP hash table entries: 1024 (order: 3, 32768 bytes)
20:46:47,640 INFO kernel:UDP-Lite hash table entries: 1024 (order: 3, 32768 bytes)
20:46:47,640 INFO kernel:NET: Registered protocol family 1
20:46:47,640 INFO kernel:pci 0000:00:00.0: Limiting direct PCI/PCI transfers
20:46:47,640 INFO kernel:pci 0000:00:01.0: PIIX3: Enabling Passive Release
20:46:47,640 INFO kernel:pci 0000:00:01.0: Activating ISA DMA hang workarounds
20:46:47,640 WARNING kernel:ACPI: PCI Interrupt Link [LNKC] enabled at IRQ 11
20:46:47,640 DEBUG kernel:PCI: CLS 0 bytes, default 64
20:46:47,640 INFO kernel:Unpacking initramfs...
20:46:47,640 INFO kernel:Freeing initrd memory: 51660k freed
20:46:47,640 INFO kernel:sha1_ssse3: Using AVX optimized SHA-1 implementation
20:46:47,640 INFO kernel:sha256_ssse3: Using AVX optimized SHA-256 implementation
20:46:47,640 INFO kernel:futex hash table entries: 512 (order: 3, 32768 bytes)
20:46:47,640 NOTICE kernel:Initialise system trusted keyring
20:46:47,640 INFO kernel:audit: initializing netlink socket (disabled)
20:46:47,640 NOTICE kernel:type=2000 audit(1526503608.782:1): initialized
20:46:47,640 INFO kernel:HugeTLB registered 1 GB page size, pre-allocated 0 pages
20:46:47,640 INFO kernel:HugeTLB registered 2 MB page size, pre-allocated 0 pages
20:46:47,640 INFO kernel:zpool: loaded
20:46:47,640 INFO kernel:zbud: loaded
20:46:47,640 NOTICE kernel:VFS: Disk quotas dquot_6.5.2
20:46:47,640 WARNING kernel:Dquot-cache hash table entries: 512 (order 0, 4096 bytes)
20:46:47,640 INFO kernel:msgmni has been set to 3992
20:46:47,640 NOTICE kernel:Key type big_key registered
20:46:47,640 DEBUG kernel:SELinux:  Registering netfilter hooks
20:46:47,640 INFO kernel:NET: Registered protocol family 38
20:46:47,640 NOTICE kernel:Key type asymmetric registered
20:46:47,640 NOTICE kernel:Asymmetric key parser 'x509' registered
20:46:47,640 INFO kernel:Block layer SCSI generic (bsg) driver version 0.4 loaded (major 248)
20:46:47,640 INFO kernel:io scheduler noop registered
20:46:47,640 INFO kernel:io scheduler deadline registered (default)
20:46:47,640 INFO kernel:io scheduler cfq registered
20:46:47,640 INFO kernel:io scheduler mq-deadline registered
20:46:47,640 INFO kernel:io scheduler kyber registered
20:46:47,640 INFO kernel:pci_hotplug: PCI Hot Plug PCI Core version: 0.5
20:46:47,640 INFO kernel:pciehp: PCI Express Hot Plug Controller Driver version: 0.4
20:46:47,640 DEBUG kernel:intel_idle: does not run on family 6 model 42
20:46:47,640 INFO kernel:input: Power Button as /devices/LNXSYSTM:00/LNXPWRBN:00/input/input0
20:46:47,640 INFO kernel:ACPI: Power Button [PWRF]
20:46:47,640 INFO kernel:GHES: HEST is not enabled!
20:46:47,640 INFO kernel:Serial: 8250/16550 driver, 4 ports, IRQ sharing enabled
20:46:47,640 INFO kernel:00:04: ttyS0 at I/O 0x3f8 (irq = 4) is a 16550A
20:46:47,640 INFO kernel:Non-volatile memory driver v1.3
20:46:47,640 INFO kernel:Linux agpgart interface v0.103
20:46:47,640 INFO kernel:crash memory driver: version 1.1
20:46:47,640 INFO kernel:rdac: device handler registered
20:46:47,640 INFO kernel:hp_sw: device handler registered
20:46:47,640 INFO kernel:emc: device handler registered
20:46:47,640 INFO kernel:alua: device handler registered
20:46:47,640 INFO kernel:libphy: Fixed MDIO Bus: probed
20:46:47,640 INFO kernel:ehci_hcd: USB 2.0 'Enhanced' Host Controller (EHCI) Driver
20:46:47,640 INFO kernel:ehci-pci: EHCI PCI platform driver
20:46:47,641 INFO kernel:ehci-pci 0000:00:04.7: EHCI Host Controller
20:46:47,641 INFO kernel:ehci-pci 0000:00:04.7: new USB bus registered, assigned bus number 1
20:46:47,641 INFO kernel:ehci-pci 0000:00:04.7: irq 11, io mem 0xf0020000
20:46:47,641 INFO kernel:ehci-pci 0000:00:04.7: USB 2.0 started, EHCI 1.00
20:46:47,641 INFO kernel:usb usb1: New USB device found, idVendor=1d6b, idProduct=0002
20:46:47,641 INFO kernel:usb usb1: New USB device strings: Mfr=3, Product=2, SerialNumber=1
20:46:47,641 INFO kernel:usb usb1: Product: EHCI Host Controller
20:46:47,641 INFO kernel:usb usb1: Manufacturer: Linux 3.10.0-862.el7.x86_64 ehci_hcd
20:46:47,641 INFO kernel:usb usb1: SerialNumber: 0000:00:04.7
20:46:47,641 INFO kernel:hub 1-0:1.0: USB hub found
20:46:47,641 INFO kernel:hub 1-0:1.0: 6 ports detected
20:46:47,641 INFO kernel:ohci_hcd: USB 1.1 'Open' Host Controller (OHCI) Driver
20:46:47,641 INFO kernel:ohci-pci: OHCI PCI platform driver
20:46:47,641 INFO kernel:uhci_hcd: USB Universal Host Controller Interface driver
20:46:47,641 INFO kernel:uhci_hcd 0000:00:04.0: UHCI Host Controller
20:46:47,642 INFO kernel:uhci_hcd 0000:00:04.0: new USB bus registered, assigned bus number 2
20:46:47,642 INFO kernel:uhci_hcd 0000:00:04.0: detected 2 ports
20:46:47,642 INFO kernel:uhci_hcd 0000:00:04.0: irq 11, io base 0x0000c040
20:46:47,642 INFO kernel:usb usb2: New USB device found, idVendor=1d6b, idProduct=0001
20:46:47,642 INFO kernel:usb usb2: New USB device strings: Mfr=3, Product=2, SerialNumber=1
20:46:47,642 INFO kernel:usb usb2: Product: UHCI Host Controller
20:46:47,642 INFO kernel:usb usb2: Manufacturer: Linux 3.10.0-862.el7.x86_64 uhci_hcd
20:46:47,642 INFO kernel:usb usb2: SerialNumber: 0000:00:04.0
20:46:47,642 INFO kernel:hub 2-0:1.0: USB hub found
20:46:47,642 INFO kernel:hub 2-0:1.0: 2 ports detected
20:46:47,642 INFO kernel:uhci_hcd 0000:00:04.1: UHCI Host Controller
20:46:47,642 INFO kernel:uhci_hcd 0000:00:04.1: new USB bus registered, assigned bus number 3
20:46:47,643 INFO kernel:uhci_hcd 0000:00:04.1: detected 2 ports
20:46:47,643 INFO kernel:uhci_hcd 0000:00:04.1: irq 11, io base 0x0000c060
20:46:47,643 INFO kernel:usb usb3: New USB device found, idVendor=1d6b, idProduct=0001
20:46:47,643 INFO kernel:usb usb3: New USB device strings: Mfr=3, Product=2, SerialNumber=1
20:46:47,643 INFO kernel:usb usb3: Product: UHCI Host Controller
20:46:47,643 INFO kernel:usb usb3: Manufacturer: Linux 3.10.0-862.el7.x86_64 uhci_hcd
20:46:47,643 INFO kernel:usb usb3: SerialNumber: 0000:00:04.1
20:46:47,643 INFO kernel:hub 3-0:1.0: USB hub found
20:46:47,643 INFO kernel:hub 3-0:1.0: 2 ports detected
20:46:47,643 INFO kernel:uhci_hcd 0000:00:04.2: UHCI Host Controller
20:46:47,643 INFO kernel:uhci_hcd 0000:00:04.2: new USB bus registered, assigned bus number 4
20:46:47,643 INFO kernel:uhci_hcd 0000:00:04.2: detected 2 ports
20:46:47,643 INFO kernel:uhci_hcd 0000:00:04.2: irq 11, io base 0x0000c080
20:46:47,644 INFO kernel:usb usb4: New USB device found, idVendor=1d6b, idProduct=0001
20:46:47,644 INFO kernel:usb usb4: New USB device strings: Mfr=3, Product=2, SerialNumber=1
20:46:47,644 INFO kernel:usb usb4: Product: UHCI Host Controller
20:46:47,644 INFO kernel:usb usb4: Manufacturer: Linux 3.10.0-862.el7.x86_64 uhci_hcd
20:46:47,644 INFO kernel:usb usb4: SerialNumber: 0000:00:04.2
20:46:47,644 INFO kernel:hub 4-0:1.0: USB hub found
20:46:47,644 INFO kernel:hub 4-0:1.0: 2 ports detected
20:46:47,644 INFO kernel:usbcore: registered new interface driver usbserial
20:46:47,644 INFO kernel:usbcore: registered new interface driver usbserial_generic
20:46:47,644 INFO kernel:usbserial: USB Serial support registered for generic
20:46:47,644 INFO kernel:i8042: PNP: PS/2 Controller [PNP0303:KBD,PNP0f13:MOU] at 0x60,0x64 irq 1,12
20:46:47,644 INFO kernel:serio: i8042 KBD port at 0x60,0x64 irq 1
20:46:47,644 INFO kernel:serio: i8042 AUX port at 0x60,0x64 irq 12
20:46:47,644 INFO kernel:mousedev: PS/2 mouse device common for all mice
20:46:47,644 INFO kernel:input: AT Translated Set 2 keyboard as /devices/platform/i8042/serio0/input/input1
20:46:47,644 INFO kernel:input: VirtualPS/2 VMware VMMouse as /devices/platform/i8042/serio1/input/input2
20:46:47,644 INFO kernel:rtc_cmos 00:00: RTC can wake from S4
20:46:47,644 INFO kernel:input: VirtualPS/2 VMware VMMouse as /devices/platform/i8042/serio1/input/input3
20:46:47,644 INFO kernel:rtc_cmos 00:00: rtc core: registered rtc_cmos as rtc0
20:46:47,644 INFO kernel:rtc_cmos 00:00: alarms up to one day, 114 bytes nvram
20:46:47,644 INFO kernel:cpuidle: using governor menu
20:46:47,644 INFO kernel:hidraw: raw HID events driver (C) Jiri Kosina
20:46:47,644 INFO kernel:usbcore: registered new interface driver usbhid
20:46:47,644 INFO kernel:usbhid: USB HID core driver
20:46:47,644 INFO kernel:drop_monitor: Initializing network drop monitor service
20:46:47,644 INFO kernel:TCP: cubic registered
20:46:47,645 INFO kernel:Initializing XFRM netlink socket
20:46:47,645 INFO kernel:NET: Registered protocol family 10
20:46:47,645 INFO kernel:NET: Registered protocol family 17
20:46:47,645 INFO kernel:mpls_gso: MPLS GSO support
20:46:47,645 INFO kernel:microcode: CPU0 sig=0x206a1, pf=0x1, revision=0x1
20:46:47,645 INFO kernel:microcode: CPU1 sig=0x206a1, pf=0x1, revision=0x1
20:46:47,645 INFO kernel:microcode: Microcode Update Driver: v2.01 <tigran@aivazian.fsnet.co.uk>, Peter Oruba
20:46:47,645 DEBUG kernel:PM: Hibernation image not present or could not be loaded.
20:46:47,645 NOTICE kernel:Loading compiled-in X.509 certificates
20:46:47,645 NOTICE kernel:Loaded X.509 cert 'CentOS Linux kpatch signing key: ea0413152cde1d98ebdca3fe6f0230904c9ef717'
20:46:47,645 NOTICE kernel:Loaded X.509 cert 'CentOS Linux Driver update signing key: 7f421ee0ab69461574bb358861dbe77762a4201b'
20:46:47,645 NOTICE kernel:Loaded X.509 cert 'CentOS Linux kernel signing key: 3af3ce8a74696ef1bd0f37e552627b7109e32b96'
20:46:47,645 INFO kernel:registered taskstats version 1
20:46:47,645 NOTICE kernel:Key type trusted registered
20:46:47,645 NOTICE kernel:Key type encrypted registered
20:46:47,645 INFO kernel:IMA: No TPM chip found, activating TPM-bypass! (rc=-19)
20:46:47,645 INFO kernel:  Magic number: 2:554:801
20:46:47,645 INFO kernel:rtc_cmos 00:00: setting system clock to 2018-05-16 20:46:47 UTC (1526503607)
20:46:47,645 INFO kernel:Freeing unused kernel memory: 1832k freed
20:46:47,645 INFO kernel:Write protecting the kernel read-only data: 12288k
20:46:47,645 INFO kernel:Freeing unused kernel memory: 856k freed
20:46:47,645 INFO kernel:Freeing unused kernel memory: 684k freed
20:46:47,645 NOTICE kernel:random: systemd: uninitialized urandom read (16 bytes read)
20:46:47,645 NOTICE kernel:random: systemd: uninitialized urandom read (16 bytes read)
20:46:47,645 NOTICE kernel:random: systemd: uninitialized urandom read (16 bytes read)
20:46:47,645 INFO systemd:systemd 219 running in system mode. (+PAM +AUDIT +SELINUX +IMA -APPARMOR +SMACK +SYSVINIT +UTMP +LIBCRYPTSETUP +GCRYPT +GNUTLS +ACL +XZ +LZ4 -SECCOMP +BLKID +ELFUTILS +KMOD +IDN)
20:46:47,645 INFO systemd:Detected virtualization kvm.
20:46:47,645 INFO systemd:Detected architecture x86-64.
20:46:47,645 INFO systemd:Running in initial RAM disk.
20:46:47,645 INFO systemd:No hostname configured.
20:46:47,645 INFO systemd:Set hostname to <localhost>.
20:46:47,645 INFO systemd:Initializing machine ID from KVM UUID.
20:46:47,645 NOTICE kernel:random: systemd-cryptse: uninitialized urandom read (16 bytes read)
20:46:47,645 NOTICE kernel:random: systemd: uninitialized urandom read (16 bytes read)
20:46:47,645 NOTICE kernel:random: systemd: uninitialized urandom read (16 bytes read)
20:46:47,645 NOTICE kernel:random: systemd: uninitialized urandom read (16 bytes read)
20:46:47,645 NOTICE kernel:random: systemd: uninitialized urandom read (16 bytes read)
20:46:47,645 NOTICE kernel:random: systemd: uninitialized urandom read (16 bytes read)
20:46:47,645 NOTICE kernel:random: systemd: uninitialized urandom read (16 bytes read)
20:46:47,645 WARNING systemd:Cannot add dependency job for unit blk-availability.service, ignoring: Unit not found.
20:46:47,645 INFO systemd:Reached target Timers.
20:46:47,645 INFO systemd:Starting Timers.
20:46:47,645 INFO systemd:Reached target Local File Systems.
20:46:47,645 INFO systemd:Starting Local File Systems.
20:46:47,645 INFO systemd:Created slice Root Slice.
20:46:47,645 INFO systemd:Starting Root Slice.
20:46:47,645 INFO systemd:Listening on udev Control Socket.
20:46:47,645 INFO systemd:Starting udev Control Socket.
20:46:47,645 INFO systemd:Listening on Journal Socket.
20:46:47,645 INFO systemd:Starting Journal Socket.
20:46:47,645 INFO systemd:Listening on udev Kernel Socket.
20:46:47,645 INFO systemd:Starting udev Kernel Socket.
20:46:47,645 INFO systemd:Created slice System Slice.
20:46:47,645 INFO systemd:Starting System Slice.
20:46:47,645 INFO systemd:Reached target Slices.
20:46:47,645 INFO systemd:Starting Slices.
20:46:47,645 INFO systemd:Starting dracut cmdline hook...
20:46:47,645 INFO systemd:Starting Setup Virtual Console...
20:46:47,645 INFO systemd:Starting Apply Kernel Variables...
20:46:47,645 INFO systemd:Starting Create list of required static device nodes for the current kernel...
20:46:47,645 INFO systemd:Reached target Local Encrypted Volumes.
20:46:47,645 INFO systemd:Starting Local Encrypted Volumes.
20:46:47,645 INFO systemd:Reached target Swap.
20:46:47,646 INFO systemd:Starting Swap.
20:46:47,646 INFO systemd:Starting Journal Service...
20:46:47,646 INFO systemd:Started Setup Virtual Console.
20:46:47,646 INFO systemd:Started Apply Kernel Variables.
20:46:47,646 INFO systemd:Started Create list of required static device nodes for the current kernel.
20:46:47,646 INFO systemd:Starting Create Static Device Nodes in /dev...
20:46:47,646 INFO systemd:Started Create Static Device Nodes in /dev.
20:46:47,646 INFO journal:Journal started
20:46:47,647 INFO systemd:Started Journal Service.
20:46:47,663 INFO kernel:BIOS EDD facility v0.16 2004-Jun-25, 1 devices found
20:46:47,690 INFO dracut-cmdline:Loading CentOS 7 x86_64 installer...
20:46:47,706 INFO dracut-cmdline:Warning: 'method=' is deprecated. Using 'repo=http://mirror.centos.org/centos/7/os/x86_64/' instead.
20:46:47,918 INFO kernel:usb 2-1: new full-speed USB device number 2 using uhci_hcd
20:46:48,233 INFO kernel:usb 2-1: New USB device found, idVendor=0627, idProduct=0001
20:46:48,233 INFO kernel:usb 2-1: New USB device strings: Mfr=1, Product=3, SerialNumber=5
20:46:48,233 INFO kernel:usb 2-1: Product: QEMU USB Tablet
20:46:48,235 INFO kernel:usb 2-1: Manufacturer: QEMU 0.12.1
20:46:48,235 INFO kernel:usb 2-1: SerialNumber: 42
20:46:48,248 NOTICE kernel:random: fast init done
20:46:48,252 INFO kernel:input: QEMU 0.12.1 QEMU USB Tablet as /devices/pci0000:00/0000:00:04.0/usb2/2-1/2-1:1.0/input/input4
20:46:48,252 INFO kernel:hid-generic 0003:0627:0001.0001: input,hidraw0: USB HID v0.01 Pointer [QEMU 0.12.1 QEMU USB Tablet] on usb-0000:00:04.0-1/input0
20:46:48,363 INFO kernel:tsc: Refined TSC clocksource calibration: 1999.998 MHz
20:46:48,366 INFO systemd:Started dracut cmdline hook.
20:46:48,367 INFO systemd:Starting dracut pre-udev hook...
20:46:48,397 INFO kernel:squashfs: version 4.0 (2009/01/31) Phillip Lougher
20:46:48,413 INFO kernel:Loading iSCSI transport class v2.0-870.
20:46:48,422 NOTICE kernel:iscsi: registered transport (tcp)
20:46:48,447 INFO kernel:FDC 0 is a S82078B
20:46:48,467 INFO kernel:No iBFT detected.
20:46:48,498 INFO kernel:async_tx: api initialized (async)
20:46:48,500 INFO kernel:xor: automatically using best checksumming function:
20:46:48,510 INFO kernel:   avx       : 19472.000 MB/sec
20:46:48,538 WARNING kernel:raid6: sse2x1   gen()  6308 MB/s
20:46:48,555 WARNING kernel:raid6: sse2x2   gen()  7929 MB/s
20:46:48,573 WARNING kernel:raid6: sse2x4   gen() 10156 MB/s
20:46:48,573 WARNING kernel:raid6: using algorithm sse2x4 gen() (10156 MB/s)
20:46:48,573 WARNING kernel:raid6: using ssse3x2 recovery algorithm
20:46:48,647 INFO kernel:device-mapper: uevent: version 1.0.3
20:46:48,647 INFO kernel:device-mapper: ioctl: 4.37.0-ioctl (2017-09-20) initialised: dm-devel@redhat.com
20:46:48,710 INFO kernel:device-mapper: multipath round-robin: version 1.2.0 loaded
20:46:48,806 INFO kernel:RPC: Registered named UNIX socket transport module.
20:46:48,806 INFO kernel:RPC: Registered udp transport module.
20:46:48,806 INFO kernel:RPC: Registered tcp transport module.
20:46:48,807 INFO kernel:RPC: Registered tcp NFSv4.1 backchannel transport module.
20:46:48,869 NOTICE rpc.statd:Version 1.3.0 starting
20:46:48,873 NOTICE rpc.statd:Initializing NSM state
20:46:48,874 WARNING rpc.statd:Running as root.  chown /var/lib/nfs/statd to choose different user
20:46:48,918 INFO systemd:Started dracut pre-udev hook.
20:46:48,918 INFO systemd:Starting udev Kernel Device Manager...
20:46:48,919 INFO systemd-udevd:starting version 219
20:46:48,923 INFO systemd:Started udev Kernel Device Manager.
20:46:48,924 INFO systemd:Starting dracut pre-trigger hook...
20:46:48,940 INFO lldpad:config file failed to load,
20:46:48,940 INFO lldpad:create a new file.
20:46:48,940 INFO lldpad:bound ctrl iface to /com/intel/lldpad
20:46:48,942 INFO dracut-pre-trigger:587
20:46:49,035 INFO systemd:Started dracut pre-trigger hook.
20:46:49,036 INFO systemd:Starting udev Coldplug all Devices...
20:46:49,057 INFO systemd:Mounting Configuration File System...
20:46:49,064 INFO systemd:Started udev Coldplug all Devices.
20:46:49,064 INFO systemd:Starting Device-Mapper Multipath Device Controller...
20:46:49,065 INFO systemd:Starting Show Plymouth Boot Screen...
20:46:49,068 INFO systemd:Mounted Configuration File System.
20:46:49,069 INFO systemd:Reached target System Initialization.
20:46:49,069 INFO systemd:Starting System Initialization.
20:46:49,070 INFO systemd:Listening on Open-iSCSI iscsiuio Socket.
20:46:49,070 INFO systemd:Starting Open-iSCSI iscsiuio Socket.
20:46:49,070 INFO systemd:Reached target Sockets.
20:46:49,070 INFO systemd:Starting Sockets.
20:46:49,086 INFO systemd:Started Device-Mapper Multipath Device Controller.
20:46:49,087 INFO systemd:Starting Open-iSCSI...
20:46:49,094 WARNING iscsid:iSCSI logger with pid=686 started!
20:46:49,095 INFO systemd:Failed to read PID from file /var/run/iscsid.pid: Invalid argument
20:46:49,096 INFO kernel:virtio-pci 0000:00:03.0: virtio_pci: leaving for legacy driver
20:46:49,096 WARNING kernel:ACPI: PCI Interrupt Link [LNKA] enabled at IRQ 10
20:46:49,097 INFO systemd:Started Open-iSCSI.
20:46:49,097 INFO systemd:Starting dracut initqueue hook...
20:46:49,102 INFO systemd:Received SIGRTMIN+20 from PID 673 (plymouthd).
20:46:49,102 INFO systemd:Started Show Plymouth Boot Screen.
20:46:49,103 INFO systemd:Started Forward Password Requests to Plymouth Directory Watch.
20:46:49,103 INFO systemd:Starting Forward Password Requests to Plymouth Directory Watch.
20:46:49,103 INFO systemd:Reached target Paths.
20:46:49,103 INFO systemd:Starting Paths.
20:46:49,104 INFO systemd:Reached target Basic System.
20:46:49,104 INFO systemd:Starting Basic System.
20:46:49,106 INFO kernel:virtio-pci 0000:00:05.0: virtio_pci: leaving for legacy driver
20:46:49,110 WARNING kernel:ACPI: PCI Interrupt Link [LNKB] enabled at IRQ 10
20:46:49,114 ERR iscsid:iSCSI daemon with pid=687 started!
20:46:49,114 ERR iscsid:can't open InitiatorName configuration file /etc/iscsi/initiatorname.iscsi
20:46:49,115 ERR iscsid:Warning: InitiatorName file /etc/iscsi/initiatorname.iscsi does not exist or does not contain a properly formatted InitiatorName. If using software iscsi (iscsi_tcp or ib_iser) or partial offload (bnx2i or cxgbi iscsi), you may not be able to log into or
20:46:49,116 ERR iscsid:can't open InitiatorAlias configuration file /etc/iscsi/initiatorname.iscsi
20:46:49,116 INFO kernel:virtio-pci 0000:00:06.0: virtio_pci: leaving for legacy driver
20:46:49,116 ERR iscsid:can't open iscsid.safe_logout configuration file /etc/iscsi/iscsid.conf
20:46:49,120 INFO kernel:cryptd: max_cpu_qlen set to 100
20:46:49,133 INFO kernel:AVX version of gcm_enc/dec engaged.
20:46:49,133 INFO kernel:AES CTR mode by8 optimization enabled
20:46:49,169 DEBUG kernel:virtio-pci 0000:00:03.0: irq 24 for MSI/MSI-X
20:46:49,170 DEBUG kernel:virtio-pci 0000:00:03.0: irq 25 for MSI/MSI-X
20:46:49,170 DEBUG kernel:virtio-pci 0000:00:03.0: irq 26 for MSI/MSI-X
20:46:49,181 DEBUG kernel:virtio-pci 0000:00:05.0: irq 27 for MSI/MSI-X
20:46:49,181 DEBUG kernel:virtio-pci 0000:00:05.0: irq 28 for MSI/MSI-X
20:46:49,190 INFO kernel:alg: No test for __gcm-aes-aesni (__driver-gcm-aes-aesni)
20:46:49,192 DEBUG kernel:libata version 3.00 loaded.
20:46:49,206 INFO systemd:Reloading.
20:46:49,214 INFO kernel:alg: No test for __generic-gcm-aes-aesni (__driver-generic-gcm-aes-aesni)
20:46:49,214 DEBUG kernel:ata_piix 0000:00:01.1: version 2.13
20:46:49,220 INFO kernel:scsi host0: ata_piix
20:46:49,229 INFO kernel:scsi host1: ata_piix
20:46:49,229 INFO kernel:ata1: PATA max MWDMA2 cmd 0x1f0 ctl 0x3f6 bmdma 0xc000 irq 14
20:46:49,229 INFO kernel:ata2: PATA max MWDMA2 cmd 0x170 ctl 0x376 bmdma 0xc008 irq 15
20:46:49,237 INFO kernel:8021q: 802.1Q VLAN Support v1.8
20:46:49,315 INFO kernel:8021q: adding VLAN 0 to HW filter on device eth0
20:46:49,386 INFO dracut-initqueue:dhcp: PREINIT eth0 up
20:46:49,403 INFO dhclient:DHCPDISCOVER on eth0 to 255.255.255.255 port 67 interval 5 (xid=0x2e0e3563)
20:46:49,404 INFO dhclient:DHCPREQUEST on eth0 to 255.255.255.255 port 67 (xid=0x2e0e3563)
20:46:49,404 INFO dhclient:DHCPOFFER from 10.0.2.2
20:46:49,404 INFO dhclient:DHCPACK from 10.0.2.2 (xid=0x2e0e3563)
20:46:49,423 INFO dracut-initqueue:dhcp: BOND setting eth0
20:46:51,436 INFO dhclient:bound to 10.0.2.15 -- renewal in 42959 seconds.
20:46:51,455 INFO dracut-initqueue:RTNETLINK answers: File exists
20:46:52,151 INFO dracut-initqueue:% Total    % Received % Xferd  Average Speed   Time    Time     Time  Current
20:46:52,151 INFO dracut-initqueue:Dload  Upload   Total   Spent    Left  Speed
20:46:52,852 NOTICE kernel:random: crng init done
20:46:56,518 INFO dracut-initqueue:0     0    0     0    0     0      0      0 --:--:-- --:--:-- --:--:--     0#015  1  420M    1 5361k    0     0  76.6M      0  0:00:05 --:--:--  0:00:05 75.8M#015 23  420M   23  100M    0     0  93.7M      0  0:00:04  0:00:01  0:00:03 93.6M#015 46  420M   46  195M    0     0  94.6M      0  0:00:04  0:00:02  0:00:02 94.5M#015 70  420M   70  295M    0     0  96.3M      0  0:00:04  0:00:03  0:00:01 96.3M#015 93  420M   93  392M    0     0  96.4M      0  0:00:04  0:00:04 --:--:-- 96.4M#015100  420M  100  420M    0     0  96.2M      0  0:00:04  0:00:04 --:--:-- 96.5M
20:46:56,716 INFO kernel:loop: module loaded
20:46:56,815 INFO systemd:Started dracut initqueue hook.
20:46:56,815 INFO systemd:Reached target Remote File Systems (Pre).
20:46:56,815 INFO systemd:Starting Remote File Systems (Pre).
20:46:56,816 INFO systemd:Reached target Remote File Systems.
20:46:56,816 INFO systemd:Starting Remote File Systems.
20:46:56,816 INFO systemd:Starting dracut pre-mount hook...
20:46:56,830 INFO systemd:Started dracut pre-mount hook.
20:46:56,830 INFO systemd:Reached target Initrd Root File System.
20:46:56,830 INFO systemd:Starting Initrd Root File System.
20:46:56,830 INFO systemd:Starting Reload Configuration from the Real Root...
20:46:56,865 INFO systemd:Reloading.
20:46:56,967 INFO systemd:Started Reload Configuration from the Real Root.
20:46:56,967 INFO systemd:Reached target Initrd File Systems.
20:46:56,967 INFO systemd:Starting Initrd File Systems.
20:46:56,967 INFO systemd:Starting dracut mount hook...
20:46:57,033 INFO kernel:EXT4-fs (dm-0): mounted filesystem with ordered data mode. Opts: (null)
20:46:57,054 INFO systemd:Started dracut mount hook.
20:46:57,054 INFO systemd:Reached target Initrd Default Target.
20:46:57,054 INFO systemd:Starting Initrd Default Target.
20:46:57,055 INFO systemd:Starting dracut pre-pivot and cleanup hook...
20:46:59,246 ERR rpcbind:cannot open file = /run/rpcbind/rpcbind.xdr for writing
20:46:59,247 ERR rpcbind:cannot save any registration
20:46:59,247 ERR rpcbind:cannot open file = /run/rpcbind/portmap.xdr for writing
20:46:59,247 ERR rpcbind:cannot save any registration
20:46:59,267 INFO systemd:Started dracut pre-pivot and cleanup hook.
20:46:59,267 INFO systemd:Starting Cleaning Up and Shutting Down Daemons...
20:46:59,303 INFO systemd:Stopped target Timers.
20:46:59,304 INFO systemd:Stopping Timers.
20:46:59,304 INFO systemd:Starting Plymouth switch root service...
20:46:59,305 INFO systemd:Stopped Cleaning Up and Shutting Down Daemons.
20:46:59,310 INFO systemd:Stopped dracut pre-pivot and cleanup hook.
20:46:59,313 INFO systemd:Stopping dracut pre-pivot and cleanup hook...
20:46:59,314 INFO systemd:Stopped target Initrd Default Target.
20:46:59,316 INFO systemd:Stopping Initrd Default Target.
20:46:59,316 INFO systemd:Stopped target Remote File Systems.
20:46:59,316 INFO systemd:Stopping Remote File Systems.
20:46:59,316 INFO systemd:Stopped target Remote File Systems (Pre).
20:46:59,317 INFO systemd:Stopping Remote File Systems (Pre).
20:46:59,317 INFO systemd:Stopped dracut mount hook.
20:46:59,317 INFO systemd:Stopping dracut mount hook...
20:46:59,317 INFO systemd:Stopped dracut pre-mount hook.
20:46:59,317 INFO systemd:Stopping dracut pre-mount hook...
20:46:59,318 INFO systemd:Stopped target Basic System.
20:46:59,318 INFO systemd:Stopping Basic System.
20:46:59,318 INFO systemd:Stopped target Sockets.
20:46:59,318 INFO systemd:Stopping Sockets.
20:46:59,319 INFO systemd:Closed Open-iSCSI iscsiuio Socket.
20:46:59,319 INFO systemd:Stopping Open-iSCSI iscsiuio Socket.
20:46:59,319 INFO systemd:Stopped target Paths.
20:46:59,319 INFO systemd:Stopping Paths.
20:46:59,319 INFO systemd:Stopped target Slices.
20:46:59,320 INFO systemd:Stopping Slices.
20:46:59,320 INFO systemd:Stopped target System Initialization.
20:46:59,320 INFO systemd:Stopping System Initialization.
20:46:59,320 INFO systemd:Stopped target Local File Systems.
20:46:59,320 INFO systemd:Stopping Local File Systems.
20:46:59,321 INFO systemd:Stopped target Swap.
20:46:59,321 INFO systemd:Stopping Swap.
20:46:59,321 INFO systemd:Stopped Apply Kernel Variables.
20:46:59,321 INFO systemd:Stopping Apply Kernel Variables...
20:46:59,321 INFO systemd:Stopped target Local Encrypted Volumes.
20:46:59,322 INFO systemd:Stopping Local Encrypted Volumes.
20:46:59,322 INFO systemd:Stopped dracut initqueue hook.
20:46:59,322 INFO systemd:Stopping dracut initqueue hook...
20:46:59,323 INFO systemd:Stopping Open-iSCSI...
20:46:59,325 INFO systemd:Started Plymouth switch root service.
20:46:59,327 WARNING iscsid:iscsid shutting down.
20:46:59,328 INFO systemd:Stopped Open-iSCSI.
20:46:59,332 NOTICE multipathd:path checkers start up
20:46:59,333 INFO systemd:Stopping Device-Mapper Multipath Device Controller...
20:46:59,333 NOTICE multipathd:--------shut down-------
20:46:59,334 INFO systemd:Stopped Device-Mapper Multipath Device Controller.
20:46:59,336 INFO systemd:Stopped udev Coldplug all Devices.
20:46:59,336 INFO systemd:Stopping udev Coldplug all Devices...
20:46:59,336 INFO systemd:Stopped dracut pre-trigger hook.
20:46:59,337 INFO systemd:Stopping dracut pre-trigger hook...
20:46:59,337 INFO systemd:Stopping udev Kernel Device Manager...
20:46:59,339 INFO systemd:Stopped udev Kernel Device Manager.
20:46:59,339 INFO systemd:Stopped dracut pre-udev hook.
20:46:59,340 INFO systemd:Stopping dracut pre-udev hook...
20:46:59,340 INFO systemd:Stopped dracut cmdline hook.
20:46:59,340 INFO systemd:Stopping dracut cmdline hook...
20:46:59,340 INFO systemd:Stopped Create Static Device Nodes in /dev.
20:46:59,340 INFO systemd:Stopping Create Static Device Nodes in /dev...
20:46:59,341 INFO systemd:Stopped Create list of required static device nodes for the current kernel.
20:46:59,345 INFO systemd:Stopping Create list of required static device nodes for the current kernel...
20:46:59,345 INFO systemd:Closed udev Kernel Socket.
20:46:59,345 INFO systemd:Stopping udev Kernel Socket.
20:46:59,347 INFO systemd:Closed udev Control Socket.
20:46:59,347 INFO systemd:Stopping udev Control Socket.
20:46:59,347 INFO systemd:Starting Cleanup udevd DB...
20:46:59,347 INFO systemd:Started Cleanup udevd DB.
20:46:59,348 INFO systemd:Reached target Switch Root.
20:46:59,348 INFO systemd:Starting Switch Root.
20:46:59,348 INFO systemd:Starting Switch Root...
20:46:59,387 NOTICE systemd:Switching root.
20:46:59,393 INFO journal:Journal stopped
20:47:00,435 INFO journal:Runtime journal is using 8.0M (max allowed 99.9M, trying to leave 149.9M free of 952.3M available → current limit 99.9M).
20:47:00,436 INFO systemd-journald:Received SIGTERM from PID 1 (systemd).
20:47:00,436 DEBUG kernel:SELinux: 2048 avtab hash slots, 106588 rules.
20:47:00,436 DEBUG kernel:SELinux: 2048 avtab hash slots, 106588 rules.
20:47:00,436 DEBUG kernel:SELinux:  8 users, 14 roles, 5015 types, 310 bools, 1 sens, 1024 cats
20:47:00,436 DEBUG kernel:SELinux:  97 classes, 106588 rules
20:47:00,436 DEBUG kernel:SELinux:  Completing initialization.
20:47:00,436 DEBUG kernel:SELinux:  Setting up existing superblocks.
20:47:00,436 NOTICE kernel:type=1403 audit(1526503619.897:2): policy loaded auid=4294967295 ses=4294967295
20:47:00,436 INFO systemd:Successfully loaded SELinux policy in 217.533ms.
20:47:00,436 INFO systemd:Relabelled /dev and /run in 19.910ms.
20:47:00,437 INFO journal:Journal started
20:47:00,498 INFO systemd:systemd 219 running in system mode. (+PAM +AUDIT +SELINUX +IMA -APPARMOR +SMACK +SYSVINIT +UTMP +LIBCRYPTSETUP +GCRYPT +GNUTLS +ACL +XZ +LZ4 -SECCOMP +BLKID +ELFUTILS +KMOD +IDN)
20:47:00,499 INFO systemd:Detected virtualization kvm.
20:47:00,499 INFO systemd:Detected architecture x86-64.
20:47:00,500 WARNING systemd:Cannot add dependency job for unit rhel-loadmodules.service, ignoring: Unit is masked.
20:47:00,500 INFO rhel-domainname:/usr/lib/systemd/rhel-domainname: line 2: /etc/sysconfig/network: No such file or directory
20:47:00,500 WARNING systemd:Cannot add dependency job for unit rhel-autorelabel.service, ignoring: Unit is masked.
20:47:00,501 WARNING systemd:Cannot add dependency job for unit systemd-tmpfiles-clean.timer, ignoring: Unit is masked.
20:47:00,502 INFO systemd:Starting Flush Journal to Persistent Storage...
20:47:00,502 INFO systemd:Started Configure read-only root support.
20:47:00,543 INFO systemd:Started Create Static Device Nodes in /dev.
20:47:00,543 INFO systemd:Reached target Local File Systems (Pre).
20:47:00,543 INFO systemd:Starting Local File Systems (Pre).
20:47:00,544 INFO systemd:Starting udev Kernel Device Manager...
20:47:00,579 INFO systemd:Started Flush Journal to Persistent Storage.
20:47:00,585 INFO systemd-udevd:starting version 219
20:47:00,648 INFO systemd:Started udev Kernel Device Manager.
20:47:00,986 INFO systemd:Started Rebuild Hardware Database.
20:47:00,987 INFO systemd:Starting udev Coldplug all Devices...
20:47:01,054 INFO systemd:Started udev Coldplug all Devices.
20:47:01,055 INFO systemd:Starting udev Wait for Complete Device Initialization...
20:47:01,057 INFO systemd:Starting Device-Mapper Multipath Device Controller...
20:47:01,166 INFO kernel:input: PC Speaker as /devices/platform/pcspkr/input/input5
20:47:01,180 INFO kernel:piix4_smbus 0000:00:01.3: SMBus Host Controller at 0xb100, revision 0
20:47:01,505 INFO systemd:Started Device-Mapper Multipath Device Controller.
20:47:01,558 INFO systemd:Started udev Wait for Complete Device Initialization.
20:47:01,558 INFO systemd:Starting Activation of DM RAID sets...
20:47:01,608 INFO systemd:Started Activation of DM RAID sets.
20:47:01,609 INFO systemd:Reached target Local Encrypted Volumes.
20:47:01,609 INFO systemd:Starting Local Encrypted Volumes.
20:47:01,609 INFO systemd:Reached target Local File Systems.
20:47:01,610 INFO systemd:Starting Local File Systems.
20:47:01,610 INFO systemd:Starting Import network configuration from initramfs...
20:47:01,610 INFO systemd:Starting Rebuild Journal Catalog...
20:47:01,610 INFO systemd:Starting Tell Plymouth To Write Out Runtime Data...
20:47:01,617 INFO systemd:Starting Migrate local SELinux policy changes from the old store structure to the new structure...
20:47:01,649 INFO systemd:Started Tell Plymouth To Write Out Runtime Data.
20:47:01,667 INFO systemd:Started Migrate local SELinux policy changes from the old store structure to the new structure.
20:47:01,672 INFO systemd:Started Rebuild Journal Catalog.
20:47:01,673 INFO systemd:Starting Update is Completed...
20:47:01,682 INFO systemd:Started Update is Completed.
20:47:01,709 INFO systemd:Started Import network configuration from initramfs.
20:47:01,710 INFO systemd:Starting Create Volatile Files and Directories...
20:47:01,738 INFO systemd:Started Create Volatile Files and Directories.
20:47:01,739 INFO systemd:Starting Update UTMP about System Boot/Shutdown...
20:47:01,754 INFO systemd:Started Update UTMP about System Boot/Shutdown.
20:47:01,755 INFO systemd:Reached target System Initialization.
20:47:01,755 INFO systemd:Starting System Initialization.
20:47:01,755 INFO systemd:Listening on Open-iSCSI iscsid Socket.
20:47:01,755 INFO systemd:Starting Open-iSCSI iscsid Socket.
20:47:01,757 INFO systemd:Listening on D-Bus System Message Bus Socket.
20:47:01,758 INFO systemd:Starting D-Bus System Message Bus Socket.
20:47:01,758 INFO systemd:Listening on Open-iSCSI iscsiuio Socket.
20:47:01,758 INFO systemd:Starting Open-iSCSI iscsiuio Socket.
20:47:01,759 INFO systemd:Reached target Sockets.
20:47:01,759 INFO systemd:Starting Sockets.
20:47:01,759 INFO systemd:Reached target Basic System.
20:47:01,759 INFO systemd:Starting Basic System.
20:47:01,760 INFO systemd:Starting Service enabling compressing RAM with zRam...
20:47:01,761 INFO systemd:Starting Dump dmesg to /var/log/dmesg...
20:47:01,766 INFO systemd:Starting pre-anaconda logging service...
20:47:01,766 INFO systemd:Starting Wait for Plymouth Boot Screen to Quit...
20:47:01,766 INFO systemd:Started Anaconda NetworkManager configuration.
20:47:01,766 INFO systemd:Starting Anaconda NetworkManager configuration...
20:47:01,767 INFO systemd:Starting Network Manager...
20:47:01,767 INFO systemd:Starting Terminate Plymouth Boot Screen...
20:47:01,768 INFO systemd:Started Hardware RNG Entropy Gatherer Daemon.
20:47:01,769 INFO systemd:Starting Hardware RNG Entropy Gatherer Daemon...
20:47:01,770 INFO systemd:Starting Login Service...
20:47:01,798 INFO zramswapon:+ MAX_RAM_ON=2097152
20:47:01,798 INFO zramswapon:++ grep -E --only-matching '[[:digit:]]+'
20:47:01,798 INFO zramswapon:++ grep MemTotal /proc/meminfo
20:47:01,799 INFO zramswapon:+ mem_total_kb=2047608
20:47:01,799 INFO zramswapon:+ mem_total=2096750592
20:47:01,799 INFO zramswapon:+ grep -E 'inst\.zram=(on|1)' /proc/cmdline
20:47:01,799 INFO zramswapon:+ force=1
20:47:01,801 INFO zramswapon:+ '[' '(' 2047608 -gt 2097152 ')' -a '(' 1 '!=' 0 ')' ']'
20:47:01,801 INFO systemd:Received SIGRTMIN+21 from PID 673 (plymouthd).
20:47:01,802 INFO zramswapon:++ getconf _NPROCESSORS_ONLN
20:47:01,827 INFO systemd:Started Wait for Plymouth Boot Screen to Quit.
20:47:01,833 INFO systemd:Started Terminate Plymouth Boot Screen.
20:47:01,834 INFO systemd:Started pre-anaconda logging service.
20:47:01,834 INFO systemd:Started Dump dmesg to /var/log/dmesg.
20:47:01,847 INFO zramswapon:+ num_cpus=2
20:47:01,848 INFO zramswapon:+ decr_num_cpus=1
20:47:01,848 INFO zramswapon:+ modprobe zram num_devices=2
20:47:01,866 INFO rngd:Failed to init entropy source 0: Hardware RNG Device
20:47:01,867 INFO rngd:Failed to init entropy source 1: TPM RNG Device
20:47:01,867 INFO rngd:Failed to init entropy source 2: Intel RDRAND Instruction RNG
20:47:01,867 INFO rngd:can't open any entropy source
20:47:01,867 INFO rngd:Maybe RNG device modules are not loaded
20:47:01,869 NOTICE systemd:rngd.service: main process exited, code=exited, status=1/FAILURE
20:47:01,869 NOTICE systemd:Unit rngd.service entered failed state.
20:47:01,869 WARNING systemd:rngd.service failed.
20:47:01,886 INFO kernel:zram: Added device: zram0
20:47:01,886 INFO kernel:zram: Added device: zram1
20:47:01,897 NOTICE multipathd:path checkers start up
20:47:01,897 NOTICE multipathd:zram1: add path (uevent)
20:47:01,897 NOTICE multipathd:zram1: HDIO_GETGEO failed with 25
20:47:01,897 ERR multipathd:zram1: failed to get path uid
20:47:01,899 WARNING systemd:Cannot add dependency job for unit rhel-loadmodules.service, ignoring: Unit is masked.
20:47:01,900 INFO zramswapon:++ seq 0 1
20:47:01,900 WARNING systemd:Cannot add dependency job for unit rhel-autorelabel.service, ignoring: Unit is masked.
20:47:01,900 WARNING systemd:Cannot add dependency job for unit systemd-tmpfiles-clean.timer, ignoring: Unit is masked.
20:47:01,900 INFO systemd:Started D-Bus System Message Bus.
20:47:01,900 ERR multipathd:uevent trigger error
20:47:01,902 NOTICE multipathd:zram0: add path (uevent)
20:47:01,902 NOTICE multipathd:zram0: HDIO_GETGEO failed with 25
20:47:01,902 ERR multipathd:zram0: failed to get path uid
20:47:01,906 ERR multipathd:uevent trigger error
20:47:01,922 INFO kernel:zram0: detected capacity change from 0 to 1048375296
20:47:01,922 INFO zramswapon:+ for i in '$(seq 0 $decr_num_cpus)'
20:47:01,922 INFO zramswapon:+ echo 1048375296
20:47:01,922 INFO zramswapon:+ for i in '$(seq 0 $decr_num_cpus)'
20:47:01,923 INFO zramswapon:+ echo 1048375296
20:47:01,924 INFO zramswapon:++ seq 0 1
20:47:01,924 INFO kernel:zram1: detected capacity change from 0 to 1048375296
20:47:01,925 INFO zramswapon:+ for i in '$(seq 0 $decr_num_cpus)'
20:47:01,925 INFO zramswapon:+ mkswap /dev/zram0
20:47:01,952 INFO zramswapon:Setting up swapspace version 1, size = 1023800 KiB
20:47:01,952 INFO zramswapon:no label, UUID=b744b1e0-17b6-4b49-98fc-6d3861d2b9fd
20:47:01,953 INFO zramswapon:+ for i in '$(seq 0 $decr_num_cpus)'
20:47:01,953 INFO zramswapon:+ mkswap /dev/zram1
20:47:01,956 INFO zramswapon:Setting up swapspace version 1, size = 1023800 KiB
20:47:01,956 INFO zramswapon:no label, UUID=527ac5b0-18c8-4119-b16c-b139cbc9c666
20:47:01,957 INFO zramswapon:++ seq 0 1
20:47:01,958 INFO zramswapon:+ for i in '$(seq 0 $decr_num_cpus)'
20:47:01,958 INFO zramswapon:+ swapon -p 100 /dev/zram0
20:47:01,970 INFO zramswapon:+ for i in '$(seq 0 $decr_num_cpus)'
20:47:01,970 INFO zramswapon:+ swapon -p 100 /dev/zram1
20:47:01,970 INFO kernel:Adding 1023800k swap on /dev/zram0.  Priority:100 extents:1 across:1023800k SSFS
20:47:01,971 INFO kernel:Adding 1023800k swap on /dev/zram1.  Priority:100 extents:1 across:1023800k SSFS
20:47:01,972 INFO zramswapon:+ '[' 2047608 -le 1048576 ']'
20:47:02,242 INFO systemd:Starting D-Bus System Message Bus...
20:47:02,242 INFO systemd:Started Service enabling compressing RAM with zRam.
20:47:02,247 INFO systemd-logind:Watching system buttons on /dev/input/event0 (Power Button)
20:47:02,249 INFO systemd-logind:New seat seat0.
20:47:02,255 INFO systemd:Started Login Service.
20:47:02,686 INFO NetworkManager:<info>  [1526503622.6851] NetworkManager (version 1.10.2-13.el7) is starting... (for the first time)
20:47:02,686 INFO NetworkManager:<info>  [1526503622.6864] Read config: /etc/NetworkManager/NetworkManager.conf (lib: 10-slaves-order.conf) (etc: 80-anaconda-no-ibft.conf, 90-anaconda-no-auto-default.conf, 91-anaconda-autoconnect-slaves.conf, 92-anaconda-loglevel-debug.conf)
20:47:02,686 DEBUG NetworkManager:<debug> [1526503622.6866] CONFIG: config-data[0x55a721018020]: 3 groups
20:47:02,687 DEBUG NetworkManager:<debug> [1526503622.6869] CONFIG:
20:47:02,687 DEBUG NetworkManager:<debug> [1526503622.6871] CONFIG: [main]
20:47:02,687 DEBUG NetworkManager:<debug> [1526503622.6874] CONFIG:   slaves-order=index
20:47:02,687 DEBUG NetworkManager:<debug> [1526503622.6876] CONFIG:   plugins=ifcfg-rh,ibft,no-ibft
20:47:02,688 DEBUG NetworkManager:<debug> [1526503622.6879] CONFIG:   no-auto-default=*
20:47:02,688 DEBUG NetworkManager:<debug> [1526503622.6881] CONFIG:
20:47:02,688 DEBUG NetworkManager:<debug> [1526503622.6883] CONFIG: [logging]
20:47:02,688 DEBUG NetworkManager:<debug> [1526503622.6885] CONFIG:   level=DEBUG
20:47:02,689 DEBUG NetworkManager:<debug> [1526503622.6888] CONFIG:
20:47:02,689 DEBUG NetworkManager:<debug> [1526503622.6890] CONFIG: [connection]
20:47:02,689 DEBUG NetworkManager:<debug> [1526503622.6892] CONFIG:   connection.autoconnect-slaves=1
20:47:02,689 DEBUG NetworkManager:<debug> [1526503622.6895] config: state: missing state file "/var/lib/NetworkManager/NetworkManager.state": No such file or directory
20:47:02,689 DEBUG NetworkManager:<debug> [1526503622.6897] WEXT support is disabled
20:47:02,695 DEBUG NetworkManager:<debug> [1526503622.6948] platform-linux: create (ignore netns, initial netns, use udev)
20:47:02,695 DEBUG NetworkManager:<debug> [1526503622.6954] platform-linux: Netlink socket for events established: port=3263169882, fd=8
20:47:02,695 DEBUG NetworkManager:<debug> [1526503622.6957] platform-linux: populate platform cache
20:47:02,696 DEBUG NetworkManager:<debug> [1526503622.6961] monotonic timestamp started counting 1.477263277 seconds ago with an offset of 18.0 seconds to CLOCK_BOOTTIME (local time is 2018-05-16 20:47:02)
20:47:02,696 DEBUG NetworkManager:<debug> [1526503622.6963] platform-linux: kernel-support: IFLA_INET6_ADDR_GEN_MODE: detected
20:47:02,697 DEBUG NetworkManager:<debug> [1526503622.6971] platform: signal: link   added: 1: lo <UP,LOWER_UP;loopback,up,running,lowerup> mtu 65536 arp 772 loopback? not-init addrgenmode eui64 addr 00:00:00:00:00:00 driver unknown rx:6,416 tx:6,416
20:47:02,697 DEBUG NetworkManager:<debug> [1526503622.6976] platform: signal: link   added: 2: eth0 <UP,LOWER_UP;broadcast,multicast,up,running,lowerup> mtu 1500 arp 1 ethernet? not-init addrgenmode eui64 addr 52:54:00:4A:D4:7F driver virtio_net rx:301903,457031470 tx:50795,2744694
20:47:02,698 DEBUG NetworkManager:<debug> [1526503622.6980] platform: signal: address 4   added: 127.0.0.1/8 lft forever pref forever lifetime 1-0[4294967295,4294967295] dev 1 flags permanent src kernel
20:47:02,698 DEBUG NetworkManager:<debug> [1526503622.6982] platform: signal: address 4   added: 10.0.2.15/24 lft 86389sec pref 86389sec lifetime 1-1[86389,86389] dev 2 src kernel
20:47:02,698 DEBUG NetworkManager:<debug> [1526503622.6985] platform: signal: address 6   added: ::1/128 lft forever pref forever lifetime 1-0[4294967295,4294967295] dev 1 flags permanent src kernel
20:47:02,699 DEBUG NetworkManager:<debug> [1526503622.6987] platform: signal: address 6   added: fe80::5054:ff:fe4a:d47f/64 lft forever pref forever lifetime 1-0[4294967295,4294967295] dev 2 flags permanent src kernel
20:47:02,699 DEBUG NetworkManager:<debug> [1526503622.6990] platform: signal: route   4   added: 0.0.0.0/0 via 10.0.2.2 dev 2 metric 0 mss 0 rt-src rt-boot scope global
20:47:02,700 DEBUG NetworkManager:<debug> [1526503622.6993] platform: signal: route   4   added: 10.0.2.0/24 via 0.0.0.0 dev 2 metric 0 mss 0 rt-src rt-kernel scope link pref-src 10.0.2.15
20:47:02,700 DEBUG NetworkManager:<debug> [1526503622.6993] platform-linux: kernel-support: RTA_PREF: ability to set router preference for IPv6 routes: detected
20:47:02,700 DEBUG NetworkManager:<debug> [1526503622.6994] platform: signal: route   6   added: fe80::/64 via :: dev 2 metric 256 mss 0 rt-src rt-kernel
20:47:02,700 DEBUG NetworkManager:<debug> [1526503622.6994] platform: signal: route   6   added: table 255 ff00::/8 via :: dev 2 metric 256 mss 0 rt-src rt-boot
20:47:02,700 DEBUG NetworkManager:<debug> [1526503622.6994] platform: signal: qdisc   added: noqueue dev 1 family 0 handle 0 parent ffffffff info 2
20:47:02,701 DEBUG NetworkManager:<debug> [1526503622.6994] platform: signal: qdisc   added: pfifo_fast dev 2 family 0 handle 0 parent ffffffff info 2
20:47:02,701 DEBUG NetworkManager:<debug> [1526503622.7012] platform: signal: link changed: 2: eth0 <UP,LOWER_UP;broadcast,multicast,up,running,lowerup> mtu 1500 arp 1 ethernet? init addrgenmode eui64 addr 52:54:00:4A:D4:7F driver virtio_net rx:301903,457031470 tx:50795,2744694
20:47:02,701 DEBUG NetworkManager:<debug> [1526503622.7014] platform: signal: link changed: 1: lo <UP,LOWER_UP;loopback,up,running,lowerup> mtu 65536 arp 772 loopback? init addrgenmode eui64 addr 00:00:00:00:00:00 driver unknown rx:6,416 tx:6,416
20:47:02,702 DEBUG NetworkManager:<debug> [1526503622.7014] setup NMPlatform singleton (0x55a721001920, NMLinuxPlatform)
20:47:02,702 DEBUG NetworkManager:<debug> [1526503622.7014] create NMNetns singleton (0x55a72102db90)
20:47:02,702 DEBUG NetworkManager:<debug> [1526503622.7014] auth[0x55a720ffdd40]: create auth-manager: polkit enabled
20:47:02,702 DEBUG NetworkManager:<debug> [1526503622.7025] auth[0x55a720ffdd40]: set instance
20:47:02,703 DEBUG NetworkManager:<debug> [1526503622.7026] setup NMAuthManager singleton (0x55a720ffdd40)
20:47:02,712 DEBUG NetworkManager:<debug> [1526503622.7123] bus-manager: setup NMBusManager singleton (0x55a721004680)
20:47:02,717 INFO NetworkManager:<info>  [1526503622.7167] manager[0x55a7210200c0]: monitoring kernel firmware directory '/lib/firmware'.
20:47:02,722 DEBUG NetworkManager:<debug> [1526503622.7224] session-monitor: using systemd-logind session tracking
20:47:02,722 DEBUG NetworkManager:<debug> [1526503622.7227] create NMSessionMonitor singleton (0x7fecec002000)
20:47:02,723 DEBUG NetworkManager:<debug> [1526503622.7231] create NMAgentManager singleton (0x55a72102b2d0)
20:47:02,725 NOTICE dbus:[system] Activating via systemd: service name='org.freedesktop.hostname1' unit='dbus-org.freedesktop.hostname1.service'
20:47:02,729 WARNING systemd:Cannot add dependency job for unit rhel-loadmodules.service, ignoring: Unit is masked.
20:47:02,729 WARNING systemd:Cannot add dependency job for unit rhel-autorelabel.service, ignoring: Unit is masked.
20:47:02,729 WARNING systemd:Cannot add dependency job for unit systemd-tmpfiles-clean.timer, ignoring: Unit is masked.
20:47:02,730 INFO systemd:Starting Hostname Service...
20:47:02,764 NOTICE dbus:[system] Successfully activated service 'org.freedesktop.hostname1'
20:47:02,765 INFO systemd:Started Hostname Service.
20:47:02,766 INFO NetworkManager:<info>  [1526503622.7658] hostname: hostname: using hostnamed
20:47:02,766 DEBUG NetworkManager:<debug> [1526503622.7659] create NMHostnameManager singleton (0x55a721004a30)
20:47:02,766 DEBUG NetworkManager:<debug> [1526503622.7660] create NMFirewallManager singleton (0x55a72103cdc0)
20:47:02,767 INFO NetworkManager:<info>  [1526503622.7663] dns-mgr[0x55a721041150]: init: dns=default, rc-manager=file
20:47:02,767 DEBUG NetworkManager:<debug> [1526503622.7665] create NMDnsManager singleton (0x55a721041150)
20:47:02,767 DEBUG NetworkManager:<debug> [1526503622.7665] policy: hostname-mode: full
20:47:02,767 DEBUG NetworkManager:<debug> [1526503622.7670] manager: setup NMManager singleton (0x55a7210200c0)
20:47:02,767 DEBUG NetworkManager:<debug> [1526503622.7673] create NMConnectivity singleton (0x55a72103f1e0)
20:47:02,768 INFO systemd:Started Network Manager.
20:47:02,768 DEBUG NetworkManager:<debug> [1526503622.7686] dispatcher: default script directory '/etc/NetworkManager/dispatcher.d' has scripts
20:47:02,769 DEBUG NetworkManager:<debug> [1526503622.7687] dispatcher: pre-up script directory '/etc/NetworkManager/dispatcher.d/pre-up.d' has no scripts
20:47:02,769 DEBUG NetworkManager:<debug> [1526503622.7688] dispatcher: pre-down script directory '/etc/NetworkManager/dispatcher.d/pre-down.d' has no scripts
20:47:02,769 NOTICE dbus:[system] Activating via systemd: service name='org.freedesktop.nm_dispatcher' unit='dbus-org.freedesktop.nm-dispatcher.service'
20:47:02,770 WARNING systemd:Cannot add dependency job for unit rhel-loadmodules.service, ignoring: Unit is masked.
20:47:02,774 WARNING systemd:Cannot add dependency job for unit rhel-autorelabel.service, ignoring: Unit is masked.
20:47:02,774 WARNING systemd:Cannot add dependency job for unit systemd-tmpfiles-clean.timer, ignoring: Unit is masked.
20:47:02,775 INFO systemd:Starting Network Manager Script Dispatcher Service...
20:47:02,775 INFO systemd:Starting Network Manager Wait Online...
20:47:02,775 INFO systemd:Reached target Network.
20:47:02,775 INFO systemd:Starting Network.
20:47:02,776 INFO systemd:Starting Logout off all iSCSI sessions on shutdown...
20:47:02,790 INFO systemd:Started Logout off all iSCSI sessions on shutdown.
20:47:02,790 INFO systemd:Starting Availability of block devices...
20:47:02,791 INFO systemd:Reached target Remote File Systems (Pre).
20:47:02,791 INFO systemd:Starting Remote File Systems (Pre).
20:47:02,800 INFO systemd:Started Availability of block devices.
20:47:02,820 NOTICE dbus:[system] Successfully activated service 'org.freedesktop.nm_dispatcher'
20:47:02,821 INFO systemd:Started Network Manager Script Dispatcher Service.
20:47:02,844 DEBUG NetworkManager:<debug> [1526503622.8419] create SettingsPluginIfcfg singleton (0x55a72100cea0)
20:47:02,844 INFO NetworkManager:<info>  [1526503622.8420] settings: loaded plugin ifcfg-rh: (c) 2007 - 2015 Red Hat, Inc.  To report bugs please use the NetworkManager mailing list. (/usr/lib64/NetworkManager/libnm-settings-plugin-ifcfg-rh.so)
20:47:02,844 INFO NetworkManager:<info>  [1526503622.8420] settings: loaded plugin keyfile: (c) 2007 - 2016 Red Hat, Inc.  To report bugs please use the NetworkManager mailing list.
20:47:02,845 DEBUG NetworkManager:<debug> [1526503622.8422] ifcfg-rh: loading from file "/etc/sysconfig/network-scripts/ifcfg-eth0"...
20:47:02,845 DEBUG NetworkManager:<debug> [1526503622.8429] settings-connection[0x7fecec0065f0]: constructed (NMIfcfgConnection)
20:47:02,845 INFO NetworkManager:<info>  [1526503622.8434] ifcfg-rh: new connection /etc/sysconfig/network-scripts/ifcfg-eth0 (3e5e344b-02e4-4c6b-a641-bff748ab95dd,"eth0")
20:47:02,845 DEBUG NetworkManager:<debug> [1526503622.8435] ifcfg-rh: loading from file "/etc/sysconfig/network-scripts/ifcfg-lo"...
20:47:02,845 DEBUG NetworkManager:<debug> [1526503622.8435] ifcfg-rh: loading "/etc/sysconfig/network-scripts/ifcfg-lo" fails: Ignoring loopback device config.
20:47:02,846 DEBUG NetworkManager:<debug> [1526503622.8436] settings-connection[0x7fecec0065f0,3e5e344b-02e4-4c6b-a641-bff748ab95dd]: failed to read connection timestamp: No such file or directory
20:47:02,846 DEBUG NetworkManager:<debug> [1526503622.8453] ++ connection 'new connection' (0x7fecec0065f0/NMIfcfgConnection/"802-3-ethernet"): [/org/freedesktop/NetworkManager/Settings/1]
20:47:02,846 DEBUG NetworkManager:<debug> [1526503622.8453] ++ connection                [ 0x55a721018240 ]
20:47:02,846 DEBUG NetworkManager:<debug> [1526503622.8453] ++ connection.id             = 'eth0'
20:47:02,846 DEBUG NetworkManager:<debug> [1526503622.8454] ++ connection.permissions    = []
20:47:02,847 DEBUG NetworkManager:<debug> [1526503622.8454] ++ connection.type           = '802-3-ethernet'
20:47:02,847 DEBUG NetworkManager:<debug> [1526503622.8454] ++ connection.uuid           = '3e5e344b-02e4-4c6b-a641-bff748ab95dd'
20:47:02,847 DEBUG NetworkManager:<debug> [1526503622.8454] ++ 802-3-ethernet            [ 0x55a72102b590 ]
20:47:02,847 DEBUG NetworkManager:<debug> [1526503622.8454] ++ 802-3-ethernet.mac-address = '52:54:00:4A:D4:7F'
20:47:02,848 DEBUG NetworkManager:<debug> [1526503622.8454] ++ 802-3-ethernet.mac-address-blacklist = []
20:47:02,848 DEBUG NetworkManager:<debug> [1526503622.8454] ++ 802-3-ethernet.s390-options = ((GHashTable*) 0x55a7210688c0)
20:47:02,848 DEBUG NetworkManager:<debug> [1526503622.8455] ++ ipv4                      [ 0x55a721018780 ]
20:47:02,848 DEBUG NetworkManager:<debug> [1526503622.8455] ++ ipv4.addresses            = ((GPtrArray*) 0x55a72105e360)
20:47:02,848 DEBUG NetworkManager:<debug> [1526503622.8455] ++ ipv4.dns                  = []
20:47:02,849 DEBUG NetworkManager:<debug> [1526503622.8455] ++ ipv4.dns-search           = []
20:47:02,849 DEBUG NetworkManager:<debug> [1526503622.8455] ++ ipv4.method               = 'auto'
20:47:02,849 DEBUG NetworkManager:<debug> [1526503622.8455] ++ ipv4.routes               = ((GPtrArray*) 0x55a72105e100)
20:47:02,849 DEBUG NetworkManager:<debug> [1526503622.8456] ++ ipv6                      [ 0x55a7210186c0 ]
20:47:02,851 DEBUG NetworkManager:<debug> [1526503622.8456] ++ ipv6.addr-gen-mode        = 0
20:47:02,851 DEBUG NetworkManager:<debug> [1526503622.8456] ++ ipv6.addresses            = ((GPtrArray*) 0x55a72105e040)
20:47:02,852 DEBUG NetworkManager:<debug> [1526503622.8456] ++ ipv6.dns                  = []
20:47:02,852 DEBUG NetworkManager:<debug> [1526503622.8456] ++ ipv6.dns-search           = []
20:47:02,852 DEBUG NetworkManager:<debug> [1526503622.8456] ++ ipv6.method               = 'auto'
20:47:02,852 DEBUG NetworkManager:<debug> [1526503622.8456] ++ ipv6.routes               = ((GPtrArray*) 0x55a72105e440)
20:47:02,853 INFO NetworkManager:<info>  [1526503622.8459] manager: rfkill: WiFi enabled by radio killswitch; enabled by state file
20:47:02,853 INFO NetworkManager:<info>  [1526503622.8459] manager: rfkill: WWAN enabled by radio killswitch; enabled by state file
20:47:02,853 INFO NetworkManager:<info>  [1526503622.8459] manager: Networking is enabled by state file
20:47:02,853 DEBUG NetworkManager:<debug> [1526503622.8459] dispatcher: (1) dispatching action 'hostname'
20:47:02,854 DEBUG NetworkManager:<debug> [1526503622.8463] dhcp-init: enabled DHCP client 'dhclient' (NMDhcpDhclient)
20:47:02,854 DEBUG NetworkManager:<debug> [1526503622.8463] dhcp-init: enabled DHCP client 'internal' (NMDhcpSystemd)
20:47:02,855 INFO NetworkManager:<info>  [1526503622.8464] dhcp-init: Using DHCP client 'dhclient'
20:47:02,855 DEBUG NetworkManager:<debug> [1526503622.8464] create NMDhcpManager singleton (0x7fecf0005cc0)
20:47:02,855 INFO NetworkManager:<info>  [1526503622.8466] Loaded device plugin: NMBondDeviceFactory (internal)
20:47:02,855 INFO NetworkManager:<info>  [1526503622.8466] Loaded device plugin: NMBridgeDeviceFactory (internal)
20:47:02,855 INFO NetworkManager:<info>  [1526503622.8466] Loaded device plugin: NMDummyDeviceFactory (internal)
20:47:02,856 INFO NetworkManager:<info>  [1526503622.8466] Loaded device plugin: NMEthernetDeviceFactory (internal)
20:47:02,856 INFO NetworkManager:<info>  [1526503622.8466] Loaded device plugin: NMInfinibandDeviceFactory (internal)
20:47:02,856 INFO NetworkManager:<info>  [1526503622.8467] Loaded device plugin: NMIPTunnelDeviceFactory (internal)
20:47:02,856 INFO NetworkManager:<info>  [1526503622.8467] Loaded device plugin: NMMacsecDeviceFactory (internal)
20:47:02,856 INFO NetworkManager:<info>  [1526503622.8467] Loaded device plugin: NMMacvlanDeviceFactory (internal)
20:47:02,857 INFO NetworkManager:<info>  [1526503622.8467] Loaded device plugin: NMPppDeviceFactory (internal)
20:47:02,860 INFO NetworkManager:<info>  [1526503622.8467] Loaded device plugin: NMTunDeviceFactory (internal)
20:47:02,860 INFO NetworkManager:<info>  [1526503622.8467] Loaded device plugin: NMVethDeviceFactory (internal)
20:47:02,861 INFO NetworkManager:<info>  [1526503622.8468] Loaded device plugin: NMVlanDeviceFactory (internal)
20:47:02,861 INFO NetworkManager:<info>  [1526503622.8468] Loaded device plugin: NMVxlanDeviceFactory (internal)
20:47:02,862 INFO nm-dispatcher:req:1 'hostname': new request (4 scripts)
20:47:02,862 DEBUG nm-dispatcher:req:1 'hostname': environment: PATH=/usr/local/sbin:/usr/local/bin:/usr/sbin:/usr/bin
20:47:02,863 INFO nm-dispatcher:req:1 'hostname': start running ordered scripts...
20:47:02,863 DEBUG nm-dispatcher:req:1 'hostname', "/etc/NetworkManager/dispatcher.d/00-netreport": run script
20:47:02,863 INFO NetworkManager:<info>  [1526503622.8527] Loaded device plugin: NMWifiFactory (/usr/lib64/NetworkManager/libnm-device-plugin-wifi.so)
20:47:02,864 INFO NetworkManager:<info>  [1526503622.8589] Loaded device plugin: NMTeamFactory (/usr/lib64/NetworkManager/libnm-device-plugin-team.so)
20:47:02,864 DEBUG NetworkManager:<debug> [1526503622.8595] device[0x55a72107d720] (lo): unmanaged: flags set to [platform-init,by-default=0x110/0x110/unmanaged/unrealized], set-unmanaged [by-default=0x100])
20:47:02,864 DEBUG NetworkManager:<debug> [1526503622.8596] device[0x55a72107d720] (lo): constructed (NMDeviceGeneric)
20:47:02,864 DEBUG NetworkManager:<debug> [1526503622.8596] device[0x55a72107d720] (lo): start setup of NMDeviceGeneric, kernel ifindex 1
20:47:02,865 DEBUG NetworkManager:<debug> [1526503622.8596] device[0x55a72107d720] (lo): assume-state: set guess-assume=1, connection=(null)
20:47:02,865 DEBUG NetworkManager:<debug> [1526503622.8597] platform-linux: error reading net:/sys/class/net/lo/phys_port_id: error reading 4096 bytes from file descriptor: Operation not supported
20:47:02,865 DEBUG NetworkManager:<debug> [1526503622.8598] platform-linux: sysctl: reading 'net:/sys/class/net/lo/dev_id': '0x0'
20:47:02,866 DEBUG NetworkManager:<debug> [1526503622.8599] platform-linux: error reading net:/sys/class/net/lo/device/sriov_totalvfs: Failed to open file "device/sriov_totalvfs" with openat: No such file or directory
20:47:02,866 DEBUG NetworkManager:<debug> [1526503622.8599] device[0x55a72107d720] (lo): hw-addr: hardware address now 00:00:00:00:00:00
20:47:02,866 DEBUG NetworkManager:<debug> [1526503622.8599] device[0x55a72107d720] (lo): hw-addr: update initial MAC address 00:00:00:00:00:00
20:47:02,866 DEBUG NetworkManager:<debug> [1526503622.8599] device[0x55a72107d720] (lo): hw-addr: unable to read permanent MAC address (use current: 00:00:00:00:00:00)
20:47:02,866 INFO NetworkManager:<info>  [1526503622.8600] device (lo): carrier: link connected
20:47:02,867 DEBUG NetworkManager:<debug> [1526503622.8600] device[0x55a72107d720] (lo): unmanaged: flags set to [platform-init,by-default,!external-down=0x110/0x910/unmanaged/unrealized], set-managed [external-down=0x800])
20:47:02,867 DEBUG NetworkManager:<debug> [1526503622.8600] device[0x55a72107d720] (lo): unmanaged: flags set to [loopback,platform-init,by-default,!external-down=0x118/0x918/unmanaged/unrealized], set-unmanaged [loopback=0x8])
20:47:02,867 DEBUG NetworkManager:<debug> [1526503622.8600] device[0x55a72107d720] (lo): unmanaged: flags set to [loopback,platform-init,by-default,!user-settings,!external-down=0x118/0x958/unmanaged/unrealized], set-managed [user-settings=0x40])
20:47:02,867 DEBUG NetworkManager:<debug> [1526503622.8600] device[0x55a72107d720] (lo): unmanaged: flags set to [loopback,by-default,!platform-init,!user-settings,!external-down=0x108/0x958/unmanaged/unrealized], set-managed [platform-init=0x10])
20:47:02,868 DEBUG NetworkManager:<debug> [1526503622.8600] device[0x55a72107d720] (lo): unmanaged: flags set to [loopback,by-default,!sleeping,!platform-init,!user-settings,!external-down=0x108/0x959/unmanaged/unrealized], set-managed [sleeping=0x1])
20:47:02,868 INFO NetworkManager:<info>  [1526503622.8609] manager: (lo): new Generic device (/org/freedesktop/NetworkManager/Devices/1)
20:47:02,868 DEBUG NetworkManager:<debug> [1526503622.8616] device[0x55a72107d720] (lo): assume-state: set guess-assume=0, connection=(null)
20:47:02,868 DEBUG NetworkManager:<debug> [1526503622.8618] device[0x55a721089950] (eth0): constructed (NMDeviceEthernet)
20:47:02,869 DEBUG NetworkManager:<debug> [1526503622.8618] device[0x55a721089950] (eth0): start setup of NMDeviceEthernet, kernel ifindex 2
20:47:02,869 DEBUG NetworkManager:<debug> [1526503622.8619] device[0x55a721089950] (eth0): assume-state: set guess-assume=1, connection=(null)
20:47:02,869 DEBUG NetworkManager:<debug> [1526503622.8619] platform-linux: error reading net:/sys/class/net/eth0/phys_port_id: error reading 4096 bytes from file descriptor: Operation not supported
20:47:02,869 DEBUG NetworkManager:<debug> [1526503622.8620] platform-linux: sysctl: reading 'net:/sys/class/net/eth0/dev_id': '0x0'
20:47:02,870 DEBUG NetworkManager:<debug> [1526503622.8620] platform-linux: error reading net:/sys/class/net/eth0/device/sriov_totalvfs: Failed to open file "device/sriov_totalvfs" with openat: No such file or directory
20:47:02,870 DEBUG NetworkManager:<debug> [1526503622.8621] device[0x55a721089950] (eth0): hw-addr: hardware address now 52:54:00:4A:D4:7F
20:47:02,870 DEBUG NetworkManager:<debug> [1526503622.8621] device[0x55a721089950] (eth0): hw-addr: update initial MAC address 52:54:00:4A:D4:7F
20:47:02,872 DEBUG NetworkManager:<debug> [1526503622.8621] device[0x55a721089950] (eth0): hw-addr: read permanent MAC address '52:54:00:4A:D4:7F'
20:47:02,872 WARNING systemd:Cannot add dependency job for unit rhel-loadmodules.service, ignoring: Unit is masked.
20:47:02,872 INFO NetworkManager:<info>  [1526503622.8621] device (eth0): carrier: link connected
20:47:02,876 WARNING systemd:Cannot add dependency job for unit rhel-autorelabel.service, ignoring: Unit is masked.
20:47:02,876 DEBUG NetworkManager:<debug> [1526503622.8622] device[0x55a721089950] (eth0): unmanaged: flags set to [platform-init,!loopback=0x10/0x18/unmanaged/unrealized], set-managed [loopback=0x8])
20:47:02,876 WARNING systemd:Cannot add dependency job for unit systemd-tmpfiles-clean.timer, ignoring: Unit is masked.
20:47:02,876 DEBUG NetworkManager:<debug> [1526503622.8622] device[0x55a721089950] (eth0): unmanaged: flags set to [platform-init,!loopback,!user-settings=0x10/0x58/unmanaged/unrealized], set-managed [user-settings=0x40])
20:47:02,877 INFO systemd:Starting Authorization Manager...
20:47:02,877 DEBUG NetworkManager:<debug> [1526503622.8622] device[0x55a721089950] (eth0): unmanaged: flags set to [!loopback,!platform-init,!user-settings=0x0/0x58/managed/unrealized], set-managed [platform-init=0x10])
20:47:02,877 DEBUG NetworkManager:<debug> [1526503622.8622] device[0x55a721089950] (eth0): unmanaged: flags set to [!sleeping,!loopback,!platform-init,!user-settings=0x0/0x59/managed/unrealized], set-managed [sleeping=0x1])
20:47:02,877 INFO NetworkManager:<info>  [1526503622.8631] manager: (eth0): new Ethernet device (/org/freedesktop/NetworkManager/Devices/2)
20:47:02,878 DEBUG NetworkManager:<debug> [1526503622.8642] device[0x55a721089950] (eth0): ip4-config: update (commit=0, new-config=0x55a721095380)
20:47:02,878 DEBUG NetworkManager:<debug> [1526503622.8647] device[0x55a721089950] (eth0): ip4-config: set IP4Config instance (/org/freedesktop/NetworkManager/IP4Config/1)
20:47:02,878 DEBUG NetworkManager:<debug> [1526503622.8647] dns-mgr: (device_ip4_config_changed): queueing DNS updates (1)
20:47:02,878 DEBUG NetworkManager:<debug> [1526503622.8647] dns-mgr: (device_ip4_config_changed): DNS configuration did not change
20:47:02,878 DEBUG NetworkManager:<debug> [1526503622.8647] dns-mgr: (device_ip4_config_changed): no DNS changes to commit (0)
20:47:02,879 DEBUG NetworkManager:<debug> [1526503622.8651] device[0x55a721089950] (eth0): ip6-config: update (commit=0, new-config=0x55a72109c280)
20:47:02,879 DEBUG NetworkManager:<debug> [1526503622.8655] device[0x55a721089950] (eth0): ip6-config: set IP6Config instance (/org/freedesktop/NetworkManager/IP6Config/1)
20:47:02,879 DEBUG NetworkManager:<debug> [1526503622.8655] dns-mgr: (device_ip6_config_changed): queueing DNS updates (1)
20:47:02,879 DEBUG NetworkManager:<debug> [1526503622.8656] dns-mgr: (device_ip6_config_changed): DNS configuration did not change
20:47:02,880 DEBUG NetworkManager:<debug> [1526503622.8656] dns-mgr: (device_ip6_config_changed): no DNS changes to commit (0)
20:47:02,888 INFO NetworkManager:<info>  [1526503622.8661] manager: (eth0): assume: will attempt to assume matching connection 'eth0' (3e5e344b-02e4-4c6b-a641-bff748ab95dd) (guessed)
20:47:02,888 DEBUG NetworkManager:<debug> [1526503622.8662] device[0x55a721089950] (eth0): assume-state: set guess-assume=0, connection=(null)
20:47:02,888 INFO NetworkManager:<info>  [1526503622.8662] device (eth0): state change: unmanaged -> unavailable (reason 'connection-assumed', sys-iface-state: 'assume')
20:47:02,888 DEBUG NetworkManager:<debug> [1526503622.8664] platform-linux: sysctl: reading '/proc/sys/net/ipv6/conf/eth0/accept_ra': '1'
20:47:02,889 DEBUG NetworkManager:<debug> [1526503622.8664] platform-linux: sysctl: reading '/proc/sys/net/ipv6/conf/eth0/accept_ra_defrtr': '1'
20:47:02,889 DEBUG NetworkManager:<debug> [1526503622.8665] platform-linux: sysctl: reading '/proc/sys/net/ipv6/conf/eth0/accept_ra_pinfo': '1'
20:47:02,889 DEBUG NetworkManager:<debug> [1526503622.8665] platform-linux: sysctl: reading '/proc/sys/net/ipv6/conf/eth0/accept_ra_rtr_pref': '1'
20:47:02,890 DEBUG NetworkManager:<debug> [1526503622.8665] platform-linux: sysctl: reading '/proc/sys/net/ipv6/conf/eth0/forwarding': '0'
20:47:02,890 DEBUG NetworkManager:<debug> [1526503622.8665] platform-linux: sysctl: reading '/proc/sys/net/ipv6/conf/eth0/disable_ipv6': '0'
20:47:02,890 DEBUG NetworkManager:<debug> [1526503622.8666] platform-linux: sysctl: reading '/proc/sys/net/ipv6/conf/eth0/hop_limit': '64'
20:47:02,891 DEBUG NetworkManager:<debug> [1526503622.8666] platform-linux: sysctl: reading '/proc/sys/net/ipv6/conf/eth0/use_tempaddr': '0'
20:47:02,891 DEBUG NetworkManager:<debug> [1526503622.8669] device[0x55a721089950] (eth0): add_pending_action (1): 'recheck-available'
20:47:02,891 INFO NetworkManager:<info>  [1526503622.8670] device (eth0): state change: unavailable -> disconnected (reason 'connection-assumed', sys-iface-state: 'assume')
20:47:02,891 DEBUG NetworkManager:<debug> [1526503622.8679] device[0x55a721089950] (eth0): add_pending_action (2): 'autoactivate'
20:47:02,892 DEBUG NetworkManager:<debug> [1526503622.8682] active-connection[0x55a72109c420]: set device "eth0" [0x55a721089950]
20:47:02,893 DEBUG NetworkManager:<debug> [1526503622.8682] device[0x55a721089950] (eth0): add_pending_action (3): 'activation-0x55a72109c420'
20:47:02,893 DEBUG NetworkManager:<debug> [1526503622.8685] active-connection[0x55a72109c420]: constructed (NMActRequest, version-id 1, type assume)
20:47:02,893 INFO NetworkManager:<info>  [1526503622.8692] device (eth0): Activation: starting connection 'eth0' (3e5e344b-02e4-4c6b-a641-bff748ab95dd)
20:47:02,893 DEBUG NetworkManager:<debug> [1526503622.8692] device[0x55a721089950] (eth0): activation-stage: schedule activate_stage1_device_prepare,v4 (id 39)
20:47:02,895 DEBUG NetworkManager:<debug> [1526503622.8696] create NMVpnManager singleton (0x7fecf00040a0)
20:47:02,895 DEBUG NetworkManager:<debug> [1526503622.8696] manager: creating virtual devices...
20:47:02,896 DEBUG NetworkManager:<debug> [1526503622.8696] setting up local loopback
20:47:02,896 DEBUG NetworkManager:<debug> [1526503622.8696] platform: link: setting up "lo" (1)
20:47:02,896 DEBUG NetworkManager:<debug> [1526503622.8696] platform-linux: link: change 1: flags: set 0x1/0x1 ([up] / [up])
20:47:02,896 DEBUG NetworkManager:<debug> [1526503622.8696] platform-linux: do-request-link: 1
20:47:02,896 DEBUG NetworkManager:<debug> [1526503622.8697] platform-linux: do-change-link[1]: success changing link: success
20:47:02,897 NOTICE dbus:[system] Activating via systemd: service name='org.freedesktop.PolicyKit1' unit='polkit.service'
20:47:02,897 DEBUG NetworkManager:<debug> [1526503622.8742] sleep-monitor-sd: inhibit: taking sleep inhibitor...
20:47:02,897 DEBUG NetworkManager:<debug> [1526503622.8792] ifcfg-rh: dbus: aquired D-Bus service com.redhat.ifcfgrh1 and exported /com/redhat/ifcfgrh1 object
20:47:02,897 DEBUG NetworkManager:<debug> [1526503622.8853] sleep-monitor-sd: inhibit: inhibitor fd is 17
20:47:02,897 DEBUG NetworkManager:<debug> [1526503622.8854] firewall: firewall initialized (not running)
20:47:02,898 DEBUG NetworkManager:<debug> [1526503622.8856] device[0x55a72107d720] (lo): ip4-config: update (commit=0, new-config=0x55a721095600)
20:47:02,898 DEBUG NetworkManager:<debug> [1526503622.8860] device[0x55a72107d720] (lo): ip4-config: set IP4Config instance (/org/freedesktop/NetworkManager/IP4Config/2)
20:47:02,898 DEBUG NetworkManager:<debug> [1526503622.8860] dns-mgr: (device_ip4_config_changed): queueing DNS updates (1)
20:47:02,898 DEBUG NetworkManager:<debug> [1526503622.8860] dns-mgr: (device_ip4_config_changed): DNS configuration did not change
20:47:02,898 DEBUG NetworkManager:<debug> [1526503622.8860] dns-mgr: (device_ip4_config_changed): no DNS changes to commit (0)
20:47:02,899 DEBUG NetworkManager:<debug> [1526503622.8861] device[0x55a72107d720] (lo): ip6-config: update (commit=0, new-config=0x55a72109c700)
20:47:02,899 DEBUG NetworkManager:<debug> [1526503622.8863] device[0x55a72107d720] (lo): ip6-config: set IP6Config instance (/org/freedesktop/NetworkManager/IP6Config/2)
20:47:02,899 DEBUG NetworkManager:<debug> [1526503622.8864] dns-mgr: (device_ip6_config_changed): queueing DNS updates (1)
20:47:02,899 DEBUG NetworkManager:<debug> [1526503622.8864] dns-mgr: (device_ip6_config_changed): DNS configuration did not change
20:47:02,900 DEBUG NetworkManager:<debug> [1526503622.8864] dns-mgr: (device_ip6_config_changed): no DNS changes to commit (0)
20:47:02,900 DEBUG NetworkManager:<debug> [1526503622.8866] device[0x55a721089950] (eth0): ip4-config: update (commit=0, new-config=0x55a721095740)
20:47:02,900 DEBUG NetworkManager:<debug> [1526503622.8866] device[0x55a721089950] (eth0): ip6-config: update (commit=0, new-config=0x55a72109ca60)
20:47:02,900 DEBUG NetworkManager:<debug> [1526503622.8868] device[0x55a721089950] (eth0): remove_pending_action (2): 'recheck-available'
20:47:02,905 DEBUG NetworkManager:<debug> [1526503622.8868] device[0x55a721089950] (eth0): remove_pending_action (1): 'autoactivate'
20:47:02,905 DEBUG NetworkManager:<debug> [1526503622.8868] device[0x55a721089950] (eth0): activation-stage: invoke activate_stage1_device_prepare,v4 (id 39)
20:47:02,905 INFO NetworkManager:<info>  [1526503622.8869] device (eth0): state change: disconnected -> prepare (reason 'none', sys-iface-state: 'assume')
20:47:02,905 DEBUG NetworkManager:<debug> [1526503622.8870] active-connection[0x55a72109c420]: set state activating (was unknown)
20:47:02,905 DEBUG NetworkManager:<debug> [1526503622.8870] active-connection[0x55a72109c420]: check-master-ready: not signalling (state activating, no master)
20:47:02,906 DEBUG NetworkManager:<debug> [1526503622.8870] manager: ActivatingConnection now eth0
20:47:02,906 DEBUG NetworkManager:<debug> [1526503622.8871] device[0x55a721089950] (eth0): activation-stage: schedule activate_stage2_device_config,v4 (id 79)
20:47:02,906 DEBUG NetworkManager:<debug> [1526503622.8871] device[0x55a721089950] (eth0): activation-stage: complete activate_stage1_device_prepare,v4 (id 39)
20:47:02,906 DEBUG NetworkManager:<debug> [1526503622.8872] manager: (lo): assume: don't assume because not managed
20:47:02,906 DEBUG NetworkManager:<debug> [1526503622.8874] device[0x55a721089950] (eth0): activation-stage: invoke activate_stage2_device_config,v4 (id 79)
20:47:02,907 INFO NetworkManager:<info>  [1526503622.8874] device (eth0): state change: prepare -> config (reason 'none', sys-iface-state: 'assume')
20:47:02,907 DEBUG NetworkManager:<debug> [1526503622.8875] firewall: [0x7fecec00c370,change*:"eth0"]: firewall zone change eth0:default (not running, simulate success)
20:47:02,908 DEBUG NetworkManager:<debug> [1526503622.8875] device[0x55a721089950] (eth0): activation-stage: complete activate_stage2_device_config,v4 (id 79)
20:47:02,908 DEBUG NetworkManager:<debug> [1526503622.8877] firewall: [0x7fecec00c370,change*:"eth0"]: complete: fake success
20:47:02,908 DEBUG NetworkManager:<debug> [1526503622.8877] device[0x55a721089950] (eth0): activation-stage: schedule activate_stage3_ip_config_start,v4 (id 84)
20:47:02,909 DEBUG NetworkManager:<debug> [1526503622.8877] device[0x55a721089950] (eth0): activation-stage: invoke activate_stage3_ip_config_start,v4 (id 84)
20:47:02,909 DEBUG NetworkManager:<debug> [1526503622.8877] active-connection[0x55a72109c420]: set state-flags layer2-ready (was none)
20:47:02,909 INFO NetworkManager:<info>  [1526503622.8877] device (eth0): state change: config -> ip-config (reason 'none', sys-iface-state: 'assume')
20:47:02,909 DEBUG NetworkManager:<debug> [1526503622.8922] bus-manager: (dhcp) creating private socket unix:path=/var/run/NetworkManager/private-dhcp
20:47:02,910 DEBUG NetworkManager:<debug> [1526503622.8926] create NMDhcpListener singleton (0x55a7210c54c0)
20:47:02,910 INFO NetworkManager:<info>  [1526503622.8926] dhcp4 (eth0): activation: beginning transaction (timeout in 45 seconds)
20:47:02,910 DEBUG NetworkManager:<debug> [1526503622.8926] dhcp4 (eth0): creating composite dhclient config /var/lib/NetworkManager/dhclient-eth0.conf
20:47:02,910 DEBUG NetworkManager:<debug> [1526503622.8926] dhcp4 (eth0): looking for existing config /etc/NetworkManager/dhclient-3e5e344b-02e4-4c6b-a641-bff748ab95dd.conf
20:47:02,910 DEBUG NetworkManager:<debug> [1526503622.8927] dhcp4 (eth0): looking for existing config /etc/NetworkManager/dhclient-eth0.conf
20:47:02,911 DEBUG NetworkManager:<debug> [1526503622.8927] dhcp4 (eth0): looking for existing config /etc/NetworkManager/dhclient.conf
20:47:02,911 DEBUG NetworkManager:<debug> [1526503622.8927] dhcp4 (eth0): looking for existing config /etc/dhcp/dhclient-eth0.conf
20:47:02,911 DEBUG NetworkManager:<debug> [1526503622.8938] dhcp4 (eth0): looking for existing config /etc/dhclient-eth0.conf
20:47:02,911 DEBUG NetworkManager:<debug> [1526503622.8938] dhcp4 (eth0): looking for existing config /etc/dhcp/dhclient.conf
20:47:02,911 DEBUG NetworkManager:<debug> [1526503622.8939] dhcp4 (eth0): looking for existing config /etc/dhclient.conf
20:47:02,912 DEBUG NetworkManager:<debug> [1526503622.8939] dhcp4 (eth0): merging existing dhclient config /etc/dhclient.conf
20:47:02,912 DEBUG NetworkManager:<debug> [1526503622.8944] dhcp4 (eth0): running: /sbin/dhclient -d -q -sf /usr/libexec/nm-dhcp-helper -pf /var/run/dhclient-eth0.pid -lf /var/lib/NetworkManager/dhclient-3e5e344b-02e4-4c6b-a641-bff748ab95dd-eth0.lease -cf /var/lib/NetworkManager/dhclient-eth0.conf eth0
20:47:02,913 DEBUG nm-dispatcher:req:1 'hostname', "/etc/NetworkManager/dispatcher.d/00-netreport": complete
20:47:02,913 DEBUG nm-dispatcher:req:1 'hostname', "/etc/NetworkManager/dispatcher.d/04-iscsi": run script
20:47:02,921 INFO NetworkManager:<info>  [1526503622.9204] dhcp4 (eth0): dhclient started with pid 1419
20:47:02,921 DEBUG NetworkManager:<debug> [1526503622.9207] device[0x55a721089950] (eth0): add_pending_action (2): 'dhcp4'
20:47:02,921 DEBUG NetworkManager:<debug> [1526503622.9207] platform-linux: sysctl: setting '/proc/sys/net/ipv6/conf/eth0/disable_ipv6' to '0' (current value is identical)
20:47:02,921 DEBUG NetworkManager:<debug> [1526503622.9209] platform-linux: sysctl: reading '/proc/sys/net/ipv6/conf/default/use_tempaddr': '0'
20:47:02,923 DEBUG nm-dispatcher:req:1 'hostname', "/etc/NetworkManager/dispatcher.d/04-iscsi": complete
20:47:02,923 DEBUG nm-dispatcher:req:1 'hostname', "/etc/NetworkManager/dispatcher.d/11-dhclient": run script
20:47:02,931 DEBUG NetworkManager:<debug> [1526503622.9301] platform-linux: sysctl: reading '/proc/sys/net/ipv6/conf/eth0/router_solicitation_interval': '4'
20:47:02,932 DEBUG NetworkManager:<debug> [1526503622.9301] platform-linux: sysctl: reading '/proc/sys/net/ipv6/conf/eth0/router_solicitations': '3'
20:47:02,932 DEBUG NetworkManager:<debug> [1526503622.9302] platform-linux: sysctl: reading '/proc/sys/net/ipv6/conf/eth0/max_addresses': '16'
20:47:02,932 DEBUG NetworkManager:<debug> [1526503622.9304] device[0x55a721089950] (eth0): addrconf6: using the device EUI-64 identifier
20:47:02,932 DEBUG NetworkManager:<debug> [1526503622.9305] device[0x55a721089950] (eth0): ip6-config: update (commit=1, new-config=0x55a72109c040)
20:47:02,933 DEBUG NetworkManager:<debug> [1526503622.9305] platform-linux: kernel-support: extended-ifa-flags: unable to detect kernel support for handling IPv6 temporary addresses. Assume support
20:47:02,933 DEBUG NetworkManager:<debug> [1526503622.9305] platform: address: adding or updating IPv6 address: fe80::5054:ff:fe4a:d47f/64 lft forever pref forever lifetime 1-0[4294967295,4294967295] dev 2 flags permanent,noprefixroute src unknown
20:47:02,933 DEBUG NetworkManager:<debug> [1526503622.9306] platform: signal: address 6 changed: fe80::5054:ff:fe4a:d47f/64 lft forever pref forever lifetime 1-0[4294967295,4294967295] dev 2 flags permanent,noprefixroute src kernel
20:47:02,933 DEBUG NetworkManager:<debug> [1526503622.9306] device[0x55a721089950] (eth0): queued IP6 config change
20:47:02,933 DEBUG NetworkManager:<debug> [1526503622.9307] platform: signal: route   6 removed: fe80::/64 via :: dev 2 metric 256 mss 0 rt-src rt-kernel
20:47:02,934 DEBUG NetworkManager:<debug> [1526503622.9307] platform-linux: do-add-ip6-address[2: fe80::5054:ff:fe4a:d47f]: success
20:47:02,934 DEBUG NetworkManager:<debug> [1526503622.9307] platform: route: append     IPv6 route: fe80::/64 via :: dev 2 metric 256 mss 0 rt-src rt-kernel
20:47:02,934 DEBUG NetworkManager:<debug> [1526503622.9308] platform: signal: route   6   added: fe80::/64 via :: dev 2 metric 256 mss 0 rt-src rt-kernel
20:47:02,934 DEBUG NetworkManager:<debug> [1526503622.9308] platform-linux: do-add-ip6-route[fe80::/64 via :: dev 2 metric 256 mss 0 rt-src rt-kernel]: success
20:47:02,934 DEBUG NetworkManager:<debug> [1526503622.9308] platform: route: append     IPv6 route: fe80::/64 via :: dev 2 metric 100 mss 0 rt-src rt-kernel
20:47:02,935 DEBUG NetworkManager:<debug> [1526503622.9308] platform: signal: route   6   added: fe80::/64 via :: dev 2 metric 100 mss 0 rt-src rt-kernel
20:47:02,935 DEBUG NetworkManager:<debug> [1526503622.9309] platform-linux: do-add-ip6-route[fe80::/64 via :: dev 2 metric 100 mss 0 rt-src rt-kernel]: success
20:47:02,935 DEBUG NetworkManager:<debug> [1526503622.9311] device[0x55a721089950] (eth0): ip6-config: update IP6Config instance (/org/freedesktop/NetworkManager/IP6Config/1)
20:47:02,935 DEBUG NetworkManager:<debug> [1526503622.9311] dns-mgr: (device_ip6_config_changed): queueing DNS updates (1)
20:47:02,935 DEBUG NetworkManager:<debug> [1526503622.9311] dns-mgr: (device_ip6_config_changed): DNS configuration did not change
20:47:02,936 DEBUG NetworkManager:<debug> [1526503622.9311] dns-mgr: (device_ip6_config_changed): no DNS changes to commit (0)
20:47:02,936 DEBUG NetworkManager:<debug> [1526503622.9311] platform-linux: sysctl: setting '/proc/sys/net/ipv6/conf/eth0/accept_ra' to '1' (current value is identical)
20:47:02,936 DEBUG NetworkManager:<debug> [1526503622.9312] platform-linux: sysctl: setting '/proc/sys/net/ipv6/conf/eth0/accept_ra_defrtr' to '0' (current value is '1')
20:47:02,939 DEBUG NetworkManager:<debug> [1526503622.9312] platform-linux: sysctl: setting '/proc/sys/net/ipv6/conf/eth0/accept_ra_pinfo' to '0' (current value is '1')
20:47:02,940 DEBUG NetworkManager:<debug> [1526503622.9312] platform-linux: sysctl: setting '/proc/sys/net/ipv6/conf/eth0/accept_ra_rtr_pref' to '0' (current value is '1')
20:47:02,940 DEBUG NetworkManager:<debug> [1526503622.9313] ndisc[0x55a72109cb00,"eth0"]: starting neighbor discovery: 2
20:47:02,940 DEBUG NetworkManager:<debug> [1526503622.9313] ndisc-lndp[0x55a72109cb00,"eth0"]: processing libndp events
20:47:02,940 DEBUG NetworkManager:<debug> [1526503622.9313] ndisc[0x55a72109cb00,"eth0"]: scheduling RA timeout in 30 seconds
20:47:02,945 DEBUG NetworkManager:<debug> [1526503622.9313] ndisc[0x55a72109cb00,"eth0"]: scheduling explicit router solicitation request in 0 seconds.
